
> ergo-blockchain@0.1.0 build
> next build

   ▲ Next.js 15.5.2
   - Experiments (use with caution):
     ✓ optimizeCss
     ✓ webpackBuildWorker
     · optimizePackageImports

   Creating an optimized production build ...
 ✓ Compiled successfully in 77s
   Linting and checking validity of types ...

Failed to compile.

./app/[locale]/blog/[slug]/BlogPostClient.tsx
4:108  Warning: 'Share2' is defined but never used.  unused-imports/no-unused-imports
4:108  Warning: 'Share2' is defined but never used. Allowed unused vars must match /^_/u.  @typescript-eslint/no-unused-vars
4:116  Warning: 'Hash' is defined but never used.  unused-imports/no-unused-imports
4:116  Warning: 'Hash' is defined but never used. Allowed unused vars must match /^_/u.  @typescript-eslint/no-unused-vars
4:135  Warning: 'CheckCircle' is defined but never used.  unused-imports/no-unused-imports
4:135  Warning: 'CheckCircle' is defined but never used. Allowed unused vars must match /^_/u.  @typescript-eslint/no-unused-vars
16:3  Warning: 'WatermarkHex' is defined but never used.  unused-imports/no-unused-imports
16:3  Warning: 'WatermarkHex' is defined but never used. Allowed unused vars must match /^_/u.  @typescript-eslint/no-unused-vars
129:7  Warning: Unexpected console statement.  no-console

./app/[locale]/blog/[slug]/page.tsx
7:30  Warning: 'generatePageMetadata' is defined but never used.  unused-imports/no-unused-imports
7:30  Warning: 'generatePageMetadata' is defined but never used. Allowed unused vars must match /^_/u.  @typescript-eslint/no-unused-vars
8:1  Warning: '@/components/seo/page-metadata' import is duplicated.  no-duplicate-imports
8:10  Warning: 'PageMetadata' is defined but never used.  unused-imports/no-unused-imports
8:10  Warning: 'PageMetadata' is defined but never used. Allowed unused vars must match /^_/u.  @typescript-eslint/no-unused-vars

./app/[locale]/blog/_components/blog-actions.tsx
65:5  Warning: Unexpected alert.  no-alert
83:7  Warning: Unexpected alert.  no-alert
91:45  Warning: Unexpected any. Specify a different type.  @typescript-eslint/no-explicit-any
109:16  Warning: 'err' is defined but never used.  unused-imports/no-unused-vars
109:16  Warning: 'err' is defined but never used.  @typescript-eslint/no-unused-vars
110:9  Warning: Unexpected console statement.  no-console
115:7  Warning: Unexpected alert.  no-alert

./app/[locale]/blog/_components/blog-categories.tsx
17:1  Warning: '../_lib/blog-data' import is duplicated.  no-duplicate-imports
41:55  Warning: Unexpected any. Specify a different type.  @typescript-eslint/no-explicit-any

./app/[locale]/blog/_components/blog-client-advanced.tsx
5:20  Warning: 'TrendingUp' is defined but never used.  unused-imports/no-unused-imports
5:20  Warning: 'TrendingUp' is defined but never used. Allowed unused vars must match /^_/u.  @typescript-eslint/no-unused-vars
5:32  Warning: 'Clock' is defined but never used.  unused-imports/no-unused-imports
5:32  Warning: 'Clock' is defined but never used. Allowed unused vars must match /^_/u.  @typescript-eslint/no-unused-vars
5:39  Warning: 'Users' is defined but never used.  unused-imports/no-unused-imports
5:39  Warning: 'Users' is defined but never used. Allowed unused vars must match /^_/u.  @typescript-eslint/no-unused-vars
14:10  Warning: 'Badge' is defined but never used.  unused-imports/no-unused-imports
14:10  Warning: 'Badge' is defined but never used. Allowed unused vars must match /^_/u.  @typescript-eslint/no-unused-vars
30:3  Warning: 'categories' is defined but never used. Allowed unused args must match /^_/u.  unused-imports/no-unused-vars
30:3  Warning: 'categories' is defined but never used. Allowed unused args must match /^_/u.  @typescript-eslint/no-unused-vars

./app/[locale]/blog/_components/blog-client-clean.tsx
27:3  Warning: 'categories' is defined but never used. Allowed unused args must match /^_/u.  unused-imports/no-unused-vars
27:3  Warning: 'categories' is defined but never used. Allowed unused args must match /^_/u.  @typescript-eslint/no-unused-vars

./app/[locale]/blog/_components/blog-client-stable.tsx
5:32  Warning: 'Clock' is defined but never used.  unused-imports/no-unused-imports
5:32  Warning: 'Clock' is defined but never used. Allowed unused vars must match /^_/u.  @typescript-eslint/no-unused-vars
5:39  Warning: 'Users' is defined but never used.  unused-imports/no-unused-imports
5:39  Warning: 'Users' is defined but never used. Allowed unused vars must match /^_/u.  @typescript-eslint/no-unused-vars
10:10  Warning: 'BlogCompactSkeleton' is defined but never used.  unused-imports/no-unused-imports
10:10  Warning: 'BlogCompactSkeleton' is defined but never used. Allowed unused vars must match /^_/u.  @typescript-eslint/no-unused-vars
11:10  Warning: 'SkeletonCard' is defined but never used.  unused-imports/no-unused-imports
11:10  Warning: 'SkeletonCard' is defined but never used. Allowed unused vars must match /^_/u.  @typescript-eslint/no-unused-vars
27:3  Warning: 'categories' is defined but never used. Allowed unused args must match /^_/u.  unused-imports/no-unused-vars
27:3  Warning: 'categories' is defined but never used. Allowed unused args must match /^_/u.  @typescript-eslint/no-unused-vars
32:3  Warning: 'children' is defined but never used. Allowed unused args must match /^_/u.  unused-imports/no-unused-vars
32:3  Warning: 'children' is defined but never used. Allowed unused args must match /^_/u.  @typescript-eslint/no-unused-vars
42:23  Warning: 'setLoadedPosts' is assigned a value but never used. Allowed unused vars must match /^_/u.  unused-imports/no-unused-vars
42:23  Warning: 'setLoadedPosts' is assigned a value but never used. Allowed unused vars must match /^_/u.  @typescript-eslint/no-unused-vars
64:6  Warning: React Hook useEffect has missing dependencies: 'search', 'selectedCategory', and 'sortBy'. Either include them or remove the dependency array.  react-hooks/exhaustive-deps

./app/[locale]/blog/_components/blog-client.tsx
5:20  Warning: 'TrendingUp' is defined but never used.  unused-imports/no-unused-imports
5:20  Warning: 'TrendingUp' is defined but never used. Allowed unused vars must match /^_/u.  @typescript-eslint/no-unused-vars
5:32  Warning: 'Clock' is defined but never used.  unused-imports/no-unused-imports
5:32  Warning: 'Clock' is defined but never used. Allowed unused vars must match /^_/u.  @typescript-eslint/no-unused-vars
5:39  Warning: 'Users' is defined but never used.  unused-imports/no-unused-imports
5:39  Warning: 'Users' is defined but never used. Allowed unused vars must match /^_/u.  @typescript-eslint/no-unused-vars
5:46  Warning: 'X' is defined but never used.  unused-imports/no-unused-imports
5:46  Warning: 'X' is defined but never used. Allowed unused vars must match /^_/u.  @typescript-eslint/no-unused-vars
7:10  Warning: 'NewsletterSignup' is defined but never used.  unused-imports/no-unused-imports
7:10  Warning: 'NewsletterSignup' is defined but never used. Allowed unused vars must match /^_/u.  @typescript-eslint/no-unused-vars
10:10  Warning: 'BlogCompactSkeleton' is defined but never used.  unused-imports/no-unused-imports
10:10  Warning: 'BlogCompactSkeleton' is defined but never used. Allowed unused vars must match /^_/u.  @typescript-eslint/no-unused-vars
25:45  Warning: 'categories' is defined but never used. Allowed unused args must match /^_/u.  unused-imports/no-unused-vars
25:45  Warning: 'categories' is defined but never used. Allowed unused args must match /^_/u.  @typescript-eslint/no-unused-vars
25:89  Warning: 'children' is defined but never used. Allowed unused args must match /^_/u.  unused-imports/no-unused-vars
25:89  Warning: 'children' is defined but never used. Allowed unused args must match /^_/u.  @typescript-eslint/no-unused-vars
55:6  Warning: React Hook useEffect has missing dependencies: 'search', 'selectedCategory', and 'sortBy'. Either include them or remove the dependency array.  react-hooks/exhaustive-deps
154:9  Warning: 'handleTagsChange' is assigned a value but never used. Allowed unused vars must match /^_/u.  unused-imports/no-unused-vars
154:9  Warning: 'handleTagsChange' is assigned a value but never used. Allowed unused vars must match /^_/u.  @typescript-eslint/no-unused-vars
159:9  Warning: 'handleSortChange' is assigned a value but never used. Allowed unused vars must match /^_/u.  unused-imports/no-unused-vars
159:9  Warning: 'handleSortChange' is assigned a value but never used. Allowed unused vars must match /^_/u.  @typescript-eslint/no-unused-vars

./app/[locale]/blog/_components/blog-filters-clean.tsx
3:17  Warning: 'useState' is defined but never used.  unused-imports/no-unused-imports
3:17  Warning: 'useState' is defined but never used. Allowed unused vars must match /^_/u.  @typescript-eslint/no-unused-vars
68:55  Warning: Unexpected any. Specify a different type.  @typescript-eslint/no-explicit-any

./app/[locale]/blog/_components/blog-filters.tsx
4:21  Warning: 'Filter' is defined but never used.  unused-imports/no-unused-imports
4:21  Warning: 'Filter' is defined but never used. Allowed unused vars must match /^_/u.  @typescript-eslint/no-unused-vars

./app/[locale]/blog/_components/blog-list-ssr.tsx
3:22  Warning: 'Share2' is defined but never used.  unused-imports/no-unused-imports
3:22  Warning: 'Share2' is defined but never used. Allowed unused vars must match /^_/u.  @typescript-eslint/no-unused-vars
6:46  Warning: 'categories' is defined but never used. Allowed unused args must match /^_/u.  unused-imports/no-unused-vars
6:46  Warning: 'categories' is defined but never used. Allowed unused args must match /^_/u.  @typescript-eslint/no-unused-vars

./app/[locale]/blog/_components/blog-schema.tsx
13:36  Warning: 'url' is defined but never used. Allowed unused args must match /^_/u.  unused-imports/no-unused-vars
13:36  Warning: 'url' is defined but never used. Allowed unused args must match /^_/u.  @typescript-eslint/no-unused-vars

./app/[locale]/blog/_components/blog-search.tsx
4:21  Warning: 'Filter' is defined but never used.  unused-imports/no-unused-imports
4:21  Warning: 'Filter' is defined but never used. Allowed unused vars must match /^_/u.  @typescript-eslint/no-unused-vars

./app/[locale]/blog/_components/blog-skeleton.tsx
1:38  Warning: 'SkeletonFilters' is defined but never used.  unused-imports/no-unused-imports
1:38  Warning: 'SkeletonFilters' is defined but never used. Allowed unused vars must match /^_/u.  @typescript-eslint/no-unused-vars

./app/[locale]/blog/_components/blog-stats.tsx
6:9  Warning: 'stats' is assigned a value but never used. Allowed unused vars must match /^_/u.  unused-imports/no-unused-vars
6:9  Warning: 'stats' is assigned a value but never used. Allowed unused vars must match /^_/u.  @typescript-eslint/no-unused-vars

./app/[locale]/blog/_components/newsletter-signup.tsx
6:1  Warning: 'react' import is duplicated.  no-duplicate-imports

./app/[locale]/blog/_components/trending-now.tsx
13:46  Warning: 'categories' is defined but never used. Allowed unused args must match /^_/u.  unused-imports/no-unused-vars
13:46  Warning: 'categories' is defined but never used. Allowed unused args must match /^_/u.  @typescript-eslint/no-unused-vars
82:29  Error: Expected '!==' and instead saw '!='.  eqeqeq

./app/[locale]/docs/DocsClient.tsx
28:3  Warning: 'CheckCircle' is defined but never used.  unused-imports/no-unused-imports
28:3  Warning: 'CheckCircle' is defined but never used. Allowed unused vars must match /^_/u.  @typescript-eslint/no-unused-vars
29:3  Warning: 'Brain' is defined but never used.  unused-imports/no-unused-imports
29:3  Warning: 'Brain' is defined but never used. Allowed unused vars must match /^_/u.  @typescript-eslint/no-unused-vars
34:3  Warning: 'Key' is defined but never used.  unused-imports/no-unused-imports
34:3  Warning: 'Key' is defined but never used. Allowed unused vars must match /^_/u.  @typescript-eslint/no-unused-vars
36:3  Warning: 'ArrowRight' is defined but never used.  unused-imports/no-unused-imports
36:3  Warning: 'ArrowRight' is defined but never used. Allowed unused vars must match /^_/u.  @typescript-eslint/no-unused-vars
38:3  Warning: 'Layers' is defined but never used.  unused-imports/no-unused-imports
38:3  Warning: 'Layers' is defined but never used. Allowed unused vars must match /^_/u.  @typescript-eslint/no-unused-vars
40:3  Warning: 'Briefcase' is defined but never used.  unused-imports/no-unused-imports
40:3  Warning: 'Briefcase' is defined but never used. Allowed unused vars must match /^_/u.  @typescript-eslint/no-unused-vars
41:3  Warning: 'TreePine' is defined but never used.  unused-imports/no-unused-imports
41:3  Warning: 'TreePine' is defined but never used. Allowed unused vars must match /^_/u.  @typescript-eslint/no-unused-vars

./app/[locale]/docs/contribute/page.tsx
5:10  Warning: 'Badge' is defined but never used.  unused-imports/no-unused-imports
5:10  Warning: 'Badge' is defined but never used. Allowed unused vars must match /^_/u.  @typescript-eslint/no-unused-vars
7:10  Warning: 'ExternalLink' is defined but never used.  unused-imports/no-unused-imports
7:10  Warning: 'ExternalLink' is defined but never used. Allowed unused vars must match /^_/u.  @typescript-eslint/no-unused-vars

./app/[locale]/docs/developers/bounties-grants/page.tsx
9:3  Warning: 'CheckCircle' is defined but never used.  unused-imports/no-unused-imports
9:3  Warning: 'CheckCircle' is defined but never used. Allowed unused vars must match /^_/u.  @typescript-eslint/no-unused-vars
10:3  Warning: 'ArrowRight' is defined but never used.  unused-imports/no-unused-imports
10:3  Warning: 'ArrowRight' is defined but never used. Allowed unused vars must match /^_/u.  @typescript-eslint/no-unused-vars
11:3  Warning: 'Sparkles' is defined but never used.  unused-imports/no-unused-imports
11:3  Warning: 'Sparkles' is defined but never used. Allowed unused vars must match /^_/u.  @typescript-eslint/no-unused-vars
14:3  Warning: 'Award' is defined but never used.  unused-imports/no-unused-imports
14:3  Warning: 'Award' is defined but never used. Allowed unused vars must match /^_/u.  @typescript-eslint/no-unused-vars
16:3  Warning: 'DollarSign' is defined but never used.  unused-imports/no-unused-imports
16:3  Warning: 'DollarSign' is defined but never used. Allowed unused vars must match /^_/u.  @typescript-eslint/no-unused-vars
22:3  Warning: 'Key' is defined but never used.  unused-imports/no-unused-imports
22:3  Warning: 'Key' is defined but never used. Allowed unused vars must match /^_/u.  @typescript-eslint/no-unused-vars

./app/[locale]/docs/developers/community-support/page.tsx
2:8  Warning: 'Link' is defined but never used.  unused-imports/no-unused-imports
2:8  Warning: 'Link' is defined but never used. Allowed unused vars must match /^_/u.  @typescript-eslint/no-unused-vars

./app/[locale]/docs/developers/cryptographic-primitives/diffie/page.tsx
2:21  Warning: 'Shield' is defined but never used.  unused-imports/no-unused-imports
2:21  Warning: 'Shield' is defined but never used. Allowed unused vars must match /^_/u.  @typescript-eslint/no-unused-vars
4:21  Warning: 'InlineMath' is defined but never used.  unused-imports/no-unused-imports
4:21  Warning: 'InlineMath' is defined but never used. Allowed unused vars must match /^_/u.  @typescript-eslint/no-unused-vars

./app/[locale]/docs/developers/cryptographic-primitives/merkle-tree/batch-proofs/implementation/page.tsx
77:21  Error: Do not pass children as props. Instead, nest children between the opening and closing tags.  react/no-children-prop
90:21  Error: Do not pass children as props. Instead, nest children between the opening and closing tags.  react/no-children-prop
102:17  Error: Do not pass children as props. Instead, nest children between the opening and closing tags.  react/no-children-prop
129:17  Error: Do not pass children as props. Instead, nest children between the opening and closing tags.  react/no-children-prop
147:17  Error: Do not pass children as props. Instead, nest children between the opening and closing tags.  react/no-children-prop
160:17  Error: Do not pass children as props. Instead, nest children between the opening and closing tags.  react/no-children-prop
194:21  Error: Do not pass children as props. Instead, nest children between the opening and closing tags.  react/no-children-prop
207:21  Error: Do not pass children as props. Instead, nest children between the opening and closing tags.  react/no-children-prop
219:17  Error: Do not pass children as props. Instead, nest children between the opening and closing tags.  react/no-children-prop
240:17  Error: Do not pass children as props. Instead, nest children between the opening and closing tags.  react/no-children-prop
256:17  Error: Do not pass children as props. Instead, nest children between the opening and closing tags.  react/no-children-prop
267:17  Error: Do not pass children as props. Instead, nest children between the opening and closing tags.  react/no-children-prop
293:13  Error: Do not pass children as props. Instead, nest children between the opening and closing tags.  react/no-children-prop

./app/[locale]/docs/developers/cryptographic-primitives/merkle-tree/batch-proofs/page.tsx
5:10  Warning: 'CodeBlock' is defined but never used.  unused-imports/no-unused-imports
5:10  Warning: 'CodeBlock' is defined but never used. Allowed unused vars must match /^_/u.  @typescript-eslint/no-unused-vars

./app/[locale]/docs/developers/cryptographic-primitives/merkle-tree/batch-proofs/testing/page.tsx
57:13  Error: Do not pass children as props. Instead, nest children between the opening and closing tags.  react/no-children-prop
147:13  Error: Do not pass children as props. Instead, nest children between the opening and closing tags.  react/no-children-prop

./app/[locale]/docs/developers/cryptographic-primitives/merkle-tree/core/page.tsx
4:10  Warning: 'CodeBlock' is defined but never used.  unused-imports/no-unused-imports
4:10  Warning: 'CodeBlock' is defined but never used. Allowed unused vars must match /^_/u.  @typescript-eslint/no-unused-vars

./app/[locale]/docs/developers/cryptographic-primitives/merkle-tree/extension-block/page.tsx
99:19  Error: Do not pass children as props. Instead, nest children between the opening and closing tags.  react/no-children-prop
142:15  Error: Do not pass children as props. Instead, nest children between the opening and closing tags.  react/no-children-prop

./app/[locale]/docs/developers/cryptographic-primitives/merkle-tree/lightweight-proofs/page.tsx
3:29  Warning: 'Code' is defined but never used.  unused-imports/no-unused-imports
3:29  Warning: 'Code' is defined but never used. Allowed unused vars must match /^_/u.  @typescript-eslint/no-unused-vars
3:35  Warning: 'Database' is defined but never used.  unused-imports/no-unused-imports
3:35  Warning: 'Database' is defined but never used. Allowed unused vars must match /^_/u.  @typescript-eslint/no-unused-vars
3:45  Warning: 'Eye' is defined but never used.  unused-imports/no-unused-imports
3:45  Warning: 'Eye' is defined but never used. Allowed unused vars must match /^_/u.  @typescript-eslint/no-unused-vars
3:50  Warning: 'Zap' is defined but never used.  unused-imports/no-unused-imports
3:50  Warning: 'Zap' is defined but never used. Allowed unused vars must match /^_/u.  @typescript-eslint/no-unused-vars
115:13  Error: Do not pass children as props. Instead, nest children between the opening and closing tags.  react/no-children-prop

./app/[locale]/docs/developers/cryptographic-primitives/merkle-tree/page.tsx
5:21  Warning: 'Shield' is defined but never used.  unused-imports/no-unused-imports
5:21  Warning: 'Shield' is defined but never used. Allowed unused vars must match /^_/u.  @typescript-eslint/no-unused-vars
5:47  Warning: 'LinkIcon' is defined but never used.  unused-imports/no-unused-imports
5:47  Warning: 'LinkIcon' is defined but never used. Allowed unused vars must match /^_/u.  @typescript-eslint/no-unused-vars
5:84  Warning: 'Lock' is defined but never used.  unused-imports/no-unused-imports
5:84  Warning: 'Lock' is defined but never used. Allowed unused vars must match /^_/u.  @typescript-eslint/no-unused-vars
5:158  Warning: 'ArrowRight' is defined but never used.  unused-imports/no-unused-imports
5:158  Warning: 'ArrowRight' is defined but never used. Allowed unused vars must match /^_/u.  @typescript-eslint/no-unused-vars
295:23  Error: Do not pass children as props. Instead, nest children between the opening and closing tags.  react/no-children-prop
318:23  Error: Do not pass children as props. Instead, nest children between the opening and closing tags.  react/no-children-prop
349:23  Error: Do not pass children as props. Instead, nest children between the opening and closing tags.  react/no-children-prop
388:19  Error: Do not pass children as props. Instead, nest children between the opening and closing tags.  react/no-children-prop

./app/[locale]/docs/developers/cryptographic-primitives/other-signatures/distributed/page.tsx
47:13  Error: Do not pass children as props. Instead, nest children between the opening and closing tags.  react/no-children-prop
69:13  Error: Do not pass children as props. Instead, nest children between the opening and closing tags.  react/no-children-prop
92:13  Error: Do not pass children as props. Instead, nest children between the opening and closing tags.  react/no-children-prop
136:13  Error: Do not pass children as props. Instead, nest children between the opening and closing tags.  react/no-children-prop
211:13  Error: Do not pass children as props. Instead, nest children between the opening and closing tags.  react/no-children-prop
270:13  Error: Do not pass children as props. Instead, nest children between the opening and closing tags.  react/no-children-prop

./app/[locale]/docs/developers/cryptographic-primitives/other-signatures/improved/page.tsx
50:15  Error: Do not pass children as props. Instead, nest children between the opening and closing tags.  react/no-children-prop
72:15  Error: Do not pass children as props. Instead, nest children between the opening and closing tags.  react/no-children-prop
101:15  Error: Do not pass children as props. Instead, nest children between the opening and closing tags.  react/no-children-prop
151:15  Error: Do not pass children as props. Instead, nest children between the opening and closing tags.  react/no-children-prop
232:15  Error: Do not pass children as props. Instead, nest children between the opening and closing tags.  react/no-children-prop
297:15  Error: Do not pass children as props. Instead, nest children between the opening and closing tags.  react/no-children-prop

./app/[locale]/docs/developers/cryptographic-primitives/other-signatures/internals/page.tsx
4:10  Warning: 'CodeBlock' is defined but never used.  unused-imports/no-unused-imports
4:10  Warning: 'CodeBlock' is defined but never used. Allowed unused vars must match /^_/u.  @typescript-eslint/no-unused-vars

./app/[locale]/docs/developers/cryptographic-primitives/other-signatures/ring/page.tsx
64:13  Error: Do not pass children as props. Instead, nest children between the opening and closing tags.  react/no-children-prop

./app/[locale]/docs/developers/cryptographic-primitives/other-signatures/threshold/3-out-of-5/page.tsx
38:13  Error: Do not pass children as props. Instead, nest children between the opening and closing tags.  react/no-children-prop

./app/[locale]/docs/developers/cryptographic-primitives/other-signatures/threshold/page.tsx
82:13  Error: Do not pass children as props. Instead, nest children between the opening and closing tags.  react/no-children-prop

./app/[locale]/docs/developers/cryptographic-primitives/page.tsx
2:10  Warning: 'ArrowLeft' is defined but never used.  unused-imports/no-unused-imports
2:10  Warning: 'ArrowLeft' is defined but never used. Allowed unused vars must match /^_/u.  @typescript-eslint/no-unused-vars

./app/[locale]/docs/developers/cryptographic-primitives/schnorr/page.tsx
2:21  Warning: 'KeyRound' is defined but never used.  unused-imports/no-unused-imports
2:21  Warning: 'KeyRound' is defined but never used. Allowed unused vars must match /^_/u.  @typescript-eslint/no-unused-vars
6:10  Warning: 'CodeBlock' is defined but never used.  unused-imports/no-unused-imports
6:10  Warning: 'CodeBlock' is defined but never used. Allowed unused vars must match /^_/u.  @typescript-eslint/no-unused-vars

./app/[locale]/docs/developers/cryptographic-primitives/zerojoin/page.tsx
4:10  Warning: 'BlockMath' is defined but never used.  unused-imports/no-unused-imports
4:10  Warning: 'BlockMath' is defined but never used. Allowed unused vars must match /^_/u.  @typescript-eslint/no-unused-vars
6:10  Warning: 'CodeBlock' is defined but never used.  unused-imports/no-unused-imports
6:10  Warning: 'CodeBlock' is defined but never used. Allowed unused vars must match /^_/u.  @typescript-eslint/no-unused-vars

./app/[locale]/docs/developers/data-model-apis/address_types/page.tsx
5:10  Warning: 'CodeBlock' is defined but never used.  unused-imports/no-unused-imports
5:10  Warning: 'CodeBlock' is defined but never used. Allowed unused vars must match /^_/u.  @typescript-eslint/no-unused-vars
6:10  Warning: 'Key' is defined but never used.  unused-imports/no-unused-imports
6:10  Warning: 'Key' is defined but never used. Allowed unused vars must match /^_/u.  @typescript-eslint/no-unused-vars
6:15  Warning: 'Shield' is defined but never used.  unused-imports/no-unused-imports
6:15  Warning: 'Shield' is defined but never used. Allowed unused vars must match /^_/u.  @typescript-eslint/no-unused-vars
6:23  Warning: 'Code' is defined but never used.  unused-imports/no-unused-imports
6:23  Warning: 'Code' is defined but never used. Allowed unused vars must match /^_/u.  @typescript-eslint/no-unused-vars
6:29  Warning: 'FileText' is defined but never used.  unused-imports/no-unused-imports
6:29  Warning: 'FileText' is defined but never used. Allowed unused vars must match /^_/u.  @typescript-eslint/no-unused-vars

./app/[locale]/docs/developers/data-model-apis/address_validation/page.tsx
6:10  Warning: 'Shield' is defined but never used.  unused-imports/no-unused-imports
6:10  Warning: 'Shield' is defined but never used. Allowed unused vars must match /^_/u.  @typescript-eslint/no-unused-vars
6:18  Warning: 'Code' is defined but never used.  unused-imports/no-unused-imports
6:18  Warning: 'Code' is defined but never used. Allowed unused vars must match /^_/u.  @typescript-eslint/no-unused-vars
6:29  Warning: 'FileText' is defined but never used.  unused-imports/no-unused-imports
6:29  Warning: 'FileText' is defined but never used. Allowed unused vars must match /^_/u.  @typescript-eslint/no-unused-vars
66:15  Error: Do not pass children as props. Instead, nest children between the opening and closing tags.  react/no-children-prop
75:15  Error: Do not pass children as props. Instead, nest children between the opening and closing tags.  react/no-children-prop

./app/[locale]/docs/developers/data-model-apis/assets/nfts/minting/on-chain/page.tsx
4:62  Warning: 'ExternalLink' is defined but never used.  unused-imports/no-unused-imports
4:62  Warning: 'ExternalLink' is defined but never used. Allowed unused vars must match /^_/u.  @typescript-eslint/no-unused-vars
87:13  Warning: Image elements must have an alt prop, either with meaningful text, or an empty string for decorative images.  jsx-a11y/alt-text

./app/[locale]/docs/developers/data-model-apis/assets/nfts/minting/page.tsx
3:30  Warning: 'Info' is defined but never used.  unused-imports/no-unused-imports
3:30  Warning: 'Info' is defined but never used. Allowed unused vars must match /^_/u.  @typescript-eslint/no-unused-vars

./app/[locale]/docs/developers/data-model-apis/assets/nfts/minting/simple-example/page.tsx
3:42  Warning: 'ExternalLink' is defined but never used.  unused-imports/no-unused-imports
3:42  Warning: 'ExternalLink' is defined but never used. Allowed unused vars must match /^_/u.  @typescript-eslint/no-unused-vars
3:64  Warning: 'Database' is defined but never used.  unused-imports/no-unused-imports
3:64  Warning: 'Database' is defined but never used. Allowed unused vars must match /^_/u.  @typescript-eslint/no-unused-vars
66:13  Error: Do not pass children as props. Instead, nest children between the opening and closing tags.  react/no-children-prop

./app/[locale]/docs/developers/data-model-apis/assets/nfts/minting/v1-v2/page.tsx
3:57  Warning: 'Info' is defined but never used.  unused-imports/no-unused-imports
3:57  Warning: 'Info' is defined but never used. Allowed unused vars must match /^_/u.  @typescript-eslint/no-unused-vars

./app/[locale]/docs/developers/data-model-apis/assets/nfts/page.tsx
12:13  Warning: Image elements must have an alt prop, either with meaningful text, or an empty string for decorative images.  jsx-a11y/alt-text

./app/[locale]/docs/developers/data-model-apis/assets/nfts/royalties/page.tsx
3:65  Warning: 'ExternalLink' is defined but never used.  unused-imports/no-unused-imports
3:65  Warning: 'ExternalLink' is defined but never used. Allowed unused vars must match /^_/u.  @typescript-eslint/no-unused-vars

./app/[locale]/docs/developers/data-model-apis/assets/page.tsx
72:19  Warning: Image elements must have an alt prop, either with meaningful text, or an empty string for decorative images.  jsx-a11y/alt-text

./app/[locale]/docs/developers/data-model-apis/assets/singletons/page.tsx
3:44  Warning: 'ExternalLink' is defined but never used.  unused-imports/no-unused-imports
3:44  Warning: 'ExternalLink' is defined but never used. Allowed unused vars must match /^_/u.  @typescript-eslint/no-unused-vars

./app/[locale]/docs/developers/data-model-apis/assets/standards/artwork-contract/page.tsx
102:13  Error: Do not pass children as props. Instead, nest children between the opening and closing tags.  react/no-children-prop

./app/[locale]/docs/developers/data-model-apis/assets/standards/auction-contract/page.tsx
71:13  Error: Do not pass children as props. Instead, nest children between the opening and closing tags.  react/no-children-prop

./app/[locale]/docs/developers/data-model-apis/assets/tokens/burning/page.tsx
3:42  Warning: 'Smartphone' is defined but never used.  unused-imports/no-unused-imports
3:42  Warning: 'Smartphone' is defined but never used. Allowed unused vars must match /^_/u.  @typescript-eslint/no-unused-vars
3:54  Warning: 'ExternalLink' is defined but never used.  unused-imports/no-unused-imports
3:54  Warning: 'ExternalLink' is defined but never used. Allowed unused vars must match /^_/u.  @typescript-eslint/no-unused-vars

./app/[locale]/docs/developers/data-model-apis/assets/tokens/page.tsx
3:80  Warning: 'ExternalLink' is defined but never used.  unused-imports/no-unused-imports
3:80  Warning: 'ExternalLink' is defined but never used. Allowed unused vars must match /^_/u.  @typescript-eslint/no-unused-vars
3:94  Warning: 'Video' is defined but never used.  unused-imports/no-unused-imports
3:94  Warning: 'Video' is defined but never used. Allowed unused vars must match /^_/u.  @typescript-eslint/no-unused-vars
3:117  Warning: 'Users' is defined but never used.  unused-imports/no-unused-imports
3:117  Warning: 'Users' is defined but never used. Allowed unused vars must match /^_/u.  @typescript-eslint/no-unused-vars

./app/[locale]/docs/developers/data-model-apis/assets/tokens/perpetual/page.tsx
3:26  Warning: 'Code' is defined but never used.  unused-imports/no-unused-imports
3:26  Warning: 'Code' is defined but never used. Allowed unused vars must match /^_/u.  @typescript-eslint/no-unused-vars
3:42  Warning: 'ExternalLink' is defined but never used.  unused-imports/no-unused-imports
3:42  Warning: 'ExternalLink' is defined but never used. Allowed unused vars must match /^_/u.  @typescript-eslint/no-unused-vars
44:13  Error: Do not pass children as props. Instead, nest children between the opening and closing tags.  react/no-children-prop
82:13  Error: Do not pass children as props. Instead, nest children between the opening and closing tags.  react/no-children-prop
94:13  Error: Do not pass children as props. Instead, nest children between the opening and closing tags.  react/no-children-prop

./app/[locale]/docs/developers/data-model-apis/babel-fees/babel-fleet/page.tsx
91:13  Error: Do not pass children as props. Instead, nest children between the opening and closing tags.  react/no-children-prop
97:13  Error: Do not pass children as props. Instead, nest children between the opening and closing tags.  react/no-children-prop
113:13  Error: Do not pass children as props. Instead, nest children between the opening and closing tags.  react/no-children-prop
174:23  Error: Do not pass children as props. Instead, nest children between the opening and closing tags.  react/no-children-prop
195:21  Error: Do not pass children as props. Instead, nest children between the opening and closing tags.  react/no-children-prop
208:21  Error: Do not pass children as props. Instead, nest children between the opening and closing tags.  react/no-children-prop
220:21  Error: Do not pass children as props. Instead, nest children between the opening and closing tags.  react/no-children-prop
235:21  Error: Do not pass children as props. Instead, nest children between the opening and closing tags.  react/no-children-prop
247:21  Error: Do not pass children as props. Instead, nest children between the opening and closing tags.  react/no-children-prop
265:13  Error: Do not pass children as props. Instead, nest children between the opening and closing tags.  react/no-children-prop
277:13  Error: Do not pass children as props. Instead, nest children between the opening and closing tags.  react/no-children-prop

./app/[locale]/docs/developers/data-model-apis/babel-fees/implementation/page.tsx
81:17  Error: Do not pass children as props. Instead, nest children between the opening and closing tags.  react/no-children-prop
114:17  Error: Do not pass children as props. Instead, nest children between the opening and closing tags.  react/no-children-prop
148:17  Error: Do not pass children as props. Instead, nest children between the opening and closing tags.  react/no-children-prop
172:17  Error: Do not pass children as props. Instead, nest children between the opening and closing tags.  react/no-children-prop
266:17  Error: Do not pass children as props. Instead, nest children between the opening and closing tags.  react/no-children-prop
291:17  Error: Do not pass children as props. Instead, nest children between the opening and closing tags.  react/no-children-prop
347:17  Error: Do not pass children as props. Instead, nest children between the opening and closing tags.  react/no-children-prop

./app/[locale]/docs/developers/data-model-apis/block-adproofs/page.tsx
5:52  Warning: 'CheckCircle' is defined but never used.  unused-imports/no-unused-imports
5:52  Warning: 'CheckCircle' is defined but never used. Allowed unused vars must match /^_/u.  @typescript-eslint/no-unused-vars
5:70  Warning: 'Lock' is defined but never used.  unused-imports/no-unused-imports
5:70  Warning: 'Lock' is defined but never used. Allowed unused vars must match /^_/u.  @typescript-eslint/no-unused-vars

./app/[locale]/docs/developers/data-model-apis/block-header/page.tsx
5:10  Warning: 'FileText' is defined but never used.  unused-imports/no-unused-imports
5:10  Warning: 'FileText' is defined but never used. Allowed unused vars must match /^_/u.  @typescript-eslint/no-unused-vars
5:29  Warning: 'Shield' is defined but never used.  unused-imports/no-unused-imports
5:29  Warning: 'Shield' is defined but never used. Allowed unused vars must match /^_/u.  @typescript-eslint/no-unused-vars
5:37  Warning: 'Server' is defined but never used.  unused-imports/no-unused-imports
5:37  Warning: 'Server' is defined but never used. Allowed unused vars must match /^_/u.  @typescript-eslint/no-unused-vars
5:45  Warning: 'Hash' is defined but never used.  unused-imports/no-unused-imports
5:45  Warning: 'Hash' is defined but never used. Allowed unused vars must match /^_/u.  @typescript-eslint/no-unused-vars
5:51  Warning: 'Clock' is defined but never used.  unused-imports/no-unused-imports
5:51  Warning: 'Clock' is defined but never used. Allowed unused vars must match /^_/u.  @typescript-eslint/no-unused-vars
5:58  Warning: 'Layers' is defined but never used.  unused-imports/no-unused-imports
5:58  Warning: 'Layers' is defined but never used. Allowed unused vars must match /^_/u.  @typescript-eslint/no-unused-vars
5:66  Warning: 'Vote' is defined but never used.  unused-imports/no-unused-imports
5:66  Warning: 'Vote' is defined but never used. Allowed unused vars must match /^_/u.  @typescript-eslint/no-unused-vars

./app/[locale]/docs/developers/data-model-apis/block-transactions/page.tsx
5:10  Warning: 'Network' is defined but never used.  unused-imports/no-unused-imports
5:10  Warning: 'Network' is defined but never used. Allowed unused vars must match /^_/u.  @typescript-eslint/no-unused-vars
5:52  Warning: 'Hash' is defined but never used.  unused-imports/no-unused-imports
5:52  Warning: 'Hash' is defined but never used. Allowed unused vars must match /^_/u.  @typescript-eslint/no-unused-vars

./app/[locale]/docs/developers/data-model-apis/composing/chained-transaction/page.tsx
39:13  Error: Do not pass children as props. Instead, nest children between the opening and closing tags.  react/no-children-prop
54:13  Error: Do not pass children as props. Instead, nest children between the opening and closing tags.  react/no-children-prop
88:13  Error: Do not pass children as props. Instead, nest children between the opening and closing tags.  react/no-children-prop
103:13  Error: Do not pass children as props. Instead, nest children between the opening and closing tags.  react/no-children-prop

./app/[locale]/docs/developers/data-model-apis/composing/page.tsx
5:10  Warning: 'CodeBlock' is defined but never used.  unused-imports/no-unused-imports
5:10  Warning: 'CodeBlock' is defined but never used. Allowed unused vars must match /^_/u.  @typescript-eslint/no-unused-vars
6:19  Warning: 'Box' is defined but never used.  unused-imports/no-unused-imports
6:19  Warning: 'Box' is defined but never used. Allowed unused vars must match /^_/u.  @typescript-eslint/no-unused-vars
6:24  Warning: 'Database' is defined but never used.  unused-imports/no-unused-imports
6:24  Warning: 'Database' is defined but never used. Allowed unused vars must match /^_/u.  @typescript-eslint/no-unused-vars
6:34  Warning: 'Eye' is defined but never used.  unused-imports/no-unused-imports
6:34  Warning: 'Eye' is defined but never used. Allowed unused vars must match /^_/u.  @typescript-eslint/no-unused-vars
6:39  Warning: 'FileText' is defined but never used.  unused-imports/no-unused-imports
6:39  Warning: 'FileText' is defined but never used. Allowed unused vars must match /^_/u.  @typescript-eslint/no-unused-vars

./app/[locale]/docs/developers/data-model-apis/composing/wallet-interaction/data-inputs/page.tsx
81:13  Error: Do not pass children as props. Instead, nest children between the opening and closing tags.  react/no-children-prop

./app/[locale]/docs/developers/data-model-apis/composing/wallet-interaction/fees/page.tsx
61:13  Error: Do not pass children as props. Instead, nest children between the opening and closing tags.  react/no-children-prop
84:13  Error: Do not pass children as props. Instead, nest children between the opening and closing tags.  react/no-children-prop
107:13  Error: Do not pass children as props. Instead, nest children between the opening and closing tags.  react/no-children-prop

./app/[locale]/docs/developers/data-model-apis/composing/wallet-interaction/format/page.tsx
5:10  Warning: 'CodeBlock' is defined but never used.  unused-imports/no-unused-imports
5:10  Warning: 'CodeBlock' is defined but never used. Allowed unused vars must match /^_/u.  @typescript-eslint/no-unused-vars

./app/[locale]/docs/developers/data-model-apis/composing/wallet-interaction/merkle-tree/page.tsx
59:17  Error: Do not pass children as props. Instead, nest children between the opening and closing tags.  react/no-children-prop
70:17  Error: Do not pass children as props. Instead, nest children between the opening and closing tags.  react/no-children-prop

./app/[locale]/docs/developers/data-model-apis/composing/wallet-interaction/signing-backend/page.tsx
41:13  Error: Do not pass children as props. Instead, nest children between the opening and closing tags.  react/no-children-prop
64:13  Error: Do not pass children as props. Instead, nest children between the opening and closing tags.  react/no-children-prop

./app/[locale]/docs/developers/data-model-apis/discrete/page.tsx
5:45  Warning: 'Code' is defined but never used.  unused-imports/no-unused-imports
5:45  Warning: 'Code' is defined but never used. Allowed unused vars must match /^_/u.  @typescript-eslint/no-unused-vars

./app/[locale]/docs/developers/data-model-apis/extension-section/page.tsx
5:20  Warning: 'FileText' is defined but never used.  unused-imports/no-unused-imports
5:20  Warning: 'FileText' is defined but never used. Allowed unused vars must match /^_/u.  @typescript-eslint/no-unused-vars
5:30  Warning: 'Zap' is defined but never used.  unused-imports/no-unused-imports
5:30  Warning: 'Zap' is defined but never used. Allowed unused vars must match /^_/u.  @typescript-eslint/no-unused-vars
5:35  Warning: 'Database' is defined but never used.  unused-imports/no-unused-imports
5:35  Warning: 'Database' is defined but never used. Allowed unused vars must match /^_/u.  @typescript-eslint/no-unused-vars
5:45  Warning: 'Layers' is defined but never used.  unused-imports/no-unused-imports
5:45  Warning: 'Layers' is defined but never used. Allowed unused vars must match /^_/u.  @typescript-eslint/no-unused-vars
5:66  Warning: 'Network' is defined but never used.  unused-imports/no-unused-imports
5:66  Warning: 'Network' is defined but never used. Allowed unused vars must match /^_/u.  @typescript-eslint/no-unused-vars

./app/[locale]/docs/developers/data-model-apis/page.tsx
8:41  Warning: 'Users' is defined but never used.  unused-imports/no-unused-imports
8:41  Warning: 'Users' is defined but never used. Allowed unused vars must match /^_/u.  @typescript-eslint/no-unused-vars
9:32  Warning: 'Zap' is defined but never used.  unused-imports/no-unused-imports
9:32  Warning: 'Zap' is defined but never used. Allowed unused vars must match /^_/u.  @typescript-eslint/no-unused-vars
9:43  Warning: 'Eye' is defined but never used.  unused-imports/no-unused-imports
9:43  Warning: 'Eye' is defined but never used. Allowed unused vars must match /^_/u.  @typescript-eslint/no-unused-vars
10:3  Warning: 'Brain' is defined but never used.  unused-imports/no-unused-imports
10:3  Warning: 'Brain' is defined but never used. Allowed unused vars must match /^_/u.  @typescript-eslint/no-unused-vars
10:10  Warning: 'Target' is defined but never used.  unused-imports/no-unused-imports
10:10  Warning: 'Target' is defined but never used. Allowed unused vars must match /^_/u.  @typescript-eslint/no-unused-vars
10:18  Warning: 'Code' is defined but never used.  unused-imports/no-unused-imports
10:18  Warning: 'Code' is defined but never used. Allowed unused vars must match /^_/u.  @typescript-eslint/no-unused-vars
10:43  Warning: 'Globe' is defined but never used.  unused-imports/no-unused-imports
10:43  Warning: 'Globe' is defined but never used. Allowed unused vars must match /^_/u.  @typescript-eslint/no-unused-vars

./app/[locale]/docs/developers/data-model-apis/registers/page.tsx
3:31  Warning: 'Box' is defined but never used.  unused-imports/no-unused-imports
3:31  Warning: 'Box' is defined but never used. Allowed unused vars must match /^_/u.  @typescript-eslint/no-unused-vars
3:36  Warning: 'Key' is defined but never used.  unused-imports/no-unused-imports
3:36  Warning: 'Key' is defined but never used. Allowed unused vars must match /^_/u.  @typescript-eslint/no-unused-vars
3:41  Warning: 'FileText' is defined but never used.  unused-imports/no-unused-imports
3:41  Warning: 'FileText' is defined but never used. Allowed unused vars must match /^_/u.  @typescript-eslint/no-unused-vars
185:13  Error: Do not pass children as props. Instead, nest children between the opening and closing tags.  react/no-children-prop
207:13  Error: Do not pass children as props. Instead, nest children between the opening and closing tags.  react/no-children-prop

./app/[locale]/docs/developers/data-model-apis/resources/standards/eip17/page.tsx
5:72  Warning: 'ExternalLink' is defined but never used.  unused-imports/no-unused-imports
5:72  Warning: 'ExternalLink' is defined but never used. Allowed unused vars must match /^_/u.  @typescript-eslint/no-unused-vars
162:13  Error: Do not pass children as props. Instead, nest children between the opening and closing tags.  react/no-children-prop

./app/[locale]/docs/developers/data-model-apis/resources/standards/eip20/page.tsx
5:33  Warning: 'QrCode' is defined but never used.  unused-imports/no-unused-imports
5:33  Warning: 'QrCode' is defined but never used. Allowed unused vars must match /^_/u.  @typescript-eslint/no-unused-vars
5:78  Warning: 'ExternalLink' is defined but never used.  unused-imports/no-unused-imports
5:78  Warning: 'ExternalLink' is defined but never used. Allowed unused vars must match /^_/u.  @typescript-eslint/no-unused-vars
5:105  Warning: 'AlertTriangle' is defined but never used.  unused-imports/no-unused-imports
5:105  Warning: 'AlertTriangle' is defined but never used. Allowed unused vars must match /^_/u.  @typescript-eslint/no-unused-vars
253:13  Error: Do not pass children as props. Instead, nest children between the opening and closing tags.  react/no-children-prop

./app/[locale]/docs/developers/data-model-apis/resources/standards/eip25/page.tsx
79:13  Error: Do not pass children as props. Instead, nest children between the opening and closing tags.  react/no-children-prop

./app/[locale]/docs/developers/data-model-apis/resources/standards/jitc/page.tsx
5:58  Warning: 'FileText' is defined but never used.  unused-imports/no-unused-imports
5:58  Warning: 'FileText' is defined but never used. Allowed unused vars must match /^_/u.  @typescript-eslint/no-unused-vars
5:68  Warning: 'ExternalLink' is defined but never used.  unused-imports/no-unused-imports
5:68  Warning: 'ExternalLink' is defined but never used. Allowed unused vars must match /^_/u.  @typescript-eslint/no-unused-vars
6:10  Warning: 'CodeBlock' is defined but never used.  unused-imports/no-unused-imports
6:10  Warning: 'CodeBlock' is defined but never used. Allowed unused vars must match /^_/u.  @typescript-eslint/no-unused-vars

./app/[locale]/docs/developers/ergoscript-languages/accessing-boxes/page.tsx
30:32  Warning: 'language' is assigned a value but never used. Allowed unused args must match /^_/u.  unused-imports/no-unused-vars
30:32  Warning: 'language' is assigned a value but never used. Allowed unused args must match /^_/u.  @typescript-eslint/no-unused-vars

./app/[locale]/docs/developers/ergoscript-languages/blockchain-context/page.tsx
30:32  Warning: 'language' is assigned a value but never used. Allowed unused args must match /^_/u.  unused-imports/no-unused-vars
30:32  Warning: 'language' is assigned a value but never used. Allowed unused args must match /^_/u.  @typescript-eslint/no-unused-vars

./app/[locale]/docs/developers/ergoscript-languages/core-concepts/page.tsx
4:21  Warning: 'ExternalLink' is defined but never used.  unused-imports/no-unused-imports
4:21  Warning: 'ExternalLink' is defined but never used. Allowed unused vars must match /^_/u.  @typescript-eslint/no-unused-vars

./app/[locale]/docs/developers/ergoscript-languages/encoding/page.tsx
52:11  Error: Do not pass children as props. Instead, nest children between the opening and closing tags.  react/no-children-prop
88:11  Error: Do not pass children as props. Instead, nest children between the opening and closing tags.  react/no-children-prop

./app/[locale]/docs/developers/ergoscript-languages/examples/anyone-can-spend/page.tsx
30:32  Warning: 'language' is assigned a value but never used. Allowed unused args must match /^_/u.  unused-imports/no-unused-vars
30:32  Warning: 'language' is assigned a value but never used. Allowed unused args must match /^_/u.  @typescript-eslint/no-unused-vars

./app/[locale]/docs/developers/ergoscript-languages/examples/box-structure/page.tsx
30:32  Warning: 'language' is assigned a value but never used. Allowed unused args must match /^_/u.  unused-imports/no-unused-vars
30:32  Warning: 'language' is assigned a value but never used. Allowed unused args must match /^_/u.  @typescript-eslint/no-unused-vars

./app/[locale]/docs/developers/ergoscript-languages/examples/code-blocks/page.tsx
30:32  Warning: 'language' is assigned a value but never used. Allowed unused args must match /^_/u.  unused-imports/no-unused-vars
30:32  Warning: 'language' is assigned a value but never used. Allowed unused args must match /^_/u.  @typescript-eslint/no-unused-vars

./app/[locale]/docs/developers/ergoscript-languages/examples/context-variables/page.tsx
30:32  Warning: 'language' is assigned a value but never used. Allowed unused args must match /^_/u.  unused-imports/no-unused-vars
30:32  Warning: 'language' is assigned a value but never used. Allowed unused args must match /^_/u.  @typescript-eslint/no-unused-vars

./app/[locale]/docs/developers/ergoscript-languages/examples/functional-programming/page.tsx
30:32  Warning: 'language' is assigned a value but never used. Allowed unused args must match /^_/u.  unused-imports/no-unused-vars
30:32  Warning: 'language' is assigned a value but never used. Allowed unused args must match /^_/u.  @typescript-eslint/no-unused-vars

./app/[locale]/docs/developers/ergoscript-languages/examples/no-one-can-spend/page.tsx
30:32  Warning: 'language' is assigned a value but never used. Allowed unused args must match /^_/u.  unused-imports/no-unused-vars
30:32  Warning: 'language' is assigned a value but never used. Allowed unused args must match /^_/u.  @typescript-eslint/no-unused-vars

./app/[locale]/docs/developers/ergoscript-languages/examples/public-contracts/page.tsx
4:50  Warning: 'Layers' is defined but never used.  unused-imports/no-unused-imports
4:50  Warning: 'Layers' is defined but never used. Allowed unused vars must match /^_/u.  @typescript-eslint/no-unused-vars

./app/[locale]/docs/developers/ergoscript-languages/examples/public-keys/page.tsx
30:7  Warning: 'CodeBlock' is assigned a value but never used. Allowed unused vars must match /^_/u.  unused-imports/no-unused-vars
30:7  Warning: 'CodeBlock' is assigned a value but never used. Allowed unused vars must match /^_/u.  @typescript-eslint/no-unused-vars
30:32  Warning: 'language' is assigned a value but never used. Allowed unused args must match /^_/u.  unused-imports/no-unused-vars
30:32  Warning: 'language' is assigned a value but never used. Allowed unused args must match /^_/u.  @typescript-eslint/no-unused-vars

./app/[locale]/docs/developers/ergoscript-languages/examples/simple-p2s-app/page.tsx
30:7  Warning: 'CodeBlock' is assigned a value but never used. Allowed unused vars must match /^_/u.  unused-imports/no-unused-vars
30:7  Warning: 'CodeBlock' is assigned a value but never used. Allowed unused vars must match /^_/u.  @typescript-eslint/no-unused-vars
30:32  Warning: 'language' is assigned a value but never used. Allowed unused args must match /^_/u.  unused-imports/no-unused-vars
30:32  Warning: 'language' is assigned a value but never used. Allowed unused args must match /^_/u.  @typescript-eslint/no-unused-vars

./app/[locale]/docs/developers/ergoscript-languages/examples/storing-data/page.tsx
30:32  Warning: 'language' is assigned a value but never used. Allowed unused args must match /^_/u.  unused-imports/no-unused-vars
30:32  Warning: 'language' is assigned a value but never used. Allowed unused args must match /^_/u.  @typescript-eslint/no-unused-vars

./app/[locale]/docs/developers/ergoscript-languages/global-functions/page.tsx
30:32  Warning: 'language' is assigned a value but never used. Allowed unused args must match /^_/u.  unused-imports/no-unused-vars
30:32  Warning: 'language' is assigned a value but never used. Allowed unused args must match /^_/u.  @typescript-eslint/no-unused-vars

./app/[locale]/docs/developers/ergoscript-languages/language-description/page.tsx
30:32  Warning: 'language' is assigned a value but never used. Allowed unused args must match /^_/u.  unused-imports/no-unused-vars
30:32  Warning: 'language' is assigned a value but never used. Allowed unused args must match /^_/u.  @typescript-eslint/no-unused-vars

./app/[locale]/docs/developers/ergoscript-languages/language-operations/page.tsx
30:32  Warning: 'language' is assigned a value but never used. Allowed unused args must match /^_/u.  unused-imports/no-unused-vars
30:32  Warning: 'language' is assigned a value but never used. Allowed unused args must match /^_/u.  @typescript-eslint/no-unused-vars

./app/[locale]/docs/developers/ergoscript-languages/multi-stage-protocol/examples/fsm/page.tsx
6:10  Warning: 'InlineMath' is defined but never used.  unused-imports/no-unused-imports
6:10  Warning: 'InlineMath' is defined but never used. Allowed unused vars must match /^_/u.  @typescript-eslint/no-unused-vars

./app/[locale]/docs/developers/ergoscript-languages/multi-stage-protocol/examples/mast/page.tsx
6:10  Warning: 'InlineMath' is defined but never used.  unused-imports/no-unused-imports
6:10  Warning: 'InlineMath' is defined but never used. Allowed unused vars must match /^_/u.  @typescript-eslint/no-unused-vars

./app/[locale]/docs/developers/ergoscript-languages/multi-stage-protocol/examples/rock-paper-scissors/page.tsx
6:10  Warning: 'BlockMath' is defined but never used.  unused-imports/no-unused-imports
6:10  Warning: 'BlockMath' is defined but never used. Allowed unused vars must match /^_/u.  @typescript-eslint/no-unused-vars

./app/[locale]/docs/developers/ergoscript-languages/multi-stage-protocol/transaction-graphs/page.tsx
6:30  Warning: 'Copy' is defined but never used.  unused-imports/no-unused-imports
6:30  Warning: 'Copy' is defined but never used. Allowed unused vars must match /^_/u.  @typescript-eslint/no-unused-vars
6:36  Warning: 'Check' is defined but never used.  unused-imports/no-unused-imports
6:36  Warning: 'Check' is defined but never used. Allowed unused vars must match /^_/u.  @typescript-eslint/no-unused-vars
9:10  Warning: 'copiedStates' is assigned a value but never used. Allowed unused vars must match /^_/u.  unused-imports/no-unused-vars
9:10  Warning: 'copiedStates' is assigned a value but never used. Allowed unused vars must match /^_/u.  @typescript-eslint/no-unused-vars
11:9  Warning: 'copyToClipboard' is assigned a value but never used. Allowed unused vars must match /^_/u.  unused-imports/no-unused-vars
11:9  Warning: 'copyToClipboard' is assigned a value but never used. Allowed unused vars must match /^_/u.  @typescript-eslint/no-unused-vars

./app/[locale]/docs/developers/ergoscript-languages/page.tsx
4:10  Warning: 'ArrowLeft' is defined but never used.  unused-imports/no-unused-imports
4:10  Warning: 'ArrowLeft' is defined but never used. Allowed unused vars must match /^_/u.  @typescript-eslint/no-unused-vars
6:10  Warning: 'Card' is defined but never used.  unused-imports/no-unused-imports
6:10  Warning: 'Card' is defined but never used. Allowed unused vars must match /^_/u.  @typescript-eslint/no-unused-vars
6:16  Warning: 'CardContent' is defined but never used.  unused-imports/no-unused-imports
6:16  Warning: 'CardContent' is defined but never used. Allowed unused vars must match /^_/u.  @typescript-eslint/no-unused-vars
6:29  Warning: 'CardDescription' is defined but never used.  unused-imports/no-unused-imports
6:29  Warning: 'CardDescription' is defined but never used. Allowed unused vars must match /^_/u.  @typescript-eslint/no-unused-vars
6:46  Warning: 'CardHeader' is defined but never used.  unused-imports/no-unused-imports
6:46  Warning: 'CardHeader' is defined but never used. Allowed unused vars must match /^_/u.  @typescript-eslint/no-unused-vars
6:58  Warning: 'CardTitle' is defined but never used.  unused-imports/no-unused-imports
6:58  Warning: 'CardTitle' is defined but never used. Allowed unused vars must match /^_/u.  @typescript-eslint/no-unused-vars
7:10  Warning: 'Badge' is defined but never used.  unused-imports/no-unused-imports
7:10  Warning: 'Badge' is defined but never used. Allowed unused vars must match /^_/u.  @typescript-eslint/no-unused-vars
8:10  Warning: 'Button' is defined but never used.  unused-imports/no-unused-imports
8:10  Warning: 'Button' is defined but never used. Allowed unused vars must match /^_/u.  @typescript-eslint/no-unused-vars
10:1  Warning: 'lucide-react' import is duplicated.  no-duplicate-imports
10:10  Warning: 'ArrowRight' is defined but never used.  unused-imports/no-unused-imports
10:10  Warning: 'ArrowRight' is defined but never used. Allowed unused vars must match /^_/u.  @typescript-eslint/no-unused-vars
10:22  Warning: 'FileText' is defined but never used.  unused-imports/no-unused-imports
10:22  Warning: 'FileText' is defined but never used. Allowed unused vars must match /^_/u.  @typescript-eslint/no-unused-vars
10:32  Warning: 'Globe' is defined but never used.  unused-imports/no-unused-imports
10:32  Warning: 'Globe' is defined but never used. Allowed unused vars must match /^_/u.  @typescript-eslint/no-unused-vars
10:39  Warning: 'Lightbulb' is defined but never used.  unused-imports/no-unused-imports
10:39  Warning: 'Lightbulb' is defined but never used. Allowed unused vars must match /^_/u.  @typescript-eslint/no-unused-vars
10:50  Warning: 'Users' is defined but never used.  unused-imports/no-unused-imports
10:50  Warning: 'Users' is defined but never used. Allowed unused vars must match /^_/u.  @typescript-eslint/no-unused-vars

./app/[locale]/docs/developers/ergoscript-languages/script-validation/page.tsx
4:36  Warning: 'Zap' is defined but never used.  unused-imports/no-unused-imports
4:36  Warning: 'Zap' is defined but never used. Allowed unused vars must match /^_/u.  @typescript-eslint/no-unused-vars
4:41  Warning: 'CheckCircle' is defined but never used.  unused-imports/no-unused-imports
4:41  Warning: 'CheckCircle' is defined but never used. Allowed unused vars must match /^_/u.  @typescript-eslint/no-unused-vars

./app/[locale]/docs/developers/ergoscript-languages/sigma-6/page.tsx
30:32  Warning: 'language' is assigned a value but never used. Allowed unused args must match /^_/u.  unused-imports/no-unused-vars
30:32  Warning: 'language' is assigned a value but never used. Allowed unused args must match /^_/u.  @typescript-eslint/no-unused-vars

./app/[locale]/docs/developers/ergoscript-languages/sigma-propositions/page.tsx
30:32  Warning: 'language' is assigned a value but never used. Allowed unused args must match /^_/u.  unused-imports/no-unused-vars
30:32  Warning: 'language' is assigned a value but never used. Allowed unused args must match /^_/u.  @typescript-eslint/no-unused-vars

./app/[locale]/docs/developers/ergoscript-languages/sigmaboolean/page.tsx
30:32  Warning: 'language' is assigned a value but never used. Allowed unused args must match /^_/u.  unused-imports/no-unused-vars
30:32  Warning: 'language' is assigned a value but never used. Allowed unused args must match /^_/u.  @typescript-eslint/no-unused-vars

./app/[locale]/docs/developers/ergoscript-languages/simple-syntax/page.tsx
30:32  Warning: 'language' is assigned a value but never used. Allowed unused args must match /^_/u.  unused-imports/no-unused-vars
30:32  Warning: 'language' is assigned a value but never used. Allowed unused args must match /^_/u.  @typescript-eslint/no-unused-vars

./app/[locale]/docs/developers/ergoscript-languages/wallet-interaction/data-inputs/page.tsx
30:32  Warning: 'language' is assigned a value but never used. Allowed unused args must match /^_/u.  unused-imports/no-unused-vars
30:32  Warning: 'language' is assigned a value but never used. Allowed unused args must match /^_/u.  @typescript-eslint/no-unused-vars

./app/[locale]/docs/developers/ergoscript-languages/wallet-interaction/fees/page.tsx
30:32  Warning: 'language' is assigned a value but never used. Allowed unused args must match /^_/u.  unused-imports/no-unused-vars
30:32  Warning: 'language' is assigned a value but never used. Allowed unused args must match /^_/u.  @typescript-eslint/no-unused-vars

./app/[locale]/docs/developers/ergoscript-languages/wallet-interaction/format/page.tsx
30:7  Warning: 'CodeBlock' is assigned a value but never used. Allowed unused vars must match /^_/u.  unused-imports/no-unused-vars
30:7  Warning: 'CodeBlock' is assigned a value but never used. Allowed unused vars must match /^_/u.  @typescript-eslint/no-unused-vars
30:32  Warning: 'language' is assigned a value but never used. Allowed unused args must match /^_/u.  unused-imports/no-unused-vars
30:32  Warning: 'language' is assigned a value but never used. Allowed unused args must match /^_/u.  @typescript-eslint/no-unused-vars

./app/[locale]/docs/developers/ergoscript-languages/wallet-interaction/merkle-tree/page.tsx
30:32  Warning: 'language' is assigned a value but never used. Allowed unused args must match /^_/u.  unused-imports/no-unused-vars
30:32  Warning: 'language' is assigned a value but never used. Allowed unused args must match /^_/u.  @typescript-eslint/no-unused-vars

./app/[locale]/docs/developers/ergoscript-languages/wallet-interaction/signing/page.tsx
30:7  Warning: 'CodeBlock' is assigned a value but never used. Allowed unused vars must match /^_/u.  unused-imports/no-unused-vars
30:7  Warning: 'CodeBlock' is assigned a value but never used. Allowed unused vars must match /^_/u.  @typescript-eslint/no-unused-vars
30:32  Warning: 'language' is assigned a value but never used. Allowed unused args must match /^_/u.  unused-imports/no-unused-vars
30:32  Warning: 'language' is assigned a value but never used. Allowed unused args must match /^_/u.  @typescript-eslint/no-unused-vars

./app/[locale]/docs/developers/ergoscript-languages/wallet-interaction/signing-backend/page.tsx
30:32  Warning: 'language' is assigned a value but never used. Allowed unused args must match /^_/u.  unused-imports/no-unused-vars
30:32  Warning: 'language' is assigned a value but never used. Allowed unused args must match /^_/u.  @typescript-eslint/no-unused-vars

./app/[locale]/docs/developers/infrastructure/api/page.tsx
10:3  Warning: 'Globe' is defined but never used.  unused-imports/no-unused-imports
10:3  Warning: 'Globe' is defined but never used. Allowed unused vars must match /^_/u.  @typescript-eslint/no-unused-vars
11:3  Warning: 'Database' is defined but never used.  unused-imports/no-unused-imports
11:3  Warning: 'Database' is defined but never used. Allowed unused vars must match /^_/u.  @typescript-eslint/no-unused-vars
12:3  Warning: 'Package' is defined but never used.  unused-imports/no-unused-imports
12:3  Warning: 'Package' is defined but never used. Allowed unused vars must match /^_/u.  @typescript-eslint/no-unused-vars

./app/[locale]/docs/developers/infrastructure/explorer/graphql/page.tsx
4:3  Warning: 'Globe' is defined but never used.  unused-imports/no-unused-imports
4:3  Warning: 'Globe' is defined but never used. Allowed unused vars must match /^_/u.  @typescript-eslint/no-unused-vars
8:3  Warning: 'GitBranch' is defined but never used.  unused-imports/no-unused-imports
8:3  Warning: 'GitBranch' is defined but never used. Allowed unused vars must match /^_/u.  @typescript-eslint/no-unused-vars
13:3  Warning: 'Settings' is defined but never used.  unused-imports/no-unused-imports
13:3  Warning: 'Settings' is defined but never used. Allowed unused vars must match /^_/u.  @typescript-eslint/no-unused-vars

./app/[locale]/docs/developers/infrastructure/explorer/page.tsx
10:3  Warning: 'Lightbulb' is defined but never used.  unused-imports/no-unused-imports
10:3  Warning: 'Lightbulb' is defined but never used. Allowed unused vars must match /^_/u.  @typescript-eslint/no-unused-vars
11:3  Warning: 'Database' is defined but never used.  unused-imports/no-unused-imports
11:3  Warning: 'Database' is defined but never used. Allowed unused vars must match /^_/u.  @typescript-eslint/no-unused-vars
12:3  Warning: 'Info' is defined but never used.  unused-imports/no-unused-imports
12:3  Warning: 'Info' is defined but never used. Allowed unused vars must match /^_/u.  @typescript-eslint/no-unused-vars
13:3  Warning: 'AlertTriangle' is defined but never used.  unused-imports/no-unused-imports
13:3  Warning: 'AlertTriangle' is defined but never used. Allowed unused vars must match /^_/u.  @typescript-eslint/no-unused-vars
14:3  Warning: 'CheckCircle' is defined but never used.  unused-imports/no-unused-imports
14:3  Warning: 'CheckCircle' is defined but never used. Allowed unused vars must match /^_/u.  @typescript-eslint/no-unused-vars
15:3  Warning: 'Activity' is defined but never used.  unused-imports/no-unused-imports
15:3  Warning: 'Activity' is defined but never used. Allowed unused vars must match /^_/u.  @typescript-eslint/no-unused-vars
17:3  Warning: 'Clock' is defined but never used.  unused-imports/no-unused-imports
17:3  Warning: 'Clock' is defined but never used. Allowed unused vars must match /^_/u.  @typescript-eslint/no-unused-vars
19:3  Warning: 'Download' is defined but never used.  unused-imports/no-unused-imports
19:3  Warning: 'Download' is defined but never used. Allowed unused vars must match /^_/u.  @typescript-eslint/no-unused-vars
20:3  Warning: 'Shield' is defined but never used.  unused-imports/no-unused-imports
20:3  Warning: 'Shield' is defined but never used. Allowed unused vars must match /^_/u.  @typescript-eslint/no-unused-vars
21:3  Warning: 'Smartphone' is defined but never used.  unused-imports/no-unused-imports
21:3  Warning: 'Smartphone' is defined but never used. Allowed unused vars must match /^_/u.  @typescript-eslint/no-unused-vars
22:3  Warning: 'Globe' is defined but never used.  unused-imports/no-unused-imports
22:3  Warning: 'Globe' is defined but never used. Allowed unused vars must match /^_/u.  @typescript-eslint/no-unused-vars
23:3  Warning: 'FileText' is defined but never used.  unused-imports/no-unused-imports
23:3  Warning: 'FileText' is defined but never used. Allowed unused vars must match /^_/u.  @typescript-eslint/no-unused-vars
24:11  Warning: 'LinkIcon' is defined but never used.  unused-imports/no-unused-imports
24:11  Warning: 'LinkIcon' is defined but never used. Allowed unused vars must match /^_/u.  @typescript-eslint/no-unused-vars

./app/[locale]/docs/developers/infrastructure/explorer/pi-explorer/page.tsx
5:3  Warning: 'ExternalLink' is defined but never used.  unused-imports/no-unused-imports
5:3  Warning: 'ExternalLink' is defined but never used. Allowed unused vars must match /^_/u.  @typescript-eslint/no-unused-vars
6:3  Warning: 'Code' is defined but never used.  unused-imports/no-unused-imports
6:3  Warning: 'Code' is defined but never used. Allowed unused vars must match /^_/u.  @typescript-eslint/no-unused-vars
9:3  Warning: 'Server' is defined but never used.  unused-imports/no-unused-imports
9:3  Warning: 'Server' is defined but never used. Allowed unused vars must match /^_/u.  @typescript-eslint/no-unused-vars
10:3  Warning: 'GitBranch' is defined but never used.  unused-imports/no-unused-imports
10:3  Warning: 'GitBranch' is defined but never used. Allowed unused vars must match /^_/u.  @typescript-eslint/no-unused-vars
13:3  Warning: 'Globe' is defined but never used.  unused-imports/no-unused-imports
13:3  Warning: 'Globe' is defined but never used. Allowed unused vars must match /^_/u.  @typescript-eslint/no-unused-vars
14:3  Warning: 'FileText' is defined but never used.  unused-imports/no-unused-imports
14:3  Warning: 'FileText' is defined but never used. Allowed unused vars must match /^_/u.  @typescript-eslint/no-unused-vars
18:3  Warning: 'Activity' is defined but never used.  unused-imports/no-unused-imports
18:3  Warning: 'Activity' is defined but never used. Allowed unused vars must match /^_/u.  @typescript-eslint/no-unused-vars
20:3  Warning: 'Clock' is defined but never used.  unused-imports/no-unused-imports
20:3  Warning: 'Clock' is defined but never used. Allowed unused vars must match /^_/u.  @typescript-eslint/no-unused-vars
21:3  Warning: 'Shield' is defined but never used.  unused-imports/no-unused-imports
21:3  Warning: 'Shield' is defined but never used. Allowed unused vars must match /^_/u.  @typescript-eslint/no-unused-vars
22:3  Warning: 'Smartphone' is defined but never used.  unused-imports/no-unused-imports
22:3  Warning: 'Smartphone' is defined but never used. Allowed unused vars must match /^_/u.  @typescript-eslint/no-unused-vars
23:3  Warning: 'Network' is defined but never used.  unused-imports/no-unused-imports
23:3  Warning: 'Network' is defined but never used. Allowed unused vars must match /^_/u.  @typescript-eslint/no-unused-vars
24:3  Warning: 'ChevronDown' is defined but never used.  unused-imports/no-unused-imports
24:3  Warning: 'ChevronDown' is defined but never used. Allowed unused vars must match /^_/u.  @typescript-eslint/no-unused-vars
25:3  Warning: 'ChevronUp' is defined but never used.  unused-imports/no-unused-imports
25:3  Warning: 'ChevronUp' is defined but never used. Allowed unused vars must match /^_/u.  @typescript-eslint/no-unused-vars
26:3  Warning: 'Zap' is defined but never used.  unused-imports/no-unused-imports
26:3  Warning: 'Zap' is defined but never used. Allowed unused vars must match /^_/u.  @typescript-eslint/no-unused-vars
27:3  Warning: 'Terminal' is defined but never used.  unused-imports/no-unused-imports
27:3  Warning: 'Terminal' is defined but never used. Allowed unused vars must match /^_/u.  @typescript-eslint/no-unused-vars
37:10  Warning: 'openSections' is assigned a value but never used. Allowed unused vars must match /^_/u.  unused-imports/no-unused-vars
37:10  Warning: 'openSections' is assigned a value but never used. Allowed unused vars must match /^_/u.  @typescript-eslint/no-unused-vars
51:9  Warning: 'toggleSection' is assigned a value but never used. Allowed unused vars must match /^_/u.  unused-imports/no-unused-vars
51:9  Warning: 'toggleSection' is assigned a value but never used. Allowed unused vars must match /^_/u.  @typescript-eslint/no-unused-vars

./app/[locale]/docs/developers/infrastructure/node/configuration/application-conf/node/page.tsx
8:3  Warning: 'Wallet' is defined but never used.  unused-imports/no-unused-imports
8:3  Warning: 'Wallet' is defined but never used. Allowed unused vars must match /^_/u.  @typescript-eslint/no-unused-vars
9:3  Warning: 'Vote' is defined but never used.  unused-imports/no-unused-imports
9:3  Warning: 'Vote' is defined but never used. Allowed unused vars must match /^_/u.  @typescript-eslint/no-unused-vars
13:3  Warning: 'Code' is defined but never used.  unused-imports/no-unused-imports
13:3  Warning: 'Code' is defined but never used. Allowed unused vars must match /^_/u.  @typescript-eslint/no-unused-vars
14:3  Warning: 'BookOpen' is defined but never used.  unused-imports/no-unused-imports
14:3  Warning: 'BookOpen' is defined but never used. Allowed unused vars must match /^_/u.  @typescript-eslint/no-unused-vars
16:3  Warning: 'Info' is defined but never used.  unused-imports/no-unused-imports
16:3  Warning: 'Info' is defined but never used. Allowed unused vars must match /^_/u.  @typescript-eslint/no-unused-vars
17:3  Warning: 'Cpu' is defined but never used.  unused-imports/no-unused-imports
17:3  Warning: 'Cpu' is defined but never used. Allowed unused vars must match /^_/u.  @typescript-eslint/no-unused-vars
20:3  Warning: 'Globe' is defined but never used.  unused-imports/no-unused-imports
20:3  Warning: 'Globe' is defined but never used. Allowed unused vars must match /^_/u.  @typescript-eslint/no-unused-vars
21:3  Warning: 'Lock' is defined but never used.  unused-imports/no-unused-imports
21:3  Warning: 'Lock' is defined but never used. Allowed unused vars must match /^_/u.  @typescript-eslint/no-unused-vars
23:3  Warning: 'AlertCircle' is defined but never used.  unused-imports/no-unused-imports
23:3  Warning: 'AlertCircle' is defined but never used. Allowed unused vars must match /^_/u.  @typescript-eslint/no-unused-vars
24:3  Warning: 'AlertTriangle' is defined but never used.  unused-imports/no-unused-imports
24:3  Warning: 'AlertTriangle' is defined but never used. Allowed unused vars must match /^_/u.  @typescript-eslint/no-unused-vars
26:3  Warning: 'Network' is defined but never used.  unused-imports/no-unused-imports
26:3  Warning: 'Network' is defined but never used. Allowed unused vars must match /^_/u.  @typescript-eslint/no-unused-vars
28:3  Warning: 'ArrowLeft' is defined but never used.  unused-imports/no-unused-imports
28:3  Warning: 'ArrowLeft' is defined but never used. Allowed unused vars must match /^_/u.  @typescript-eslint/no-unused-vars

./app/[locale]/docs/developers/infrastructure/node/configuration/application-conf/page.tsx
16:3  Warning: 'BookOpen' is defined but never used.  unused-imports/no-unused-imports
16:3  Warning: 'BookOpen' is defined but never used. Allowed unused vars must match /^_/u.  @typescript-eslint/no-unused-vars
21:3  Warning: 'Zap' is defined but never used.  unused-imports/no-unused-imports
21:3  Warning: 'Zap' is defined but never used. Allowed unused vars must match /^_/u.  @typescript-eslint/no-unused-vars
23:3  Warning: 'Lock' is defined but never used.  unused-imports/no-unused-imports
23:3  Warning: 'Lock' is defined but never used. Allowed unused vars must match /^_/u.  @typescript-eslint/no-unused-vars

./app/[locale]/docs/developers/infrastructure/node/configuration/application-conf/voting/page.tsx
14:3  Warning: 'FileText' is defined but never used.  unused-imports/no-unused-imports
14:3  Warning: 'FileText' is defined but never used. Allowed unused vars must match /^_/u.  @typescript-eslint/no-unused-vars

./app/[locale]/docs/developers/infrastructure/node/configuration/application-conf/wallet/page.tsx
5:3  Warning: 'Wallet' is defined but never used.  unused-imports/no-unused-imports
5:3  Warning: 'Wallet' is defined but never used. Allowed unused vars must match /^_/u.  @typescript-eslint/no-unused-vars
13:3  Warning: 'FileText' is defined but never used.  unused-imports/no-unused-imports
13:3  Warning: 'FileText' is defined but never used. Allowed unused vars must match /^_/u.  @typescript-eslint/no-unused-vars

./app/[locale]/docs/developers/infrastructure/node/configuration/devnet-conf/page.tsx
7:3  Warning: 'Server' is defined but never used.  unused-imports/no-unused-imports
7:3  Warning: 'Server' is defined but never used. Allowed unused vars must match /^_/u.  @typescript-eslint/no-unused-vars
14:3  Warning: 'Vote' is defined but never used.  unused-imports/no-unused-imports
14:3  Warning: 'Vote' is defined but never used. Allowed unused vars must match /^_/u.  @typescript-eslint/no-unused-vars
15:3  Warning: 'Shield' is defined but never used.  unused-imports/no-unused-imports
15:3  Warning: 'Shield' is defined but never used. Allowed unused vars must match /^_/u.  @typescript-eslint/no-unused-vars
16:3  Warning: 'Cpu' is defined but never used.  unused-imports/no-unused-imports
16:3  Warning: 'Cpu' is defined but never used. Allowed unused vars must match /^_/u.  @typescript-eslint/no-unused-vars
17:3  Warning: 'Clock' is defined but never used.  unused-imports/no-unused-imports
17:3  Warning: 'Clock' is defined but never used. Allowed unused vars must match /^_/u.  @typescript-eslint/no-unused-vars

./app/[locale]/docs/developers/infrastructure/node/configuration/testnet-conf/page.tsx
15:3  Warning: 'Shield' is defined but never used.  unused-imports/no-unused-imports
15:3  Warning: 'Shield' is defined but never used. Allowed unused vars must match /^_/u.  @typescript-eslint/no-unused-vars
16:3  Warning: 'Cpu' is defined but never used.  unused-imports/no-unused-imports
16:3  Warning: 'Cpu' is defined but never used. Allowed unused vars must match /^_/u.  @typescript-eslint/no-unused-vars
17:3  Warning: 'Clock' is defined but never used.  unused-imports/no-unused-imports
17:3  Warning: 'Clock' is defined but never used. Allowed unused vars must match /^_/u.  @typescript-eslint/no-unused-vars

./app/[locale]/docs/developers/infrastructure/node/configuration/wallet/hierarchical/page.tsx
8:16  Warning: 'ArrowRight' is defined but never used.  unused-imports/no-unused-imports
8:16  Warning: 'ArrowRight' is defined but never used. Allowed unused vars must match /^_/u.  @typescript-eslint/no-unused-vars

./app/[locale]/docs/developers/infrastructure/node/configuration/wallet/initialize/page.tsx
7:30  Warning: 'Lock' is defined but never used.  unused-imports/no-unused-imports
7:30  Warning: 'Lock' is defined but never used. Allowed unused vars must match /^_/u.  @typescript-eslint/no-unused-vars
9:28  Warning: 'Shield' is defined but never used.  unused-imports/no-unused-imports
9:28  Warning: 'Shield' is defined but never used. Allowed unused vars must match /^_/u.  @typescript-eslint/no-unused-vars

./app/[locale]/docs/developers/infrastructure/node/configuration/wallet/setup/page.tsx
7:27  Warning: 'FileText' is defined but never used.  unused-imports/no-unused-imports
7:27  Warning: 'FileText' is defined but never used. Allowed unused vars must match /^_/u.  @typescript-eslint/no-unused-vars
8:16  Warning: 'ArrowRight' is defined but never used.  unused-imports/no-unused-imports
8:16  Warning: 'ArrowRight' is defined but never used. Allowed unused vars must match /^_/u.  @typescript-eslint/no-unused-vars

./app/[locale]/docs/developers/infrastructure/node/modes/archival-node/page.tsx
12:3  Warning: 'ArrowLeft' is defined but never used.  unused-imports/no-unused-imports
12:3  Warning: 'ArrowLeft' is defined but never used. Allowed unused vars must match /^_/u.  @typescript-eslint/no-unused-vars
17:3  Warning: 'Globe' is defined but never used.  unused-imports/no-unused-imports
17:3  Warning: 'Globe' is defined but never used. Allowed unused vars must match /^_/u.  @typescript-eslint/no-unused-vars

./app/[locale]/docs/developers/infrastructure/node/modes/archival-node/technical-details/page.tsx
14:3  Warning: 'Clock' is defined but never used.  unused-imports/no-unused-imports
14:3  Warning: 'Clock' is defined but never used. Allowed unused vars must match /^_/u.  @typescript-eslint/no-unused-vars

./app/[locale]/docs/developers/infrastructure/node/modes/digest-state/page.tsx
8:3  Warning: 'ArrowLeft' is defined but never used.  unused-imports/no-unused-imports
8:3  Warning: 'ArrowLeft' is defined but never used. Allowed unused vars must match /^_/u.  @typescript-eslint/no-unused-vars
9:3  Warning: 'ExternalLink' is defined but never used.  unused-imports/no-unused-imports
9:3  Warning: 'ExternalLink' is defined but never used. Allowed unused vars must match /^_/u.  @typescript-eslint/no-unused-vars
12:3  Warning: 'Info' is defined but never used.  unused-imports/no-unused-imports
12:3  Warning: 'Info' is defined but never used. Allowed unused vars must match /^_/u.  @typescript-eslint/no-unused-vars

./app/[locale]/docs/developers/infrastructure/node/modes/history-pruning/page.tsx
4:3  Warning: 'History' is defined but never used.  unused-imports/no-unused-imports
4:3  Warning: 'History' is defined but never used. Allowed unused vars must match /^_/u.  @typescript-eslint/no-unused-vars
9:3  Warning: 'ArrowLeft' is defined but never used.  unused-imports/no-unused-imports
9:3  Warning: 'ArrowLeft' is defined but never used. Allowed unused vars must match /^_/u.  @typescript-eslint/no-unused-vars
10:3  Warning: 'ExternalLink' is defined but never used.  unused-imports/no-unused-imports
10:3  Warning: 'ExternalLink' is defined but never used. Allowed unused vars must match /^_/u.  @typescript-eslint/no-unused-vars

./app/[locale]/docs/developers/infrastructure/node/modes/light-full-node/page.tsx
4:3  Warning: 'Server' is defined but never used.  unused-imports/no-unused-imports
4:3  Warning: 'Server' is defined but never used. Allowed unused vars must match /^_/u.  @typescript-eslint/no-unused-vars
6:3  Warning: 'Shield' is defined but never used.  unused-imports/no-unused-imports
6:3  Warning: 'Shield' is defined but never used. Allowed unused vars must match /^_/u.  @typescript-eslint/no-unused-vars
9:11  Warning: 'LinkIcon' is defined but never used.  unused-imports/no-unused-imports
9:11  Warning: 'LinkIcon' is defined but never used. Allowed unused vars must match /^_/u.  @typescript-eslint/no-unused-vars
10:3  Warning: 'HardDrive' is defined but never used.  unused-imports/no-unused-imports
10:3  Warning: 'HardDrive' is defined but never used. Allowed unused vars must match /^_/u.  @typescript-eslint/no-unused-vars
12:3  Warning: 'ArrowLeft' is defined but never used.  unused-imports/no-unused-imports
12:3  Warning: 'ArrowLeft' is defined but never used. Allowed unused vars must match /^_/u.  @typescript-eslint/no-unused-vars
13:3  Warning: 'ExternalLink' is defined but never used.  unused-imports/no-unused-imports
13:3  Warning: 'ExternalLink' is defined but never used. Allowed unused vars must match /^_/u.  @typescript-eslint/no-unused-vars
17:3  Warning: 'Globe' is defined but never used.  unused-imports/no-unused-imports
17:3  Warning: 'Globe' is defined but never used. Allowed unused vars must match /^_/u.  @typescript-eslint/no-unused-vars
18:3  Warning: 'Activity' is defined but never used.  unused-imports/no-unused-imports
18:3  Warning: 'Activity' is defined but never used. Allowed unused vars must match /^_/u.  @typescript-eslint/no-unused-vars
20:3  Warning: 'Clock' is defined but never used.  unused-imports/no-unused-imports
20:3  Warning: 'Clock' is defined but never used. Allowed unused vars must match /^_/u.  @typescript-eslint/no-unused-vars
23:3  Warning: 'FileText' is defined but never used.  unused-imports/no-unused-imports
23:3  Warning: 'FileText' is defined but never used. Allowed unused vars must match /^_/u.  @typescript-eslint/no-unused-vars
27:3  Warning: 'Network' is defined but never used.  unused-imports/no-unused-imports
27:3  Warning: 'Network' is defined but never used. Allowed unused vars must match /^_/u.  @typescript-eslint/no-unused-vars

./app/[locale]/docs/developers/infrastructure/node/modes/light-full-node/technical-details/page.tsx
6:3  Warning: 'Code' is defined but never used.  unused-imports/no-unused-imports
6:3  Warning: 'Code' is defined but never used. Allowed unused vars must match /^_/u.  @typescript-eslint/no-unused-vars
12:3  Warning: 'AlertTriangle' is defined but never used.  unused-imports/no-unused-imports
12:3  Warning: 'AlertTriangle' is defined but never used. Allowed unused vars must match /^_/u.  @typescript-eslint/no-unused-vars
13:3  Warning: 'Info' is defined but never used.  unused-imports/no-unused-imports
13:3  Warning: 'Info' is defined but never used. Allowed unused vars must match /^_/u.  @typescript-eslint/no-unused-vars
16:3  Warning: 'HardDrive' is defined but never used.  unused-imports/no-unused-imports
16:3  Warning: 'HardDrive' is defined but never used. Allowed unused vars must match /^_/u.  @typescript-eslint/no-unused-vars
18:3  Warning: 'Cpu' is defined but never used.  unused-imports/no-unused-imports
18:3  Warning: 'Cpu' is defined but never used. Allowed unused vars must match /^_/u.  @typescript-eslint/no-unused-vars

./app/[locale]/docs/developers/infrastructure/node/modes/light-spv-node/overview/page.tsx
6:3  Warning: 'ArrowLeft' is defined but never used.  unused-imports/no-unused-imports
6:3  Warning: 'ArrowLeft' is defined but never used. Allowed unused vars must match /^_/u.  @typescript-eslint/no-unused-vars
7:3  Warning: 'ExternalLink' is defined but never used.  unused-imports/no-unused-imports
7:3  Warning: 'ExternalLink' is defined but never used. Allowed unused vars must match /^_/u.  @typescript-eslint/no-unused-vars
12:3  Warning: 'Database' is defined but never used.  unused-imports/no-unused-imports
12:3  Warning: 'Database' is defined but never used. Allowed unused vars must match /^_/u.  @typescript-eslint/no-unused-vars
13:3  Warning: 'Info' is defined but never used.  unused-imports/no-unused-imports
13:3  Warning: 'Info' is defined but never used. Allowed unused vars must match /^_/u.  @typescript-eslint/no-unused-vars
16:3  Warning: 'Activity' is defined but never used.  unused-imports/no-unused-imports
16:3  Warning: 'Activity' is defined but never used. Allowed unused vars must match /^_/u.  @typescript-eslint/no-unused-vars
18:3  Warning: 'Clock' is defined but never used.  unused-imports/no-unused-imports
18:3  Warning: 'Clock' is defined but never used. Allowed unused vars must match /^_/u.  @typescript-eslint/no-unused-vars
25:11  Warning: 'LinkIcon' is defined but never used.  unused-imports/no-unused-imports
25:11  Warning: 'LinkIcon' is defined but never used. Allowed unused vars must match /^_/u.  @typescript-eslint/no-unused-vars

./app/[locale]/docs/developers/infrastructure/node/modes/light-spv-node/page.tsx
4:3  Warning: 'Server' is defined but never used.  unused-imports/no-unused-imports
4:3  Warning: 'Server' is defined but never used. Allowed unused vars must match /^_/u.  @typescript-eslint/no-unused-vars
7:3  Warning: 'Info' is defined but never used.  unused-imports/no-unused-imports
7:3  Warning: 'Info' is defined but never used. Allowed unused vars must match /^_/u.  @typescript-eslint/no-unused-vars
12:3  Warning: 'Lightbulb' is defined but never used.  unused-imports/no-unused-imports
12:3  Warning: 'Lightbulb' is defined but never used. Allowed unused vars must match /^_/u.  @typescript-eslint/no-unused-vars
15:3  Warning: 'AlertTriangle' is defined but never used.  unused-imports/no-unused-imports
15:3  Warning: 'AlertTriangle' is defined but never used. Allowed unused vars must match /^_/u.  @typescript-eslint/no-unused-vars
19:3  Warning: 'Cpu' is defined but never used.  unused-imports/no-unused-imports
19:3  Warning: 'Cpu' is defined but never used. Allowed unused vars must match /^_/u.  @typescript-eslint/no-unused-vars
20:3  Warning: 'Clock' is defined but never used.  unused-imports/no-unused-imports
20:3  Warning: 'Clock' is defined but never used. Allowed unused vars must match /^_/u.  @typescript-eslint/no-unused-vars
21:3  Warning: 'Database' is defined but never used.  unused-imports/no-unused-imports
21:3  Warning: 'Database' is defined but never used. Allowed unused vars must match /^_/u.  @typescript-eslint/no-unused-vars

./app/[locale]/docs/developers/infrastructure/node/modes/light-spv-node/technical-details/page.tsx
7:3  Warning: 'ExternalLink' is defined but never used.  unused-imports/no-unused-imports
7:3  Warning: 'ExternalLink' is defined but never used. Allowed unused vars must match /^_/u.  @typescript-eslint/no-unused-vars
11:3  Warning: 'Lightbulb' is defined but never used.  unused-imports/no-unused-imports
11:3  Warning: 'Lightbulb' is defined but never used. Allowed unused vars must match /^_/u.  @typescript-eslint/no-unused-vars
12:3  Warning: 'Database' is defined but never used.  unused-imports/no-unused-imports
12:3  Warning: 'Database' is defined but never used. Allowed unused vars must match /^_/u.  @typescript-eslint/no-unused-vars
17:3  Warning: 'Cpu' is defined but never used.  unused-imports/no-unused-imports
17:3  Warning: 'Cpu' is defined but never used. Allowed unused vars must match /^_/u.  @typescript-eslint/no-unused-vars
18:3  Warning: 'Clock' is defined but never used.  unused-imports/no-unused-imports
18:3  Warning: 'Clock' is defined but never used. Allowed unused vars must match /^_/u.  @typescript-eslint/no-unused-vars

./app/[locale]/docs/developers/infrastructure/node/modes/page.tsx
8:3  Warning: 'Shield' is defined but never used.  unused-imports/no-unused-imports
8:3  Warning: 'Shield' is defined but never used. Allowed unused vars must match /^_/u.  @typescript-eslint/no-unused-vars
9:3  Warning: 'Zap' is defined but never used.  unused-imports/no-unused-imports
9:3  Warning: 'Zap' is defined but never used. Allowed unused vars must match /^_/u.  @typescript-eslint/no-unused-vars
10:3  Warning: 'Clock' is defined but never used.  unused-imports/no-unused-imports
10:3  Warning: 'Clock' is defined but never used. Allowed unused vars must match /^_/u.  @typescript-eslint/no-unused-vars
18:3  Warning: 'Download' is defined but never used.  unused-imports/no-unused-imports
18:3  Warning: 'Download' is defined but never used. Allowed unused vars must match /^_/u.  @typescript-eslint/no-unused-vars
19:3  Warning: 'HardDriveIcon' is defined but never used.  unused-imports/no-unused-imports
19:3  Warning: 'HardDriveIcon' is defined but never used. Allowed unused vars must match /^_/u.  @typescript-eslint/no-unused-vars
20:3  Warning: 'Wifi' is defined but never used.  unused-imports/no-unused-imports
20:3  Warning: 'Wifi' is defined but never used. Allowed unused vars must match /^_/u.  @typescript-eslint/no-unused-vars
21:3  Warning: 'Cpu' is defined but never used.  unused-imports/no-unused-imports
21:3  Warning: 'Cpu' is defined but never used. Allowed unused vars must match /^_/u.  @typescript-eslint/no-unused-vars

./app/[locale]/docs/developers/infrastructure/node/modes/pruned-full-node/page.tsx
9:11  Warning: 'LinkIcon' is defined but never used.  unused-imports/no-unused-imports
9:11  Warning: 'LinkIcon' is defined but never used. Allowed unused vars must match /^_/u.  @typescript-eslint/no-unused-vars
12:3  Warning: 'ArrowLeft' is defined but never used.  unused-imports/no-unused-imports
12:3  Warning: 'ArrowLeft' is defined but never used. Allowed unused vars must match /^_/u.  @typescript-eslint/no-unused-vars
17:3  Warning: 'Globe' is defined but never used.  unused-imports/no-unused-imports
17:3  Warning: 'Globe' is defined but never used. Allowed unused vars must match /^_/u.  @typescript-eslint/no-unused-vars
19:3  Warning: 'Cpu' is defined but never used.  unused-imports/no-unused-imports
19:3  Warning: 'Cpu' is defined but never used. Allowed unused vars must match /^_/u.  @typescript-eslint/no-unused-vars

./app/[locale]/docs/developers/infrastructure/node/modes/pruned-full-node/technical-details/page.tsx
5:3  Warning: 'ArrowLeft' is defined but never used.  unused-imports/no-unused-imports
5:3  Warning: 'ArrowLeft' is defined but never used. Allowed unused vars must match /^_/u.  @typescript-eslint/no-unused-vars
17:3  Warning: 'AlertTriangle' is defined but never used.  unused-imports/no-unused-imports
17:3  Warning: 'AlertTriangle' is defined but never used. Allowed unused vars must match /^_/u.  @typescript-eslint/no-unused-vars
19:3  Warning: 'Clock' is defined but never used.  unused-imports/no-unused-imports
19:3  Warning: 'Clock' is defined but never used. Allowed unused vars must match /^_/u.  @typescript-eslint/no-unused-vars

./app/[locale]/docs/developers/infrastructure/node/protocol/peer-management/page.tsx
4:38  Warning: 'AlertTriangle' is defined but never used.  unused-imports/no-unused-imports
4:38  Warning: 'AlertTriangle' is defined but never used. Allowed unused vars must match /^_/u.  @typescript-eslint/no-unused-vars

./app/[locale]/docs/developers/infrastructure/node/setup/android/page.tsx
6:3  Warning: 'ArrowLeft' is defined but never used.  unused-imports/no-unused-imports
6:3  Warning: 'ArrowLeft' is defined but never used. Allowed unused vars must match /^_/u.  @typescript-eslint/no-unused-vars
7:3  Warning: 'Smartphone' is defined but never used.  unused-imports/no-unused-imports
7:3  Warning: 'Smartphone' is defined but never used. Allowed unused vars must match /^_/u.  @typescript-eslint/no-unused-vars
8:3  Warning: 'Terminal' is defined but never used.  unused-imports/no-unused-imports
8:3  Warning: 'Terminal' is defined but never used. Allowed unused vars must match /^_/u.  @typescript-eslint/no-unused-vars
12:3  Warning: 'Settings' is defined but never used.  unused-imports/no-unused-imports
12:3  Warning: 'Settings' is defined but never used. Allowed unused vars must match /^_/u.  @typescript-eslint/no-unused-vars
15:3  Warning: 'Cpu' is defined but never used.  unused-imports/no-unused-imports
15:3  Warning: 'Cpu' is defined but never used. Allowed unused vars must match /^_/u.  @typescript-eslint/no-unused-vars
19:3  Warning: 'Users' is defined but never used.  unused-imports/no-unused-imports
19:3  Warning: 'Users' is defined but never used. Allowed unused vars must match /^_/u.  @typescript-eslint/no-unused-vars
20:3  Warning: 'Globe' is defined but never used.  unused-imports/no-unused-imports
20:3  Warning: 'Globe' is defined but never used. Allowed unused vars must match /^_/u.  @typescript-eslint/no-unused-vars

./app/[locale]/docs/developers/infrastructure/node/setup/android/proot-rocksdb/page.tsx
4:23  Warning: 'ExternalLink' is defined but never used.  unused-imports/no-unused-imports
4:23  Warning: 'ExternalLink' is defined but never used. Allowed unused vars must match /^_/u.  @typescript-eslint/no-unused-vars
95:44  Error: Do not pass children as props. Instead, nest children between the opening and closing tags.  react/no-children-prop
96:44  Error: Do not pass children as props. Instead, nest children between the opening and closing tags.  react/no-children-prop
102:44  Error: Do not pass children as props. Instead, nest children between the opening and closing tags.  react/no-children-prop
108:44  Error: Do not pass children as props. Instead, nest children between the opening and closing tags.  react/no-children-prop
115:44  Error: Do not pass children as props. Instead, nest children between the opening and closing tags.  react/no-children-prop
117:44  Error: Do not pass children as props. Instead, nest children between the opening and closing tags.  react/no-children-prop
124:44  Error: Do not pass children as props. Instead, nest children between the opening and closing tags.  react/no-children-prop
131:44  Error: Do not pass children as props. Instead, nest children between the opening and closing tags.  react/no-children-prop
133:44  Error: Do not pass children as props. Instead, nest children between the opening and closing tags.  react/no-children-prop
145:44  Error: Do not pass children as props. Instead, nest children between the opening and closing tags.  react/no-children-prop

./app/[locale]/docs/developers/infrastructure/node/setup/android/termux-digest/page.tsx
2:17  Warning: 'useState' is defined but never used.  unused-imports/no-unused-imports
2:17  Warning: 'useState' is defined but never used. Allowed unused vars must match /^_/u.  @typescript-eslint/no-unused-vars
4:23  Warning: 'ExternalLink' is defined but never used.  unused-imports/no-unused-imports
4:23  Warning: 'ExternalLink' is defined but never used. Allowed unused vars must match /^_/u.  @typescript-eslint/no-unused-vars
4:37  Warning: 'Copy' is defined but never used.  unused-imports/no-unused-imports
4:37  Warning: 'Copy' is defined but never used. Allowed unused vars must match /^_/u.  @typescript-eslint/no-unused-vars
4:43  Warning: 'Check' is defined but never used.  unused-imports/no-unused-imports
4:43  Warning: 'Check' is defined but never used. Allowed unused vars must match /^_/u.  @typescript-eslint/no-unused-vars
72:44  Error: Do not pass children as props. Instead, nest children between the opening and closing tags.  react/no-children-prop
78:44  Error: Do not pass children as props. Instead, nest children between the opening and closing tags.  react/no-children-prop
83:44  Error: Do not pass children as props. Instead, nest children between the opening and closing tags.  react/no-children-prop
89:44  Error: Do not pass children as props. Instead, nest children between the opening and closing tags.  react/no-children-prop
91:44  Error: Do not pass children as props. Instead, nest children between the opening and closing tags.  react/no-children-prop
102:44  Error: Do not pass children as props. Instead, nest children between the opening and closing tags.  react/no-children-prop

./app/[locale]/docs/developers/infrastructure/node/setup/build/page.tsx
6:3  Warning: 'ArrowLeft' is defined but never used.  unused-imports/no-unused-imports
6:3  Warning: 'ArrowLeft' is defined but never used. Allowed unused vars must match /^_/u.  @typescript-eslint/no-unused-vars
17:3  Warning: 'Database' is defined but never used.  unused-imports/no-unused-imports
17:3  Warning: 'Database' is defined but never used. Allowed unused vars must match /^_/u.  @typescript-eslint/no-unused-vars
18:3  Warning: 'Zap' is defined but never used.  unused-imports/no-unused-imports
18:3  Warning: 'Zap' is defined but never used. Allowed unused vars must match /^_/u.  @typescript-eslint/no-unused-vars

./app/[locale]/docs/developers/infrastructure/node/setup/dependencies/page.tsx
6:3  Warning: 'ArrowLeft' is defined but never used.  unused-imports/no-unused-imports
6:3  Warning: 'ArrowLeft' is defined but never used. Allowed unused vars must match /^_/u.  @typescript-eslint/no-unused-vars
15:3  Warning: 'Terminal' is defined but never used.  unused-imports/no-unused-imports
15:3  Warning: 'Terminal' is defined but never used. Allowed unused vars must match /^_/u.  @typescript-eslint/no-unused-vars
17:3  Warning: 'Cpu' is defined but never used.  unused-imports/no-unused-imports
17:3  Warning: 'Cpu' is defined but never used. Allowed unused vars must match /^_/u.  @typescript-eslint/no-unused-vars
18:3  Warning: 'Database' is defined but never used.  unused-imports/no-unused-imports
18:3  Warning: 'Database' is defined but never used. Allowed unused vars must match /^_/u.  @typescript-eslint/no-unused-vars
19:3  Warning: 'Zap' is defined but never used.  unused-imports/no-unused-imports
19:3  Warning: 'Zap' is defined but never used. Allowed unused vars must match /^_/u.  @typescript-eslint/no-unused-vars
20:3  Warning: 'Shield' is defined but never used.  unused-imports/no-unused-imports
20:3  Warning: 'Shield' is defined but never used. Allowed unused vars must match /^_/u.  @typescript-eslint/no-unused-vars

./app/[locale]/docs/developers/infrastructure/node/setup/docker/page.tsx
6:3  Warning: 'ArrowLeft' is defined but never used.  unused-imports/no-unused-imports
6:3  Warning: 'ArrowLeft' is defined but never used. Allowed unused vars must match /^_/u.  @typescript-eslint/no-unused-vars
9:3  Warning: 'Server' is defined but never used.  unused-imports/no-unused-imports
9:3  Warning: 'Server' is defined but never used. Allowed unused vars must match /^_/u.  @typescript-eslint/no-unused-vars
12:3  Warning: 'Terminal' is defined but never used.  unused-imports/no-unused-imports
12:3  Warning: 'Terminal' is defined but never used. Allowed unused vars must match /^_/u.  @typescript-eslint/no-unused-vars
14:3  Warning: 'Cpu' is defined but never used.  unused-imports/no-unused-imports
14:3  Warning: 'Cpu' is defined but never used. Allowed unused vars must match /^_/u.  @typescript-eslint/no-unused-vars
15:3  Warning: 'Database' is defined but never used.  unused-imports/no-unused-imports
15:3  Warning: 'Database' is defined but never used. Allowed unused vars must match /^_/u.  @typescript-eslint/no-unused-vars
16:3  Warning: 'Zap' is defined but never used.  unused-imports/no-unused-imports
16:3  Warning: 'Zap' is defined but never used. Allowed unused vars must match /^_/u.  @typescript-eslint/no-unused-vars
17:3  Warning: 'Shield' is defined but never used.  unused-imports/no-unused-imports
17:3  Warning: 'Shield' is defined but never used. Allowed unused vars must match /^_/u.  @typescript-eslint/no-unused-vars
19:3  Warning: 'Brain' is defined but never used.  unused-imports/no-unused-imports
19:3  Warning: 'Brain' is defined but never used. Allowed unused vars must match /^_/u.  @typescript-eslint/no-unused-vars

./app/[locale]/docs/developers/infrastructure/node/setup/faq/page.tsx
7:3  Warning: 'HelpCircle' is defined but never used.  unused-imports/no-unused-imports
7:3  Warning: 'HelpCircle' is defined but never used. Allowed unused vars must match /^_/u.  @typescript-eslint/no-unused-vars
9:3  Warning: 'Shield' is defined but never used.  unused-imports/no-unused-imports
9:3  Warning: 'Shield' is defined but never used. Allowed unused vars must match /^_/u.  @typescript-eslint/no-unused-vars
11:3  Warning: 'Database' is defined but never used.  unused-imports/no-unused-imports
11:3  Warning: 'Database' is defined but never used. Allowed unused vars must match /^_/u.  @typescript-eslint/no-unused-vars
12:3  Warning: 'Terminal' is defined but never used.  unused-imports/no-unused-imports
12:3  Warning: 'Terminal' is defined but never used. Allowed unused vars must match /^_/u.  @typescript-eslint/no-unused-vars
13:3  Warning: 'Settings' is defined but never used.  unused-imports/no-unused-imports
13:3  Warning: 'Settings' is defined but never used. Allowed unused vars must match /^_/u.  @typescript-eslint/no-unused-vars
19:3  Warning: 'BookOpen' is defined but never used.  unused-imports/no-unused-imports
19:3  Warning: 'BookOpen' is defined but never used. Allowed unused vars must match /^_/u.  @typescript-eslint/no-unused-vars
20:3  Warning: 'GitBranch' is defined but never used.  unused-imports/no-unused-imports
20:3  Warning: 'GitBranch' is defined but never used. Allowed unused vars must match /^_/u.  @typescript-eslint/no-unused-vars
21:3  Warning: 'Code' is defined but never used.  unused-imports/no-unused-imports
21:3  Warning: 'Code' is defined but never used. Allowed unused vars must match /^_/u.  @typescript-eslint/no-unused-vars

./app/[locale]/docs/developers/infrastructure/node/setup/page.tsx
5:28  Warning: 'Camera' is defined but never used.  unused-imports/no-unused-imports
5:28  Warning: 'Camera' is defined but never used. Allowed unused vars must match /^_/u.  @typescript-eslint/no-unused-vars

./app/[locale]/docs/developers/infrastructure/node/setup/pi/page.tsx
6:3  Warning: 'ArrowLeft' is defined but never used.  unused-imports/no-unused-imports
6:3  Warning: 'ArrowLeft' is defined but never used. Allowed unused vars must match /^_/u.  @typescript-eslint/no-unused-vars
7:3  Warning: 'Cpu' is defined but never used.  unused-imports/no-unused-imports
7:3  Warning: 'Cpu' is defined but never used. Allowed unused vars must match /^_/u.  @typescript-eslint/no-unused-vars
15:3  Warning: 'Database' is defined but never used.  unused-imports/no-unused-imports
15:3  Warning: 'Database' is defined but never used. Allowed unused vars must match /^_/u.  @typescript-eslint/no-unused-vars
18:3  Warning: 'Users' is defined but never used.  unused-imports/no-unused-imports
18:3  Warning: 'Users' is defined but never used. Allowed unused vars must match /^_/u.  @typescript-eslint/no-unused-vars
19:3  Warning: 'Globe' is defined but never used.  unused-imports/no-unused-imports
19:3  Warning: 'Globe' is defined but never used. Allowed unused vars must match /^_/u.  @typescript-eslint/no-unused-vars
22:3  Warning: 'Download' is defined but never used.  unused-imports/no-unused-imports
22:3  Warning: 'Download' is defined but never used. Allowed unused vars must match /^_/u.  @typescript-eslint/no-unused-vars

./app/[locale]/docs/developers/infrastructure/node/setup/troubleshooting/page.tsx
7:3  Warning: 'Info' is defined but never used.  unused-imports/no-unused-imports
7:3  Warning: 'Info' is defined but never used. Allowed unused vars must match /^_/u.  @typescript-eslint/no-unused-vars
10:3  Warning: 'Bug' is defined but never used.  unused-imports/no-unused-imports
10:3  Warning: 'Bug' is defined but never used. Allowed unused vars must match /^_/u.  @typescript-eslint/no-unused-vars
13:3  Warning: 'ExternalLink' is defined but never used.  unused-imports/no-unused-imports
13:3  Warning: 'ExternalLink' is defined but never used. Allowed unused vars must match /^_/u.  @typescript-eslint/no-unused-vars
14:3  Warning: 'Clipboard' is defined but never used.  unused-imports/no-unused-imports
14:3  Warning: 'Clipboard' is defined but never used. Allowed unused vars must match /^_/u.  @typescript-eslint/no-unused-vars
17:3  Warning: 'BookOpen' is defined but never used.  unused-imports/no-unused-imports
17:3  Warning: 'BookOpen' is defined but never used. Allowed unused vars must match /^_/u.  @typescript-eslint/no-unused-vars
19:3  Warning: 'LogOut' is defined but never used.  unused-imports/no-unused-imports
19:3  Warning: 'LogOut' is defined but never used. Allowed unused vars must match /^_/u.  @typescript-eslint/no-unused-vars
21:3  Warning: 'Search' is defined but never used.  unused-imports/no-unused-imports
21:3  Warning: 'Search' is defined but never used. Allowed unused vars must match /^_/u.  @typescript-eslint/no-unused-vars
23:3  Warning: 'Settings' is defined but never used.  unused-imports/no-unused-imports
23:3  Warning: 'Settings' is defined but never used. Allowed unused vars must match /^_/u.  @typescript-eslint/no-unused-vars

./app/[locale]/docs/developers/infrastructure/node/testnet/cpu-mining/page.tsx
4:44  Warning: 'Terminal' is defined but never used.  unused-imports/no-unused-imports
4:44  Warning: 'Terminal' is defined but never used. Allowed unused vars must match /^_/u.  @typescript-eslint/no-unused-vars
4:54  Warning: 'ExternalLink' is defined but never used.  unused-imports/no-unused-imports
4:54  Warning: 'ExternalLink' is defined but never used. Allowed unused vars must match /^_/u.  @typescript-eslint/no-unused-vars
75:40  Error: Do not pass children as props. Instead, nest children between the opening and closing tags.  react/no-children-prop
77:40  Error: Do not pass children as props. Instead, nest children between the opening and closing tags.  react/no-children-prop
81:40  Error: Do not pass children as props. Instead, nest children between the opening and closing tags.  react/no-children-prop
85:40  Error: Do not pass children as props. Instead, nest children between the opening and closing tags.  react/no-children-prop

./app/[locale]/docs/developers/infrastructure/node/testnet/mine-your-own-chain/page.tsx
4:23  Warning: 'Terminal' is defined but never used.  unused-imports/no-unused-imports
4:23  Warning: 'Terminal' is defined but never used. Allowed unused vars must match /^_/u.  @typescript-eslint/no-unused-vars
58:40  Error: Do not pass children as props. Instead, nest children between the opening and closing tags.  react/no-children-prop
68:44  Error: Do not pass children as props. Instead, nest children between the opening and closing tags.  react/no-children-prop
74:44  Error: Do not pass children as props. Instead, nest children between the opening and closing tags.  react/no-children-prop

./app/[locale]/docs/developers/infrastructure/node/testnet/page.tsx
60:27  Warning: 'i' is defined but never used. Allowed unused args must match /^_/u.  unused-imports/no-unused-vars
60:27  Warning: 'i' is defined but never used. Allowed unused args must match /^_/u.  @typescript-eslint/no-unused-vars

./app/[locale]/docs/developers/infrastructure/node/testnet/testnet-full/page.tsx
4:49  Warning: 'ExternalLink' is defined but never used.  unused-imports/no-unused-imports
4:49  Warning: 'ExternalLink' is defined but never used. Allowed unused vars must match /^_/u.  @typescript-eslint/no-unused-vars
44:44  Error: Do not pass children as props. Instead, nest children between the opening and closing tags.  react/no-children-prop
54:44  Error: Do not pass children as props. Instead, nest children between the opening and closing tags.  react/no-children-prop

./app/[locale]/docs/developers/infrastructure/node/testnet/testnet-resources/page.tsx
4:23  Warning: 'Info' is defined but never used.  unused-imports/no-unused-imports
4:23  Warning: 'Info' is defined but never used. Allowed unused vars must match /^_/u.  @typescript-eslint/no-unused-vars
71:69  Error: Do not pass children as props. Instead, nest children between the opening and closing tags.  react/no-children-prop
80:44  Error: Do not pass children as props. Instead, nest children between the opening and closing tags.  react/no-children-prop
131:44  Error: Do not pass children as props. Instead, nest children between the opening and closing tags.  react/no-children-prop

./app/[locale]/docs/developers/infrastructure/offchain/page.tsx
9:3  Warning: 'ExternalLink' is defined but never used.  unused-imports/no-unused-imports
9:3  Warning: 'ExternalLink' is defined but never used. Allowed unused vars must match /^_/u.  @typescript-eslint/no-unused-vars
714:30  Error: Using `<img>` could result in slower LCP and higher bandwidth. Consider using `<Image />` from `next/image` to automatically optimize images. This may incur additional usage or cost from your provider. See: https://nextjs.org/docs/messages/no-img-element  @next/next/no-img-element

./app/[locale]/docs/developers/infrastructure/page.tsx
5:57  Warning: 'ChevronRight' is defined but never used.  unused-imports/no-unused-imports
5:57  Warning: 'ChevronRight' is defined but never used. Allowed unused vars must match /^_/u.  @typescript-eslint/no-unused-vars

./app/[locale]/docs/developers/infrastructure/wallets/access-issues/page.tsx
4:10  Warning: 'AlertTriangle' is defined but never used.  unused-imports/no-unused-imports
4:10  Warning: 'AlertTriangle' is defined but never used. Allowed unused vars must match /^_/u.  @typescript-eslint/no-unused-vars
4:31  Warning: 'ExternalLink' is defined but never used.  unused-imports/no-unused-imports
4:31  Warning: 'ExternalLink' is defined but never used. Allowed unused vars must match /^_/u.  @typescript-eslint/no-unused-vars
4:45  Warning: 'ChevronRight' is defined but never used.  unused-imports/no-unused-imports
4:45  Warning: 'ChevronRight' is defined but never used. Allowed unused vars must match /^_/u.  @typescript-eslint/no-unused-vars
4:59  Warning: 'BookOpen' is defined but never used.  unused-imports/no-unused-imports
4:59  Warning: 'BookOpen' is defined but never used. Allowed unused vars must match /^_/u.  @typescript-eslint/no-unused-vars

./app/[locale]/docs/developers/infrastructure/wallets/minotaur/page.tsx
5:3  Warning: 'Wallet' is defined but never used.  unused-imports/no-unused-imports
5:3  Warning: 'Wallet' is defined but never used. Allowed unused vars must match /^_/u.  @typescript-eslint/no-unused-vars
6:3  Warning: 'Shield' is defined but never used.  unused-imports/no-unused-imports
6:3  Warning: 'Shield' is defined but never used. Allowed unused vars must match /^_/u.  @typescript-eslint/no-unused-vars
8:3  Warning: 'Key' is defined but never used.  unused-imports/no-unused-imports
8:3  Warning: 'Key' is defined but never used. Allowed unused vars must match /^_/u.  @typescript-eslint/no-unused-vars
9:3  Warning: 'Lock' is defined but never used.  unused-imports/no-unused-imports
9:3  Warning: 'Lock' is defined but never used. Allowed unused vars must match /^_/u.  @typescript-eslint/no-unused-vars
10:3  Warning: 'Smartphone' is defined but never used.  unused-imports/no-unused-imports
10:3  Warning: 'Smartphone' is defined but never used. Allowed unused vars must match /^_/u.  @typescript-eslint/no-unused-vars
12:3  Warning: 'Globe' is defined but never used.  unused-imports/no-unused-imports
12:3  Warning: 'Globe' is defined but never used. Allowed unused vars must match /^_/u.  @typescript-eslint/no-unused-vars
14:3  Warning: 'AlertTriangle' is defined but never used.  unused-imports/no-unused-imports
14:3  Warning: 'AlertTriangle' is defined but never used. Allowed unused vars must match /^_/u.  @typescript-eslint/no-unused-vars
17:3  Warning: 'Download' is defined but never used.  unused-imports/no-unused-imports
17:3  Warning: 'Download' is defined but never used. Allowed unused vars must match /^_/u.  @typescript-eslint/no-unused-vars
20:3  Warning: 'Database' is defined but never used.  unused-imports/no-unused-imports
20:3  Warning: 'Database' is defined but never used. Allowed unused vars must match /^_/u.  @typescript-eslint/no-unused-vars
28:12  Warning: 'Browser' is defined but never used.  unused-imports/no-unused-imports
28:12  Warning: 'Browser' is defined but never used. Allowed unused vars must match /^_/u.  @typescript-eslint/no-unused-vars
29:13  Warning: 'Security' is defined but never used.  unused-imports/no-unused-imports
29:13  Warning: 'Security' is defined but never used. Allowed unused vars must match /^_/u.  @typescript-eslint/no-unused-vars
31:10  Warning: 'MultiKey' is defined but never used.  unused-imports/no-unused-imports
31:10  Warning: 'MultiKey' is defined but never used. Allowed unused vars must match /^_/u.  @typescript-eslint/no-unused-vars

./app/[locale]/docs/developers/infrastructure/wallets/multisig/page.tsx
4:29  Warning: 'ExternalLink' is defined but never used.  unused-imports/no-unused-imports
4:29  Warning: 'ExternalLink' is defined but never used. Allowed unused vars must match /^_/u.  @typescript-eslint/no-unused-vars

./app/[locale]/docs/developers/infrastructure/wallets/page.tsx
5:3  Warning: 'Wallet' is defined but never used.  unused-imports/no-unused-imports
5:3  Warning: 'Wallet' is defined but never used. Allowed unused vars must match /^_/u.  @typescript-eslint/no-unused-vars
6:3  Warning: 'Smartphone' is defined but never used.  unused-imports/no-unused-imports
6:3  Warning: 'Smartphone' is defined but never used. Allowed unused vars must match /^_/u.  @typescript-eslint/no-unused-vars
7:3  Warning: 'Monitor' is defined but never used.  unused-imports/no-unused-imports
7:3  Warning: 'Monitor' is defined but never used. Allowed unused vars must match /^_/u.  @typescript-eslint/no-unused-vars
8:3  Warning: 'Globe' is defined but never used.  unused-imports/no-unused-imports
8:3  Warning: 'Globe' is defined but never used. Allowed unused vars must match /^_/u.  @typescript-eslint/no-unused-vars
13:3  Warning: 'XCircle' is defined but never used.  unused-imports/no-unused-imports
13:3  Warning: 'XCircle' is defined but never used. Allowed unused vars must match /^_/u.  @typescript-eslint/no-unused-vars
17:3  Warning: 'Download' is defined but never used.  unused-imports/no-unused-imports
17:3  Warning: 'Download' is defined but never used. Allowed unused vars must match /^_/u.  @typescript-eslint/no-unused-vars
18:3  Warning: 'Lock' is defined but never used.  unused-imports/no-unused-imports
18:3  Warning: 'Lock' is defined but never used. Allowed unused vars must match /^_/u.  @typescript-eslint/no-unused-vars
20:3  Warning: 'Zap' is defined but never used.  unused-imports/no-unused-imports
20:3  Warning: 'Zap' is defined but never used. Allowed unused vars must match /^_/u.  @typescript-eslint/no-unused-vars
26:13  Warning: 'Security' is defined but never used.  unused-imports/no-unused-imports
26:13  Warning: 'Security' is defined but never used. Allowed unused vars must match /^_/u.  @typescript-eslint/no-unused-vars

./app/[locale]/docs/developers/infrastructure/wallets/safew/page.tsx
11:3  Warning: 'Users' is defined but never used.  unused-imports/no-unused-imports
11:3  Warning: 'Users' is defined but never used. Allowed unused vars must match /^_/u.  @typescript-eslint/no-unused-vars

./app/[locale]/docs/developers/page.tsx
13:3  Warning: 'Wallet' is defined but never used.  unused-imports/no-unused-imports
13:3  Warning: 'Wallet' is defined but never used. Allowed unused vars must match /^_/u.  @typescript-eslint/no-unused-vars
28:3  Warning: 'Key' is defined but never used.  unused-imports/no-unused-imports
28:3  Warning: 'Key' is defined but never used. Allowed unused vars must match /^_/u.  @typescript-eslint/no-unused-vars

./app/[locale]/docs/developers/students/page.tsx
3:65  Warning: 'Server' is defined but never used.  unused-imports/no-unused-imports
3:65  Warning: 'Server' is defined but never used. Allowed unused vars must match /^_/u.  @typescript-eslint/no-unused-vars
3:83  Warning: 'Cloud' is defined but never used.  unused-imports/no-unused-imports
3:83  Warning: 'Cloud' is defined but never used. Allowed unused vars must match /^_/u.  @typescript-eslint/no-unused-vars
3:90  Warning: 'Lock' is defined but never used.  unused-imports/no-unused-imports
3:90  Warning: 'Lock' is defined but never used. Allowed unused vars must match /^_/u.  @typescript-eslint/no-unused-vars
3:111  Warning: 'MessageCircle' is defined but never used.  unused-imports/no-unused-imports
3:111  Warning: 'MessageCircle' is defined but never used. Allowed unused vars must match /^_/u.  @typescript-eslint/no-unused-vars
3:126  Warning: 'GitBranch' is defined but never used.  unused-imports/no-unused-imports
3:126  Warning: 'GitBranch' is defined but never used. Allowed unused vars must match /^_/u.  @typescript-eslint/no-unused-vars
3:137  Warning: 'ExternalLink' is defined but never used.  unused-imports/no-unused-imports
3:137  Warning: 'ExternalLink' is defined but never used. Allowed unused vars must match /^_/u.  @typescript-eslint/no-unused-vars
3:151  Warning: 'Zap' is defined but never used.  unused-imports/no-unused-imports
3:151  Warning: 'Zap' is defined but never used. Allowed unused vars must match /^_/u.  @typescript-eslint/no-unused-vars
3:156  Warning: 'Layers' is defined but never used.  unused-imports/no-unused-imports
3:156  Warning: 'Layers' is defined but never used. Allowed unused vars must match /^_/u.  @typescript-eslint/no-unused-vars
3:164  Warning: 'Globe' is defined but never used.  unused-imports/no-unused-imports
3:164  Warning: 'Globe' is defined but never used. Allowed unused vars must match /^_/u.  @typescript-eslint/no-unused-vars
3:171  Warning: 'Wrench' is defined but never used.  unused-imports/no-unused-imports
3:171  Warning: 'Wrench' is defined but never used. Allowed unused vars must match /^_/u.  @typescript-eslint/no-unused-vars

./app/[locale]/docs/developers/tooling/appkit/frameworks/appkit/local-node/page.tsx
4:21  Warning: 'ExternalLink' is defined but never used.  unused-imports/no-unused-imports
4:21  Warning: 'ExternalLink' is defined but never used. Allowed unused vars must match /^_/u.  @typescript-eslint/no-unused-vars

./app/[locale]/docs/developers/tooling/browser/page.tsx
33:39  Warning: Unexpected any. Specify a different type.  @typescript-eslint/no-explicit-any

./app/[locale]/docs/developers/tooling/compilers/phases/page.tsx
30:32  Warning: 'language' is assigned a value but never used. Allowed unused args must match /^_/u.  unused-imports/no-unused-vars
30:32  Warning: 'language' is assigned a value but never used. Allowed unused args must match /^_/u.  @typescript-eslint/no-unused-vars

./app/[locale]/docs/developers/tooling/compilers/sigmastate-interpreter/page.tsx
30:32  Warning: 'language' is assigned a value but never used. Allowed unused args must match /^_/u.  unused-imports/no-unused-vars
30:32  Warning: 'language' is assigned a value but never used. Allowed unused args must match /^_/u.  @typescript-eslint/no-unused-vars

./app/[locale]/docs/developers/tooling/debugging/page.tsx
2:17  Warning: 'useState' is defined but never used.  unused-imports/no-unused-imports
2:17  Warning: 'useState' is defined but never used. Allowed unused vars must match /^_/u.  @typescript-eslint/no-unused-vars
245:15  Error: Do not pass children as props. Instead, nest children between the opening and closing tags.  react/no-children-prop
280:21  Error: Do not pass children as props. Instead, nest children between the opening and closing tags.  react/no-children-prop

./app/[locale]/docs/developers/tooling/desktop/page.tsx
53:39  Warning: Unexpected any. Specify a different type.  @typescript-eslint/no-explicit-any

./app/[locale]/docs/developers/tooling/development-stack/page.tsx
4:83  Warning: 'Package' is defined but never used.  unused-imports/no-unused-imports
4:83  Warning: 'Package' is defined but never used. Allowed unused vars must match /^_/u.  @typescript-eslint/no-unused-vars
4:92  Warning: 'Box' is defined but never used.  unused-imports/no-unused-imports
4:92  Warning: 'Box' is defined but never used. Allowed unused vars must match /^_/u.  @typescript-eslint/no-unused-vars
4:97  Warning: 'MessageCircle' is defined but never used.  unused-imports/no-unused-imports
4:97  Warning: 'MessageCircle' is defined but never used. Allowed unused vars must match /^_/u.  @typescript-eslint/no-unused-vars
4:112  Warning: 'HelpCircle' is defined but never used.  unused-imports/no-unused-imports
4:112  Warning: 'HelpCircle' is defined but never used. Allowed unused vars must match /^_/u.  @typescript-eslint/no-unused-vars
4:124  Warning: 'TestTube' is defined but never used.  unused-imports/no-unused-imports
4:124  Warning: 'TestTube' is defined but never used. Allowed unused vars must match /^_/u.  @typescript-eslint/no-unused-vars
4:134  Warning: 'Link2' is defined but never used.  unused-imports/no-unused-imports
4:134  Warning: 'Link2' is defined but never used. Allowed unused vars must match /^_/u.  @typescript-eslint/no-unused-vars
4:141  Warning: 'Users' is defined but never used.  unused-imports/no-unused-imports
4:141  Warning: 'Users' is defined but never used. Allowed unused vars must match /^_/u.  @typescript-eslint/no-unused-vars
4:177  Warning: 'Database' is defined but never used.  unused-imports/no-unused-imports
4:177  Warning: 'Database' is defined but never used. Allowed unused vars must match /^_/u.  @typescript-eslint/no-unused-vars
4:187  Warning: 'Zap' is defined but never used.  unused-imports/no-unused-imports
4:187  Warning: 'Zap' is defined but never used. Allowed unused vars must match /^_/u.  @typescript-eslint/no-unused-vars
4:192  Warning: 'FileQuestion' is defined but never used.  unused-imports/no-unused-imports
4:192  Warning: 'FileQuestion' is defined but never used. Allowed unused vars must match /^_/u.  @typescript-eslint/no-unused-vars
7:7  Warning: 'justGettingStartedCards' is assigned a value but never used. Allowed unused vars must match /^_/u.  unused-imports/no-unused-vars
7:7  Warning: 'justGettingStartedCards' is assigned a value but never used. Allowed unused vars must match /^_/u.  @typescript-eslint/no-unused-vars
89:23  Warning: Unexpected any. Specify a different type.  @typescript-eslint/no-explicit-any
90:7  Warning: 'baseResources' is assigned a value but never used. Allowed unused vars must match /^_/u.  unused-imports/no-unused-vars
90:7  Warning: 'baseResources' is assigned a value but never used. Allowed unused vars must match /^_/u.  @typescript-eslint/no-unused-vars
108:7  Warning: 'scriptsTools' is assigned a value but never used. Allowed unused vars must match /^_/u.  unused-imports/no-unused-vars
108:7  Warning: 'scriptsTools' is assigned a value but never used. Allowed unused vars must match /^_/u.  @typescript-eslint/no-unused-vars
130:7  Warning: 'overviewArticles' is assigned a value but never used. Allowed unused vars must match /^_/u.  unused-imports/no-unused-vars
130:7  Warning: 'overviewArticles' is assigned a value but never used. Allowed unused vars must match /^_/u.  @typescript-eslint/no-unused-vars
135:7  Warning: 'devArticles' is assigned a value but never used. Allowed unused vars must match /^_/u.  unused-imports/no-unused-vars
135:7  Warning: 'devArticles' is assigned a value but never used. Allowed unused vars must match /^_/u.  @typescript-eslint/no-unused-vars
140:7  Warning: 'courses' is assigned a value but never used. Allowed unused vars must match /^_/u.  unused-imports/no-unused-vars
140:7  Warning: 'courses' is assigned a value but never used. Allowed unused vars must match /^_/u.  @typescript-eslint/no-unused-vars
160:7  Warning: 'frameworks' is assigned a value but never used. Allowed unused vars must match /^_/u.  unused-imports/no-unused-vars
160:7  Warning: 'frameworks' is assigned a value but never used. Allowed unused vars must match /^_/u.  @typescript-eslint/no-unused-vars
187:61  Warning: Unexpected any. Specify a different type.  @typescript-eslint/no-explicit-any
225:57  Warning: Unexpected any. Specify a different type.  @typescript-eslint/no-explicit-any

./app/[locale]/docs/developers/tooling/frameworks/appkit/page.tsx
81:39  Warning: Unexpected any. Specify a different type.  @typescript-eslint/no-explicit-any
108:41  Warning: Unexpected any. Specify a different type.  @typescript-eslint/no-explicit-any

./app/[locale]/docs/developers/tooling/frameworks/ergpy/page.tsx
4:21  Warning: 'ExternalLink' is defined but never used.  unused-imports/no-unused-imports
4:21  Warning: 'ExternalLink' is defined but never used. Allowed unused vars must match /^_/u.  @typescript-eslint/no-unused-vars

./app/[locale]/docs/developers/tooling/frameworks/mosaik/page.tsx
8:1  Warning: 'lucide-react' import is duplicated.  no-duplicate-imports
9:3  Warning: 'LayoutDashboard' is defined but never used.  unused-imports/no-unused-imports
9:3  Warning: 'LayoutDashboard' is defined but never used. Allowed unused vars must match /^_/u.  @typescript-eslint/no-unused-vars
10:3  Warning: 'Cpu' is defined but never used.  unused-imports/no-unused-imports
10:3  Warning: 'Cpu' is defined but never used. Allowed unused vars must match /^_/u.  @typescript-eslint/no-unused-vars
11:3  Warning: 'Zap' is defined but never used.  unused-imports/no-unused-imports
11:3  Warning: 'Zap' is defined but never used. Allowed unused vars must match /^_/u.  @typescript-eslint/no-unused-vars
12:3  Warning: 'Globe' is defined but never used.  unused-imports/no-unused-imports
12:3  Warning: 'Globe' is defined but never used. Allowed unused vars must match /^_/u.  @typescript-eslint/no-unused-vars
13:3  Warning: 'UploadCloud' is defined but never used.  unused-imports/no-unused-imports
13:3  Warning: 'UploadCloud' is defined but never used. Allowed unused vars must match /^_/u.  @typescript-eslint/no-unused-vars
14:3  Warning: 'BookOpen' is defined but never used.  unused-imports/no-unused-imports
14:3  Warning: 'BookOpen' is defined but never used. Allowed unused vars must match /^_/u.  @typescript-eslint/no-unused-vars

./app/[locale]/docs/developers/tooling/frameworks/sigmarust/page.tsx
4:21  Warning: 'ExternalLink' is defined but never used.  unused-imports/no-unused-imports
4:21  Warning: 'ExternalLink' is defined but never used. Allowed unused vars must match /^_/u.  @typescript-eslint/no-unused-vars

./app/[locale]/docs/developers/tooling/libraries/deco/page.tsx
4:21  Warning: 'ExternalLink' is defined but never used.  unused-imports/no-unused-imports
4:21  Warning: 'ExternalLink' is defined but never used. Allowed unused vars must match /^_/u.  @typescript-eslint/no-unused-vars

./app/[locale]/docs/developers/tooling/libraries/eip12-types/page.tsx
4:21  Warning: 'ExternalLink' is defined but never used.  unused-imports/no-unused-imports
4:21  Warning: 'ExternalLink' is defined but never used. Allowed unused vars must match /^_/u.  @typescript-eslint/no-unused-vars

./app/[locale]/docs/developers/tooling/libraries/getblok-plasma/page.tsx
4:21  Warning: 'ExternalLink' is defined but never used.  unused-imports/no-unused-imports
4:21  Warning: 'ExternalLink' is defined but never used. Allowed unused vars must match /^_/u.  @typescript-eslint/no-unused-vars

./app/[locale]/docs/developers/tooling/libraries/scrypto/page.tsx
4:21  Warning: 'ExternalLink' is defined but never used.  unused-imports/no-unused-imports
4:21  Warning: 'ExternalLink' is defined but never used. Allowed unused vars must match /^_/u.  @typescript-eslint/no-unused-vars

./app/[locale]/docs/developers/tooling/libraries/sigmajs/page.tsx
4:21  Warning: 'ExternalLink' is defined but never used.  unused-imports/no-unused-imports
4:21  Warning: 'ExternalLink' is defined but never used. Allowed unused vars must match /^_/u.  @typescript-eslint/no-unused-vars

./app/[locale]/docs/developers/tooling/mobile/android/page.tsx
44:39  Warning: Unexpected any. Specify a different type.  @typescript-eslint/no-explicit-any

./app/[locale]/docs/developers/tooling/mobile/ios/page.tsx
31:39  Warning: Unexpected any. Specify a different type.  @typescript-eslint/no-explicit-any

./app/[locale]/docs/developers/tooling/mobile/page.tsx
25:39  Warning: Unexpected any. Specify a different type.  @typescript-eslint/no-explicit-any

./app/[locale]/docs/developers/tooling/mosaik/page.tsx
5:1  Warning: 'lucide-react' import is duplicated.  no-duplicate-imports
6:3  Warning: 'LayoutDashboard' is defined but never used.  unused-imports/no-unused-imports
6:3  Warning: 'LayoutDashboard' is defined but never used. Allowed unused vars must match /^_/u.  @typescript-eslint/no-unused-vars
7:3  Warning: 'Cpu' is defined but never used.  unused-imports/no-unused-imports
7:3  Warning: 'Cpu' is defined but never used. Allowed unused vars must match /^_/u.  @typescript-eslint/no-unused-vars
8:3  Warning: 'Zap' is defined but never used.  unused-imports/no-unused-imports
8:3  Warning: 'Zap' is defined but never used. Allowed unused vars must match /^_/u.  @typescript-eslint/no-unused-vars
9:3  Warning: 'Globe' is defined but never used.  unused-imports/no-unused-imports
9:3  Warning: 'Globe' is defined but never used. Allowed unused vars must match /^_/u.  @typescript-eslint/no-unused-vars
10:3  Warning: 'UploadCloud' is defined but never used.  unused-imports/no-unused-imports
10:3  Warning: 'UploadCloud' is defined but never used. Allowed unused vars must match /^_/u.  @typescript-eslint/no-unused-vars
11:3  Warning: 'BookOpen' is defined but never used.  unused-imports/no-unused-imports
11:3  Warning: 'BookOpen' is defined but never used. Allowed unused vars must match /^_/u.  @typescript-eslint/no-unused-vars
77:7  Error: Using `<img>` could result in slower LCP and higher bandwidth. Consider using `<Image />` from `next/image` to automatically optimize images. This may incur additional usage or cost from your provider. See: https://nextjs.org/docs/messages/no-img-element  @next/next/no-img-element

./app/[locale]/docs/developers/tooling/mosaik/tutorial/page.tsx
4:1  Warning: 'lucide-react' import is duplicated.  no-duplicate-imports

./app/[locale]/docs/developers/tooling/payments/assembler/page.tsx
4:21  Warning: 'ExternalLink' is defined but never used.  unused-imports/no-unused-imports
4:21  Warning: 'ExternalLink' is defined but never used. Allowed unused vars must match /^_/u.  @typescript-eslint/no-unused-vars

./app/[locale]/docs/developers/tooling/payments/dapp-connector/page.tsx
4:21  Warning: 'ExternalLink' is defined but never used.  unused-imports/no-unused-imports
4:21  Warning: 'ExternalLink' is defined but never used. Allowed unused vars must match /^_/u.  @typescript-eslint/no-unused-vars

./app/[locale]/docs/developers/tooling/payments/ergoauth/page.tsx
5:10  Warning: 'CodeBlock' is defined but never used.  unused-imports/no-unused-imports
5:10  Warning: 'CodeBlock' is defined but never used. Allowed unused vars must match /^_/u.  @typescript-eslint/no-unused-vars

./app/[locale]/docs/developers/tooling/payments/ergopay/page.tsx
4:21  Warning: 'ExternalLink' is defined but never used.  unused-imports/no-unused-imports
4:21  Warning: 'ExternalLink' is defined but never used. Allowed unused vars must match /^_/u.  @typescript-eslint/no-unused-vars
5:10  Warning: 'CodeBlock' is defined but never used.  unused-imports/no-unused-imports
5:10  Warning: 'CodeBlock' is defined but never used. Allowed unused vars must match /^_/u.  @typescript-eslint/no-unused-vars

./app/[locale]/docs/developers/tooling/payments/ergopay/tutorial/page.tsx
5:10  Warning: 'CodeBlock' is defined but never used.  unused-imports/no-unused-imports
5:10  Warning: 'CodeBlock' is defined but never used. Allowed unused vars must match /^_/u.  @typescript-eslint/no-unused-vars

./app/[locale]/docs/developers/tooling/payments/page.tsx
29:39  Warning: Unexpected any. Specify a different type.  @typescript-eslint/no-explicit-any

./app/[locale]/docs/developers/tooling/playgrounds/page.tsx
4:21  Warning: 'ExternalLink' is defined but never used.  unused-imports/no-unused-imports
4:21  Warning: 'ExternalLink' is defined but never used. Allowed unused vars must match /^_/u.  @typescript-eslint/no-unused-vars

./app/[locale]/docs/developers/tooling/programming-languages/javascript/page.tsx
81:39  Warning: Unexpected any. Specify a different type.  @typescript-eslint/no-explicit-any

./app/[locale]/docs/developers/tooling/programming-languages/jvm/page.tsx
4:21  Warning: 'Layers' is defined but never used.  unused-imports/no-unused-imports
4:21  Warning: 'Layers' is defined but never used. Allowed unused vars must match /^_/u.  @typescript-eslint/no-unused-vars
25:41  Warning: Unexpected any. Specify a different type.  @typescript-eslint/no-explicit-any

./app/[locale]/docs/developers/tooling/programming-languages/others/csharp/page.tsx
4:21  Warning: 'ExternalLink' is defined but never used.  unused-imports/no-unused-imports
4:21  Warning: 'ExternalLink' is defined but never used. Allowed unused vars must match /^_/u.  @typescript-eslint/no-unused-vars

./app/[locale]/docs/developers/tooling/programming-languages/others/go/page.tsx
4:21  Warning: 'ExternalLink' is defined but never used.  unused-imports/no-unused-imports
4:21  Warning: 'ExternalLink' is defined but never used. Allowed unused vars must match /^_/u.  @typescript-eslint/no-unused-vars

./app/[locale]/docs/developers/tooling/programming-languages/others/page.tsx
24:39  Warning: Unexpected any. Specify a different type.  @typescript-eslint/no-explicit-any

./app/[locale]/docs/developers/tooling/programming-languages/page.tsx
4:21  Warning: 'Code' is defined but never used.  unused-imports/no-unused-imports
4:21  Warning: 'Code' is defined but never used. Allowed unused vars must match /^_/u.  @typescript-eslint/no-unused-vars

./app/[locale]/docs/developers/tooling/programming-languages/rust/page.tsx
45:39  Warning: Unexpected any. Specify a different type.  @typescript-eslint/no-explicit-any

./app/[locale]/docs/developers/tooling/server/page.tsx
43:39  Warning: Unexpected any. Specify a different type.  @typescript-eslint/no-explicit-any

./app/[locale]/docs/developers/tooling/sigmajs/page.tsx
4:21  Warning: 'Code' is defined but never used.  unused-imports/no-unused-imports
4:21  Warning: 'Code' is defined but never used. Allowed unused vars must match /^_/u.  @typescript-eslint/no-unused-vars

./app/[locale]/docs/developers/tutorials/page.tsx
5:18  Warning: 'Cpu' is defined but never used.  unused-imports/no-unused-imports
5:18  Warning: 'Cpu' is defined but never used. Allowed unused vars must match /^_/u.  @typescript-eslint/no-unused-vars
5:28  Warning: 'ChevronRight' is defined but never used.  unused-imports/no-unused-imports
5:28  Warning: 'ChevronRight' is defined but never used. Allowed unused vars must match /^_/u.  @typescript-eslint/no-unused-vars

./app/[locale]/docs/ecosystem/ai/page.tsx
4:3  Warning: 'Cpu' is defined but never used.  unused-imports/no-unused-imports
4:3  Warning: 'Cpu' is defined but never used. Allowed unused vars must match /^_/u.  @typescript-eslint/no-unused-vars
4:8  Warning: 'Brain' is defined but never used.  unused-imports/no-unused-imports
4:8  Warning: 'Brain' is defined but never used. Allowed unused vars must match /^_/u.  @typescript-eslint/no-unused-vars
4:15  Warning: 'Zap' is defined but never used.  unused-imports/no-unused-imports
4:15  Warning: 'Zap' is defined but never used. Allowed unused vars must match /^_/u.  @typescript-eslint/no-unused-vars
4:20  Warning: 'Database' is defined but never used.  unused-imports/no-unused-imports
4:20  Warning: 'Database' is defined but never used. Allowed unused vars must match /^_/u.  @typescript-eslint/no-unused-vars
4:30  Warning: 'Users' is defined but never used.  unused-imports/no-unused-imports
4:30  Warning: 'Users' is defined but never used. Allowed unused vars must match /^_/u.  @typescript-eslint/no-unused-vars
4:37  Warning: 'Layers' is defined but never used.  unused-imports/no-unused-imports
4:37  Warning: 'Layers' is defined but never used. Allowed unused vars must match /^_/u.  @typescript-eslint/no-unused-vars
5:3  Warning: 'FileText' is defined but never used.  unused-imports/no-unused-imports
5:3  Warning: 'FileText' is defined but never used. Allowed unused vars must match /^_/u.  @typescript-eslint/no-unused-vars
5:13  Warning: 'Lightbulb' is defined but never used.  unused-imports/no-unused-imports
5:13  Warning: 'Lightbulb' is defined but never used. Allowed unused vars must match /^_/u.  @typescript-eslint/no-unused-vars
7:10  Warning: 'CodeBlock' is defined but never used.  unused-imports/no-unused-imports
7:10  Warning: 'CodeBlock' is defined but never used. Allowed unused vars must match /^_/u.  @typescript-eslint/no-unused-vars

./app/[locale]/docs/ecosystem/applications/email-client/page.tsx
2:10  Warning: 'Globe' is defined but never used.  unused-imports/no-unused-imports
2:10  Warning: 'Globe' is defined but never used. Allowed unused vars must match /^_/u.  @typescript-eslint/no-unused-vars
2:44  Warning: 'ExternalLink' is defined but never used.  unused-imports/no-unused-imports
2:44  Warning: 'ExternalLink' is defined but never used. Allowed unused vars must match /^_/u.  @typescript-eslint/no-unused-vars

./app/[locale]/docs/ecosystem/applications/page.tsx
6:3  Warning: 'PawPrint' is defined but never used.  unused-imports/no-unused-imports
6:3  Warning: 'PawPrint' is defined but never used. Allowed unused vars must match /^_/u.  @typescript-eslint/no-unused-vars
8:3  Warning: 'ChevronRight' is defined but never used.  unused-imports/no-unused-imports
8:3  Warning: 'ChevronRight' is defined but never used. Allowed unused vars must match /^_/u.  @typescript-eslint/no-unused-vars

./app/[locale]/docs/ecosystem/applications/tabbypos/page.tsx
8:3  Warning: 'Users' is defined but never used.  unused-imports/no-unused-imports
8:3  Warning: 'Users' is defined but never used. Allowed unused vars must match /^_/u.  @typescript-eslint/no-unused-vars
10:11  Warning: 'LinkIcon' is defined but never used.  unused-imports/no-unused-imports
10:11  Warning: 'LinkIcon' is defined but never used. Allowed unused vars must match /^_/u.  @typescript-eslint/no-unused-vars
13:3  Warning: 'Flame' is defined but never used.  unused-imports/no-unused-imports
13:3  Warning: 'Flame' is defined but never used. Allowed unused vars must match /^_/u.  @typescript-eslint/no-unused-vars
14:3  Warning: 'TrendingUp' is defined but never used.  unused-imports/no-unused-imports
14:3  Warning: 'TrendingUp' is defined but never used. Allowed unused vars must match /^_/u.  @typescript-eslint/no-unused-vars
15:3  Warning: 'Lock' is defined but never used.  unused-imports/no-unused-imports
15:3  Warning: 'Lock' is defined but never used. Allowed unused vars must match /^_/u.  @typescript-eslint/no-unused-vars
18:3  Warning: 'Twitter' is defined but never used.  unused-imports/no-unused-imports
18:3  Warning: 'Twitter' is defined but never used. Allowed unused vars must match /^_/u.  @typescript-eslint/no-unused-vars
19:3  Warning: 'Send' is defined but never used.  unused-imports/no-unused-imports
19:3  Warning: 'Send' is defined but never used. Allowed unused vars must match /^_/u.  @typescript-eslint/no-unused-vars
20:3  Warning: 'Globe2' is defined but never used.  unused-imports/no-unused-imports
20:3  Warning: 'Globe2' is defined but never used. Allowed unused vars must match /^_/u.  @typescript-eslint/no-unused-vars
21:3  Warning: 'User' is defined but never used.  unused-imports/no-unused-imports
21:3  Warning: 'User' is defined but never used. Allowed unused vars must match /^_/u.  @typescript-eslint/no-unused-vars
22:3  Warning: 'PawPrint' is defined but never used.  unused-imports/no-unused-imports
22:3  Warning: 'PawPrint' is defined but never used. Allowed unused vars must match /^_/u.  @typescript-eslint/no-unused-vars

./app/[locale]/docs/ecosystem/applications/zenGateGlobal/page.tsx
13:3  Warning: 'ExternalLink' is defined but never used.  unused-imports/no-unused-imports
13:3  Warning: 'ExternalLink' is defined but never used. Allowed unused vars must match /^_/u.  @typescript-eslint/no-unused-vars

./app/[locale]/docs/ecosystem/daos/page.tsx
4:35  Warning: 'LinkIcon' is defined but never used.  unused-imports/no-unused-imports
4:35  Warning: 'LinkIcon' is defined but never used. Allowed unused vars must match /^_/u.  @typescript-eslint/no-unused-vars
5:8  Warning: 'Link' is defined but never used.  unused-imports/no-unused-imports
5:8  Warning: 'Link' is defined but never used. Allowed unused vars must match /^_/u.  @typescript-eslint/no-unused-vars

./app/[locale]/docs/ecosystem/financial/defi/buyback-guarantees/page.tsx
3:17  Warning: 'useState' is defined but never used.  unused-imports/no-unused-imports
3:17  Warning: 'useState' is defined but never used. Allowed unused vars must match /^_/u.  @typescript-eslint/no-unused-vars
5:18  Warning: 'CopyIcon' is defined but never used.  unused-imports/no-unused-imports
5:18  Warning: 'CopyIcon' is defined but never used. Allowed unused vars must match /^_/u.  @typescript-eslint/no-unused-vars
5:37  Warning: 'CheckIcon' is defined but never used.  unused-imports/no-unused-imports
5:37  Warning: 'CheckIcon' is defined but never used. Allowed unused vars must match /^_/u.  @typescript-eslint/no-unused-vars
6:10  Warning: 'CodeBlock' is defined but never used.  unused-imports/no-unused-imports
6:10  Warning: 'CodeBlock' is defined but never used. Allowed unused vars must match /^_/u.  @typescript-eslint/no-unused-vars
9:9  Warning: 'buybackCode' is assigned a value but never used. Allowed unused vars must match /^_/u.  unused-imports/no-unused-vars
9:9  Warning: 'buybackCode' is assigned a value but never used. Allowed unused vars must match /^_/u.  @typescript-eslint/no-unused-vars
20:9  Warning: 'sellCode' is assigned a value but never used. Allowed unused vars must match /^_/u.  unused-imports/no-unused-vars
20:9  Warning: 'sellCode' is assigned a value but never used. Allowed unused vars must match /^_/u.  @typescript-eslint/no-unused-vars

./app/[locale]/docs/ecosystem/financial/defi/duckpools/page.tsx
15:3  Warning: 'Users' is defined but never used.  unused-imports/no-unused-imports
15:3  Warning: 'Users' is defined but never used. Allowed unused vars must match /^_/u.  @typescript-eslint/no-unused-vars
16:3  Warning: 'Globe' is defined but never used.  unused-imports/no-unused-imports
16:3  Warning: 'Globe' is defined but never used. Allowed unused vars must match /^_/u.  @typescript-eslint/no-unused-vars

./app/[locale]/docs/ecosystem/financial/defi/ergoraffle/page.tsx
6:3  Warning: 'Info' is defined but never used.  unused-imports/no-unused-imports
6:3  Warning: 'Info' is defined but never used. Allowed unused vars must match /^_/u.  @typescript-eslint/no-unused-vars
9:3  Warning: 'TrendingUp' is defined but never used.  unused-imports/no-unused-imports
9:3  Warning: 'TrendingUp' is defined but never used. Allowed unused vars must match /^_/u.  @typescript-eslint/no-unused-vars
12:3  Warning: 'Gavel' is defined but never used.  unused-imports/no-unused-imports
12:3  Warning: 'Gavel' is defined but never used. Allowed unused vars must match /^_/u.  @typescript-eslint/no-unused-vars
13:3  Warning: 'AlertTriangle' is defined but never used.  unused-imports/no-unused-imports
13:3  Warning: 'AlertTriangle' is defined but never used. Allowed unused vars must match /^_/u.  @typescript-eslint/no-unused-vars
15:3  Warning: 'Layers' is defined but never used.  unused-imports/no-unused-imports
15:3  Warning: 'Layers' is defined but never used. Allowed unused vars must match /^_/u.  @typescript-eslint/no-unused-vars
16:3  Warning: 'Calculator' is defined but never used.  unused-imports/no-unused-imports
16:3  Warning: 'Calculator' is defined but never used. Allowed unused vars must match /^_/u.  @typescript-eslint/no-unused-vars
17:3  Warning: 'ArrowUpDown' is defined but never used.  unused-imports/no-unused-imports
17:3  Warning: 'ArrowUpDown' is defined but never used. Allowed unused vars must match /^_/u.  @typescript-eslint/no-unused-vars
20:3  Warning: 'GitBranch' is defined but never used.  unused-imports/no-unused-imports
20:3  Warning: 'GitBranch' is defined but never used. Allowed unused vars must match /^_/u.  @typescript-eslint/no-unused-vars
21:3  Warning: 'Globe' is defined but never used.  unused-imports/no-unused-imports
21:3  Warning: 'Globe' is defined but never used. Allowed unused vars must match /^_/u.  @typescript-eslint/no-unused-vars
23:3  Warning: 'Cpu' is defined but never used.  unused-imports/no-unused-imports
23:3  Warning: 'Cpu' is defined but never used. Allowed unused vars must match /^_/u.  @typescript-eslint/no-unused-vars
26:3  Warning: 'FileText' is defined but never used.  unused-imports/no-unused-imports
26:3  Warning: 'FileText' is defined but never used. Allowed unused vars must match /^_/u.  @typescript-eslint/no-unused-vars
28:3  Warning: 'Play' is defined but never used.  unused-imports/no-unused-imports
28:3  Warning: 'Play' is defined but never used. Allowed unused vars must match /^_/u.  @typescript-eslint/no-unused-vars

./app/[locale]/docs/ecosystem/financial/defi/exle/page.tsx
6:3  Warning: 'Info' is defined but never used.  unused-imports/no-unused-imports
6:3  Warning: 'Info' is defined but never used. Allowed unused vars must match /^_/u.  @typescript-eslint/no-unused-vars
9:3  Warning: 'TrendingUp' is defined but never used.  unused-imports/no-unused-imports
9:3  Warning: 'TrendingUp' is defined but never used. Allowed unused vars must match /^_/u.  @typescript-eslint/no-unused-vars
12:3  Warning: 'Gavel' is defined but never used.  unused-imports/no-unused-imports
12:3  Warning: 'Gavel' is defined but never used. Allowed unused vars must match /^_/u.  @typescript-eslint/no-unused-vars
15:3  Warning: 'Layers' is defined but never used.  unused-imports/no-unused-imports
15:3  Warning: 'Layers' is defined but never used. Allowed unused vars must match /^_/u.  @typescript-eslint/no-unused-vars
16:3  Warning: 'Calculator' is defined but never used.  unused-imports/no-unused-imports
16:3  Warning: 'Calculator' is defined but never used. Allowed unused vars must match /^_/u.  @typescript-eslint/no-unused-vars
17:3  Warning: 'ArrowUpDown' is defined but never used.  unused-imports/no-unused-imports
17:3  Warning: 'ArrowUpDown' is defined but never used. Allowed unused vars must match /^_/u.  @typescript-eslint/no-unused-vars
20:3  Warning: 'GitBranch' is defined but never used.  unused-imports/no-unused-imports
20:3  Warning: 'GitBranch' is defined but never used. Allowed unused vars must match /^_/u.  @typescript-eslint/no-unused-vars
22:3  Warning: 'Banknote' is defined but never used.  unused-imports/no-unused-imports
22:3  Warning: 'Banknote' is defined but never used. Allowed unused vars must match /^_/u.  @typescript-eslint/no-unused-vars
23:3  Warning: 'Cpu' is defined but never used.  unused-imports/no-unused-imports
23:3  Warning: 'Cpu' is defined but never used. Allowed unused vars must match /^_/u.  @typescript-eslint/no-unused-vars
24:3  Warning: 'Settings' is defined but never used.  unused-imports/no-unused-imports
24:3  Warning: 'Settings' is defined but never used. Allowed unused vars must match /^_/u.  @typescript-eslint/no-unused-vars
25:3  Warning: 'Gift' is defined but never used.  unused-imports/no-unused-imports
25:3  Warning: 'Gift' is defined but never used. Allowed unused vars must match /^_/u.  @typescript-eslint/no-unused-vars
26:3  Warning: 'FileText' is defined but never used.  unused-imports/no-unused-imports
26:3  Warning: 'FileText' is defined but never used. Allowed unused vars must match /^_/u.  @typescript-eslint/no-unused-vars
27:3  Warning: 'Code' is defined but never used.  unused-imports/no-unused-imports
27:3  Warning: 'Code' is defined but never used. Allowed unused vars must match /^_/u.  @typescript-eslint/no-unused-vars

./app/[locale]/docs/ecosystem/financial/defi/flash-loans/page.tsx
19:3  Warning: 'Coins' is defined but never used.  unused-imports/no-unused-imports
19:3  Warning: 'Coins' is defined but never used. Allowed unused vars must match /^_/u.  @typescript-eslint/no-unused-vars
22:3  Warning: 'Globe' is defined but never used.  unused-imports/no-unused-imports
22:3  Warning: 'Globe' is defined but never used. Allowed unused vars must match /^_/u.  @typescript-eslint/no-unused-vars
26:3  Warning: 'KeyRound' is defined but never used.  unused-imports/no-unused-imports
26:3  Warning: 'KeyRound' is defined but never used. Allowed unused vars must match /^_/u.  @typescript-eslint/no-unused-vars
28:3  Warning: 'Clock' is defined but never used.  unused-imports/no-unused-imports
28:3  Warning: 'Clock' is defined but never used. Allowed unused vars must match /^_/u.  @typescript-eslint/no-unused-vars
29:3  Warning: 'Rocket' is defined but never used.  unused-imports/no-unused-imports
29:3  Warning: 'Rocket' is defined but never used. Allowed unused vars must match /^_/u.  @typescript-eslint/no-unused-vars
33:3  Warning: 'Info' is defined but never used.  unused-imports/no-unused-imports
33:3  Warning: 'Info' is defined but never used. Allowed unused vars must match /^_/u.  @typescript-eslint/no-unused-vars
34:3  Warning: 'ListChecks' is defined but never used.  unused-imports/no-unused-imports
34:3  Warning: 'ListChecks' is defined but never used. Allowed unused vars must match /^_/u.  @typescript-eslint/no-unused-vars
35:3  Warning: 'Database' is defined but never used.  unused-imports/no-unused-imports
35:3  Warning: 'Database' is defined but never used. Allowed unused vars must match /^_/u.  @typescript-eslint/no-unused-vars
38:10  Warning: 'Accordion' is defined but never used.  unused-imports/no-unused-imports
38:10  Warning: 'Accordion' is defined but never used. Allowed unused vars must match /^_/u.  @typescript-eslint/no-unused-vars
38:21  Warning: 'AccordionItem' is defined but never used.  unused-imports/no-unused-imports
38:21  Warning: 'AccordionItem' is defined but never used. Allowed unused vars must match /^_/u.  @typescript-eslint/no-unused-vars
38:36  Warning: 'AccordionTrigger' is defined but never used.  unused-imports/no-unused-imports
38:36  Warning: 'AccordionTrigger' is defined but never used. Allowed unused vars must match /^_/u.  @typescript-eslint/no-unused-vars
38:54  Warning: 'AccordionContent' is defined but never used.  unused-imports/no-unused-imports
38:54  Warning: 'AccordionContent' is defined but never used. Allowed unused vars must match /^_/u.  @typescript-eslint/no-unused-vars

./app/[locale]/docs/ecosystem/financial/defi/ico/page.tsx
3:17  Warning: 'useState' is defined but never used.  unused-imports/no-unused-imports
3:17  Warning: 'useState' is defined but never used. Allowed unused vars must match /^_/u.  @typescript-eslint/no-unused-vars
5:18  Warning: 'CopyIcon' is defined but never used.  unused-imports/no-unused-imports
5:18  Warning: 'CopyIcon' is defined but never used. Allowed unused vars must match /^_/u.  @typescript-eslint/no-unused-vars
5:37  Warning: 'CheckIcon' is defined but never used.  unused-imports/no-unused-imports
5:37  Warning: 'CheckIcon' is defined but never used. Allowed unused vars must match /^_/u.  @typescript-eslint/no-unused-vars
5:72  Warning: 'GitBranch' is defined but never used.  unused-imports/no-unused-imports
5:72  Warning: 'GitBranch' is defined but never used. Allowed unused vars must match /^_/u.  @typescript-eslint/no-unused-vars
5:89  Warning: 'Zap' is defined but never used.  unused-imports/no-unused-imports
5:89  Warning: 'Zap' is defined but never used. Allowed unused vars must match /^_/u.  @typescript-eslint/no-unused-vars
6:10  Warning: 'CodeBlock' is defined but never used.  unused-imports/no-unused-imports
6:10  Warning: 'CodeBlock' is defined but never used. Allowed unused vars must match /^_/u.  @typescript-eslint/no-unused-vars
9:9  Warning: 'fundingCode' is assigned a value but never used. Allowed unused vars must match /^_/u.  unused-imports/no-unused-vars
9:9  Warning: 'fundingCode' is assigned a value but never used. Allowed unused vars must match /^_/u.  @typescript-eslint/no-unused-vars
41:9  Warning: 'issuanceCode' is assigned a value but never used. Allowed unused vars must match /^_/u.  unused-imports/no-unused-vars
41:9  Warning: 'issuanceCode' is assigned a value but never used. Allowed unused vars must match /^_/u.  @typescript-eslint/no-unused-vars
63:9  Warning: 'withdrawCode' is assigned a value but never used. Allowed unused vars must match /^_/u.  unused-imports/no-unused-vars
63:9  Warning: 'withdrawCode' is assigned a value but never used. Allowed unused vars must match /^_/u.  @typescript-eslint/no-unused-vars

./app/[locale]/docs/ecosystem/financial/defi/micro-credit/page.tsx
5:27  Warning: 'Coins' is defined but never used.  unused-imports/no-unused-imports
5:27  Warning: 'Coins' is defined but never used. Allowed unused vars must match /^_/u.  @typescript-eslint/no-unused-vars
5:54  Warning: 'Copy' is defined but never used.  unused-imports/no-unused-imports
5:54  Warning: 'Copy' is defined but never used. Allowed unused vars must match /^_/u.  @typescript-eslint/no-unused-vars
5:60  Warning: 'Check' is defined but never used.  unused-imports/no-unused-imports
5:60  Warning: 'Check' is defined but never used. Allowed unused vars must match /^_/u.  @typescript-eslint/no-unused-vars
6:1  Warning: 'react' import is duplicated.  no-duplicate-imports
6:10  Warning: 'useState' is defined but never used.  unused-imports/no-unused-imports
6:10  Warning: 'useState' is defined but never used. Allowed unused vars must match /^_/u.  @typescript-eslint/no-unused-vars
7:10  Warning: 'Button' is defined but never used.  unused-imports/no-unused-imports
7:10  Warning: 'Button' is defined but never used. Allowed unused vars must match /^_/u.  @typescript-eslint/no-unused-vars

./app/[locale]/docs/ecosystem/financial/defi/multi-stage-protocols/page.tsx
6:3  Warning: 'Coins' is defined but never used.  unused-imports/no-unused-imports
6:3  Warning: 'Coins' is defined but never used. Allowed unused vars must match /^_/u.  @typescript-eslint/no-unused-vars
13:3  Warning: 'Database' is defined but never used.  unused-imports/no-unused-imports
13:3  Warning: 'Database' is defined but never used. Allowed unused vars must match /^_/u.  @typescript-eslint/no-unused-vars
15:3  Warning: 'Zap' is defined but never used.  unused-imports/no-unused-imports
15:3  Warning: 'Zap' is defined but never used. Allowed unused vars must match /^_/u.  @typescript-eslint/no-unused-vars
16:3  Warning: 'Users' is defined but never used.  unused-imports/no-unused-imports
16:3  Warning: 'Users' is defined but never used. Allowed unused vars must match /^_/u.  @typescript-eslint/no-unused-vars
17:3  Warning: 'Globe' is defined but never used.  unused-imports/no-unused-imports
17:3  Warning: 'Globe' is defined but never used. Allowed unused vars must match /^_/u.  @typescript-eslint/no-unused-vars
18:3  Warning: 'GitBranch' is defined but never used.  unused-imports/no-unused-imports
18:3  Warning: 'GitBranch' is defined but never used. Allowed unused vars must match /^_/u.  @typescript-eslint/no-unused-vars
21:3  Warning: 'TrendingUp' is defined but never used.  unused-imports/no-unused-imports
21:3  Warning: 'TrendingUp' is defined but never used. Allowed unused vars must match /^_/u.  @typescript-eslint/no-unused-vars
22:3  Warning: 'AlertCircle' is defined but never used.  unused-imports/no-unused-imports
22:3  Warning: 'AlertCircle' is defined but never used. Allowed unused vars must match /^_/u.  @typescript-eslint/no-unused-vars
25:3  Warning: 'Rocket' is defined but never used.  unused-imports/no-unused-imports
25:3  Warning: 'Rocket' is defined but never used. Allowed unused vars must match /^_/u.  @typescript-eslint/no-unused-vars
26:3  Warning: 'Wallet' is defined but never used.  unused-imports/no-unused-imports
26:3  Warning: 'Wallet' is defined but never used. Allowed unused vars must match /^_/u.  @typescript-eslint/no-unused-vars
27:3  Warning: 'DollarSign' is defined but never used.  unused-imports/no-unused-imports
27:3  Warning: 'DollarSign' is defined but never used. Allowed unused vars must match /^_/u.  @typescript-eslint/no-unused-vars
29:3  Warning: 'ListChecks' is defined but never used.  unused-imports/no-unused-imports
29:3  Warning: 'ListChecks' is defined but never used. Allowed unused vars must match /^_/u.  @typescript-eslint/no-unused-vars
30:3  Warning: 'Handshake' is defined but never used.  unused-imports/no-unused-imports
30:3  Warning: 'Handshake' is defined but never used. Allowed unused vars must match /^_/u.  @typescript-eslint/no-unused-vars
31:3  Warning: 'CreditCard' is defined but never used.  unused-imports/no-unused-imports
31:3  Warning: 'CreditCard' is defined but never used. Allowed unused vars must match /^_/u.  @typescript-eslint/no-unused-vars
32:3  Warning: 'Building2' is defined but never used.  unused-imports/no-unused-imports
32:3  Warning: 'Building2' is defined but never used. Allowed unused vars must match /^_/u.  @typescript-eslint/no-unused-vars
33:3  Warning: 'BarChart3' is defined but never used.  unused-imports/no-unused-imports
33:3  Warning: 'BarChart3' is defined but never used. Allowed unused vars must match /^_/u.  @typescript-eslint/no-unused-vars
34:10  Warning: 'ZapIcon' is defined but never used.  unused-imports/no-unused-imports
34:10  Warning: 'ZapIcon' is defined but never used. Allowed unused vars must match /^_/u.  @typescript-eslint/no-unused-vars
35:3  Warning: 'CheckSquare' is defined but never used.  unused-imports/no-unused-imports
35:3  Warning: 'CheckSquare' is defined but never used. Allowed unused vars must match /^_/u.  @typescript-eslint/no-unused-vars
36:3  Warning: 'AlertTriangle' is defined but never used.  unused-imports/no-unused-imports
36:3  Warning: 'AlertTriangle' is defined but never used. Allowed unused vars must match /^_/u.  @typescript-eslint/no-unused-vars

./app/[locale]/docs/ecosystem/financial/defi/mutual-credit/page.tsx
9:3  Warning: 'XCircle' is defined but never used.  unused-imports/no-unused-imports
9:3  Warning: 'XCircle' is defined but never used. Allowed unused vars must match /^_/u.  @typescript-eslint/no-unused-vars
12:3  Warning: 'Eye' is defined but never used.  unused-imports/no-unused-imports
12:3  Warning: 'Eye' is defined but never used. Allowed unused vars must match /^_/u.  @typescript-eslint/no-unused-vars
14:3  Warning: 'AlertCircle' is defined but never used.  unused-imports/no-unused-imports
14:3  Warning: 'AlertCircle' is defined but never used. Allowed unused vars must match /^_/u.  @typescript-eslint/no-unused-vars
21:3  Warning: 'MessageCircle' is defined but never used.  unused-imports/no-unused-imports
21:3  Warning: 'MessageCircle' is defined but never used. Allowed unused vars must match /^_/u.  @typescript-eslint/no-unused-vars
24:3  Warning: 'KeyRound' is defined but never used.  unused-imports/no-unused-imports
24:3  Warning: 'KeyRound' is defined but never used. Allowed unused vars must match /^_/u.  @typescript-eslint/no-unused-vars
26:3  Warning: 'Clock' is defined but never used.  unused-imports/no-unused-imports
26:3  Warning: 'Clock' is defined but never used. Allowed unused vars must match /^_/u.  @typescript-eslint/no-unused-vars
29:3  Warning: 'Wallet' is defined but never used.  unused-imports/no-unused-imports
29:3  Warning: 'Wallet' is defined but never used. Allowed unused vars must match /^_/u.  @typescript-eslint/no-unused-vars
31:3  Warning: 'Info' is defined but never used.  unused-imports/no-unused-imports
31:3  Warning: 'Info' is defined but never used. Allowed unused vars must match /^_/u.  @typescript-eslint/no-unused-vars
33:3  Warning: 'Database' is defined but never used.  unused-imports/no-unused-imports
33:3  Warning: 'Database' is defined but never used. Allowed unused vars must match /^_/u.  @typescript-eslint/no-unused-vars
39:10  Warning: 'Accordion' is defined but never used.  unused-imports/no-unused-imports
39:10  Warning: 'Accordion' is defined but never used. Allowed unused vars must match /^_/u.  @typescript-eslint/no-unused-vars
39:21  Warning: 'AccordionItem' is defined but never used.  unused-imports/no-unused-imports
39:21  Warning: 'AccordionItem' is defined but never used. Allowed unused vars must match /^_/u.  @typescript-eslint/no-unused-vars
39:36  Warning: 'AccordionTrigger' is defined but never used.  unused-imports/no-unused-imports
39:36  Warning: 'AccordionTrigger' is defined but never used. Allowed unused vars must match /^_/u.  @typescript-eslint/no-unused-vars
39:54  Warning: 'AccordionContent' is defined but never used.  unused-imports/no-unused-imports
39:54  Warning: 'AccordionContent' is defined but never used. Allowed unused vars must match /^_/u.  @typescript-eslint/no-unused-vars
40:10  Warning: 'Alert' is defined but never used.  unused-imports/no-unused-imports
40:10  Warning: 'Alert' is defined but never used. Allowed unused vars must match /^_/u.  @typescript-eslint/no-unused-vars

./app/[locale]/docs/ecosystem/financial/defi/optionpools/page.tsx
6:3  Warning: 'Info' is defined but never used.  unused-imports/no-unused-imports
6:3  Warning: 'Info' is defined but never used. Allowed unused vars must match /^_/u.  @typescript-eslint/no-unused-vars
9:3  Warning: 'TrendingUp' is defined but never used.  unused-imports/no-unused-imports
9:3  Warning: 'TrendingUp' is defined but never used. Allowed unused vars must match /^_/u.  @typescript-eslint/no-unused-vars
11:3  Warning: 'Users' is defined but never used.  unused-imports/no-unused-imports
11:3  Warning: 'Users' is defined but never used. Allowed unused vars must match /^_/u.  @typescript-eslint/no-unused-vars
20:3  Warning: 'GitBranch' is defined but never used.  unused-imports/no-unused-imports
20:3  Warning: 'GitBranch' is defined but never used. Allowed unused vars must match /^_/u.  @typescript-eslint/no-unused-vars
21:3  Warning: 'Globe' is defined but never used.  unused-imports/no-unused-imports
21:3  Warning: 'Globe' is defined but never used. Allowed unused vars must match /^_/u.  @typescript-eslint/no-unused-vars
22:3  Warning: 'Banknote' is defined but never used.  unused-imports/no-unused-imports
22:3  Warning: 'Banknote' is defined but never used. Allowed unused vars must match /^_/u.  @typescript-eslint/no-unused-vars
23:3  Warning: 'Cpu' is defined but never used.  unused-imports/no-unused-imports
23:3  Warning: 'Cpu' is defined but never used. Allowed unused vars must match /^_/u.  @typescript-eslint/no-unused-vars
24:3  Warning: 'Settings' is defined but never used.  unused-imports/no-unused-imports
24:3  Warning: 'Settings' is defined but never used. Allowed unused vars must match /^_/u.  @typescript-eslint/no-unused-vars

./app/[locale]/docs/ecosystem/financial/defi/page.tsx
202:31  Warning: 'idx' is defined but never used. Allowed unused args must match /^_/u.  unused-imports/no-unused-vars
202:31  Warning: 'idx' is defined but never used. Allowed unused args must match /^_/u.  @typescript-eslint/no-unused-vars
280:42  Warning: Unexpected any. Specify a different type.  @typescript-eslint/no-explicit-any

./app/[locale]/docs/ecosystem/financial/defi/perpetual-tokens/page.tsx
9:3  Warning: 'XCircle' is defined but never used.  unused-imports/no-unused-imports
9:3  Warning: 'XCircle' is defined but never used. Allowed unused vars must match /^_/u.  @typescript-eslint/no-unused-vars
10:3  Warning: 'ArrowRightLeft' is defined but never used.  unused-imports/no-unused-imports
10:3  Warning: 'ArrowRightLeft' is defined but never used. Allowed unused vars must match /^_/u.  @typescript-eslint/no-unused-vars
11:3  Warning: 'Lock' is defined but never used.  unused-imports/no-unused-imports
11:3  Warning: 'Lock' is defined but never used. Allowed unused vars must match /^_/u.  @typescript-eslint/no-unused-vars
12:3  Warning: 'Eye' is defined but never used.  unused-imports/no-unused-imports
12:3  Warning: 'Eye' is defined but never used. Allowed unused vars must match /^_/u.  @typescript-eslint/no-unused-vars
14:3  Warning: 'AlertCircle' is defined but never used.  unused-imports/no-unused-imports
14:3  Warning: 'AlertCircle' is defined but never used. Allowed unused vars must match /^_/u.  @typescript-eslint/no-unused-vars
17:3  Warning: 'Coins' is defined but never used.  unused-imports/no-unused-imports
17:3  Warning: 'Coins' is defined but never used. Allowed unused vars must match /^_/u.  @typescript-eslint/no-unused-vars
20:3  Warning: 'Globe' is defined but never used.  unused-imports/no-unused-imports
20:3  Warning: 'Globe' is defined but never used. Allowed unused vars must match /^_/u.  @typescript-eslint/no-unused-vars
21:3  Warning: 'MessageCircle' is defined but never used.  unused-imports/no-unused-imports
21:3  Warning: 'MessageCircle' is defined but never used. Allowed unused vars must match /^_/u.  @typescript-eslint/no-unused-vars
23:3  Warning: 'Network' is defined but never used.  unused-imports/no-unused-imports
23:3  Warning: 'Network' is defined but never used. Allowed unused vars must match /^_/u.  @typescript-eslint/no-unused-vars
24:3  Warning: 'KeyRound' is defined but never used.  unused-imports/no-unused-imports
24:3  Warning: 'KeyRound' is defined but never used. Allowed unused vars must match /^_/u.  @typescript-eslint/no-unused-vars
26:3  Warning: 'Clock' is defined but never used.  unused-imports/no-unused-imports
26:3  Warning: 'Clock' is defined but never used. Allowed unused vars must match /^_/u.  @typescript-eslint/no-unused-vars
27:3  Warning: 'Rocket' is defined but never used.  unused-imports/no-unused-imports
27:3  Warning: 'Rocket' is defined but never used. Allowed unused vars must match /^_/u.  @typescript-eslint/no-unused-vars
29:3  Warning: 'Wallet' is defined but never used.  unused-imports/no-unused-imports
29:3  Warning: 'Wallet' is defined but never used. Allowed unused vars must match /^_/u.  @typescript-eslint/no-unused-vars
30:3  Warning: 'DollarSign' is defined but never used.  unused-imports/no-unused-imports
30:3  Warning: 'DollarSign' is defined but never used. Allowed unused vars must match /^_/u.  @typescript-eslint/no-unused-vars
32:3  Warning: 'ListChecks' is defined but never used.  unused-imports/no-unused-imports
32:3  Warning: 'ListChecks' is defined but never used. Allowed unused vars must match /^_/u.  @typescript-eslint/no-unused-vars
33:3  Warning: 'Database' is defined but never used.  unused-imports/no-unused-imports
33:3  Warning: 'Database' is defined but never used. Allowed unused vars must match /^_/u.  @typescript-eslint/no-unused-vars
34:3  Warning: 'Handshake' is defined but never used.  unused-imports/no-unused-imports
34:3  Warning: 'Handshake' is defined but never used. Allowed unused vars must match /^_/u.  @typescript-eslint/no-unused-vars
35:3  Warning: 'CreditCard' is defined but never used.  unused-imports/no-unused-imports
35:3  Warning: 'CreditCard' is defined but never used. Allowed unused vars must match /^_/u.  @typescript-eslint/no-unused-vars
36:3  Warning: 'Building2' is defined but never used.  unused-imports/no-unused-imports
36:3  Warning: 'Building2' is defined but never used. Allowed unused vars must match /^_/u.  @typescript-eslint/no-unused-vars
39:3  Warning: 'CheckSquare' is defined but never used.  unused-imports/no-unused-imports
39:3  Warning: 'CheckSquare' is defined but never used. Allowed unused vars must match /^_/u.  @typescript-eslint/no-unused-vars
46:10  Warning: 'Accordion' is defined but never used.  unused-imports/no-unused-imports
46:10  Warning: 'Accordion' is defined but never used. Allowed unused vars must match /^_/u.  @typescript-eslint/no-unused-vars
46:21  Warning: 'AccordionItem' is defined but never used.  unused-imports/no-unused-imports
46:21  Warning: 'AccordionItem' is defined but never used. Allowed unused vars must match /^_/u.  @typescript-eslint/no-unused-vars
46:36  Warning: 'AccordionTrigger' is defined but never used.  unused-imports/no-unused-imports
46:36  Warning: 'AccordionTrigger' is defined but never used. Allowed unused vars must match /^_/u.  @typescript-eslint/no-unused-vars
46:54  Warning: 'AccordionContent' is defined but never used.  unused-imports/no-unused-imports
46:54  Warning: 'AccordionContent' is defined but never used. Allowed unused vars must match /^_/u.  @typescript-eslint/no-unused-vars

./app/[locale]/docs/ecosystem/financial/defi/sigma-subscriptions/page.tsx
15:3  Warning: 'Users' is defined but never used.  unused-imports/no-unused-imports
15:3  Warning: 'Users' is defined but never used. Allowed unused vars must match /^_/u.  @typescript-eslint/no-unused-vars
16:3  Warning: 'Globe' is defined but never used.  unused-imports/no-unused-imports
16:3  Warning: 'Globe' is defined but never used. Allowed unused vars must match /^_/u.  @typescript-eslint/no-unused-vars

./app/[locale]/docs/ecosystem/financial/defi/sigmafi/page.tsx
15:3  Warning: 'Users' is defined but never used.  unused-imports/no-unused-imports
15:3  Warning: 'Users' is defined but never used. Allowed unused vars must match /^_/u.  @typescript-eslint/no-unused-vars
16:3  Warning: 'Globe' is defined but never used.  unused-imports/no-unused-imports
16:3  Warning: 'Globe' is defined but never used. Allowed unused vars must match /^_/u.  @typescript-eslint/no-unused-vars

./app/[locale]/docs/ecosystem/financial/defi/sigmao/page.tsx
5:3  Warning: 'Coins' is defined but never used.  unused-imports/no-unused-imports
5:3  Warning: 'Coins' is defined but never used. Allowed unused vars must match /^_/u.  @typescript-eslint/no-unused-vars
7:3  Warning: 'Code' is defined but never used.  unused-imports/no-unused-imports
7:3  Warning: 'Code' is defined but never used. Allowed unused vars must match /^_/u.  @typescript-eslint/no-unused-vars
10:3  Warning: 'Lock' is defined but never used.  unused-imports/no-unused-imports
10:3  Warning: 'Lock' is defined but never used. Allowed unused vars must match /^_/u.  @typescript-eslint/no-unused-vars
12:3  Warning: 'Database' is defined but never used.  unused-imports/no-unused-imports
12:3  Warning: 'Database' is defined but never used. Allowed unused vars must match /^_/u.  @typescript-eslint/no-unused-vars
14:3  Warning: 'Zap' is defined but never used.  unused-imports/no-unused-imports
14:3  Warning: 'Zap' is defined but never used. Allowed unused vars must match /^_/u.  @typescript-eslint/no-unused-vars
15:3  Warning: 'Users' is defined but never used.  unused-imports/no-unused-imports
15:3  Warning: 'Users' is defined but never used. Allowed unused vars must match /^_/u.  @typescript-eslint/no-unused-vars
16:3  Warning: 'Globe' is defined but never used.  unused-imports/no-unused-imports
16:3  Warning: 'Globe' is defined but never used. Allowed unused vars must match /^_/u.  @typescript-eslint/no-unused-vars
17:3  Warning: 'GitBranch' is defined but never used.  unused-imports/no-unused-imports
17:3  Warning: 'GitBranch' is defined but never used. Allowed unused vars must match /^_/u.  @typescript-eslint/no-unused-vars
19:3  Warning: 'GitCommit' is defined but never used.  unused-imports/no-unused-imports
19:3  Warning: 'GitCommit' is defined but never used. Allowed unused vars must match /^_/u.  @typescript-eslint/no-unused-vars
21:3  Warning: 'FileText' is defined but never used.  unused-imports/no-unused-imports
21:3  Warning: 'FileText' is defined but never used. Allowed unused vars must match /^_/u.  @typescript-eslint/no-unused-vars
23:3  Warning: 'BookOpen' is defined but never used.  unused-imports/no-unused-imports
23:3  Warning: 'BookOpen' is defined but never used. Allowed unused vars must match /^_/u.  @typescript-eslint/no-unused-vars
24:3  Warning: 'Atom' is defined but never used.  unused-imports/no-unused-imports
24:3  Warning: 'Atom' is defined but never used. Allowed unused vars must match /^_/u.  @typescript-eslint/no-unused-vars
29:3  Warning: 'BarChart3' is defined but never used.  unused-imports/no-unused-imports
29:3  Warning: 'BarChart3' is defined but never used. Allowed unused vars must match /^_/u.  @typescript-eslint/no-unused-vars

./app/[locale]/docs/ecosystem/financial/defi/trustless-prediction-markets/page.tsx
9:3  Warning: 'XCircle' is defined but never used.  unused-imports/no-unused-imports
9:3  Warning: 'XCircle' is defined but never used. Allowed unused vars must match /^_/u.  @typescript-eslint/no-unused-vars
12:3  Warning: 'Eye' is defined but never used.  unused-imports/no-unused-imports
12:3  Warning: 'Eye' is defined but never used. Allowed unused vars must match /^_/u.  @typescript-eslint/no-unused-vars
14:3  Warning: 'AlertCircle' is defined but never used.  unused-imports/no-unused-imports
14:3  Warning: 'AlertCircle' is defined but never used. Allowed unused vars must match /^_/u.  @typescript-eslint/no-unused-vars
17:3  Warning: 'Coins' is defined but never used.  unused-imports/no-unused-imports
17:3  Warning: 'Coins' is defined but never used. Allowed unused vars must match /^_/u.  @typescript-eslint/no-unused-vars
21:3  Warning: 'MessageCircle' is defined but never used.  unused-imports/no-unused-imports
21:3  Warning: 'MessageCircle' is defined but never used. Allowed unused vars must match /^_/u.  @typescript-eslint/no-unused-vars
24:3  Warning: 'KeyRound' is defined but never used.  unused-imports/no-unused-imports
24:3  Warning: 'KeyRound' is defined but never used. Allowed unused vars must match /^_/u.  @typescript-eslint/no-unused-vars
26:3  Warning: 'Clock' is defined but never used.  unused-imports/no-unused-imports
26:3  Warning: 'Clock' is defined but never used. Allowed unused vars must match /^_/u.  @typescript-eslint/no-unused-vars
29:3  Warning: 'Wallet' is defined but never used.  unused-imports/no-unused-imports
29:3  Warning: 'Wallet' is defined but never used. Allowed unused vars must match /^_/u.  @typescript-eslint/no-unused-vars
30:3  Warning: 'DollarSign' is defined but never used.  unused-imports/no-unused-imports
30:3  Warning: 'DollarSign' is defined but never used. Allowed unused vars must match /^_/u.  @typescript-eslint/no-unused-vars
31:3  Warning: 'Info' is defined but never used.  unused-imports/no-unused-imports
31:3  Warning: 'Info' is defined but never used. Allowed unused vars must match /^_/u.  @typescript-eslint/no-unused-vars
35:3  Warning: 'CreditCard' is defined but never used.  unused-imports/no-unused-imports
35:3  Warning: 'CreditCard' is defined but never used. Allowed unused vars must match /^_/u.  @typescript-eslint/no-unused-vars
36:3  Warning: 'Building2' is defined but never used.  unused-imports/no-unused-imports
36:3  Warning: 'Building2' is defined but never used. Allowed unused vars must match /^_/u.  @typescript-eslint/no-unused-vars
40:3  Warning: 'AlertTriangle' is defined but never used.  unused-imports/no-unused-imports
40:3  Warning: 'AlertTriangle' is defined but never used. Allowed unused vars must match /^_/u.  @typescript-eslint/no-unused-vars
43:10  Warning: 'Accordion' is defined but never used.  unused-imports/no-unused-imports
43:10  Warning: 'Accordion' is defined but never used. Allowed unused vars must match /^_/u.  @typescript-eslint/no-unused-vars
43:21  Warning: 'AccordionItem' is defined but never used.  unused-imports/no-unused-imports
43:21  Warning: 'AccordionItem' is defined but never used. Allowed unused vars must match /^_/u.  @typescript-eslint/no-unused-vars
43:36  Warning: 'AccordionTrigger' is defined but never used.  unused-imports/no-unused-imports
43:36  Warning: 'AccordionTrigger' is defined but never used. Allowed unused vars must match /^_/u.  @typescript-eslint/no-unused-vars
43:54  Warning: 'AccordionContent' is defined but never used.  unused-imports/no-unused-imports
43:54  Warning: 'AccordionContent' is defined but never used. Allowed unused vars must match /^_/u.  @typescript-eslint/no-unused-vars
44:10  Warning: 'Alert' is defined but never used.  unused-imports/no-unused-imports
44:10  Warning: 'Alert' is defined but never used. Allowed unused vars must match /^_/u.  @typescript-eslint/no-unused-vars

./app/[locale]/docs/ecosystem/financial/degenerate-finance/auctioncoin/page.tsx
6:3  Warning: 'Info' is defined but never used.  unused-imports/no-unused-imports
6:3  Warning: 'Info' is defined but never used. Allowed unused vars must match /^_/u.  @typescript-eslint/no-unused-vars
11:3  Warning: 'Users' is defined but never used.  unused-imports/no-unused-imports
11:3  Warning: 'Users' is defined but never used. Allowed unused vars must match /^_/u.  @typescript-eslint/no-unused-vars
12:3  Warning: 'Gavel' is defined but never used.  unused-imports/no-unused-imports
12:3  Warning: 'Gavel' is defined but never used. Allowed unused vars must match /^_/u.  @typescript-eslint/no-unused-vars
15:3  Warning: 'Layers' is defined but never used.  unused-imports/no-unused-imports
15:3  Warning: 'Layers' is defined but never used. Allowed unused vars must match /^_/u.  @typescript-eslint/no-unused-vars
16:3  Warning: 'Calculator' is defined but never used.  unused-imports/no-unused-imports
16:3  Warning: 'Calculator' is defined but never used. Allowed unused vars must match /^_/u.  @typescript-eslint/no-unused-vars
17:3  Warning: 'ArrowUpDown' is defined but never used.  unused-imports/no-unused-imports
17:3  Warning: 'ArrowUpDown' is defined but never used. Allowed unused vars must match /^_/u.  @typescript-eslint/no-unused-vars
21:3  Warning: 'Globe' is defined but never used.  unused-imports/no-unused-imports
21:3  Warning: 'Globe' is defined but never used. Allowed unused vars must match /^_/u.  @typescript-eslint/no-unused-vars
22:3  Warning: 'Banknote' is defined but never used.  unused-imports/no-unused-imports
22:3  Warning: 'Banknote' is defined but never used. Allowed unused vars must match /^_/u.  @typescript-eslint/no-unused-vars
23:3  Warning: 'Cpu' is defined but never used.  unused-imports/no-unused-imports
23:3  Warning: 'Cpu' is defined but never used. Allowed unused vars must match /^_/u.  @typescript-eslint/no-unused-vars
24:3  Warning: 'Settings' is defined but never used.  unused-imports/no-unused-imports
24:3  Warning: 'Settings' is defined but never used. Allowed unused vars must match /^_/u.  @typescript-eslint/no-unused-vars
25:3  Warning: 'Gift' is defined but never used.  unused-imports/no-unused-imports
25:3  Warning: 'Gift' is defined but never used. Allowed unused vars must match /^_/u.  @typescript-eslint/no-unused-vars
26:3  Warning: 'FileText' is defined but never used.  unused-imports/no-unused-imports
26:3  Warning: 'FileText' is defined but never used. Allowed unused vars must match /^_/u.  @typescript-eslint/no-unused-vars
28:3  Warning: 'Play' is defined but never used.  unused-imports/no-unused-imports
28:3  Warning: 'Play' is defined but never used. Allowed unused vars must match /^_/u.  @typescript-eslint/no-unused-vars
30:3  Warning: 'Coins' is defined but never used.  unused-imports/no-unused-imports
30:3  Warning: 'Coins' is defined but never used. Allowed unused vars must match /^_/u.  @typescript-eslint/no-unused-vars
31:3  Warning: 'Lock' is defined but never used.  unused-imports/no-unused-imports
31:3  Warning: 'Lock' is defined but never used. Allowed unused vars must match /^_/u.  @typescript-eslint/no-unused-vars
32:3  Warning: 'Award' is defined but never used.  unused-imports/no-unused-imports
32:3  Warning: 'Award' is defined but never used. Allowed unused vars must match /^_/u.  @typescript-eslint/no-unused-vars
33:3  Warning: 'Clock' is defined but never used.  unused-imports/no-unused-imports
33:3  Warning: 'Clock' is defined but never used. Allowed unused vars must match /^_/u.  @typescript-eslint/no-unused-vars
34:3  Warning: 'Flame' is defined but never used.  unused-imports/no-unused-imports
34:3  Warning: 'Flame' is defined but never used. Allowed unused vars must match /^_/u.  @typescript-eslint/no-unused-vars
35:3  Warning: 'History' is defined but never used.  unused-imports/no-unused-imports
35:3  Warning: 'History' is defined but never used. Allowed unused vars must match /^_/u.  @typescript-eslint/no-unused-vars
36:3  Warning: 'DollarSign' is defined but never used.  unused-imports/no-unused-imports
36:3  Warning: 'DollarSign' is defined but never used. Allowed unused vars must match /^_/u.  @typescript-eslint/no-unused-vars
37:3  Warning: 'BarChart3' is defined but never used.  unused-imports/no-unused-imports
37:3  Warning: 'BarChart3' is defined but never used. Allowed unused vars must match /^_/u.  @typescript-eslint/no-unused-vars
38:3  Warning: 'PieChart' is defined but never used.  unused-imports/no-unused-imports
38:3  Warning: 'PieChart' is defined but never used. Allowed unused vars must match /^_/u.  @typescript-eslint/no-unused-vars
39:3  Warning: 'TrendingDown' is defined but never used.  unused-imports/no-unused-imports
39:3  Warning: 'TrendingDown' is defined but never used. Allowed unused vars must match /^_/u.  @typescript-eslint/no-unused-vars
40:3  Warning: 'Activity' is defined but never used.  unused-imports/no-unused-imports
40:3  Warning: 'Activity' is defined but never used. Allowed unused vars must match /^_/u.  @typescript-eslint/no-unused-vars
44:3  Warning: 'Users2' is defined but never used.  unused-imports/no-unused-imports
44:3  Warning: 'Users2' is defined but never used. Allowed unused vars must match /^_/u.  @typescript-eslint/no-unused-vars

./app/[locale]/docs/ecosystem/financial/degenerate-finance/grand-gambit/page.tsx
6:3  Warning: 'Info' is defined but never used.  unused-imports/no-unused-imports
6:3  Warning: 'Info' is defined but never used. Allowed unused vars must match /^_/u.  @typescript-eslint/no-unused-vars
11:3  Warning: 'Users' is defined but never used.  unused-imports/no-unused-imports
11:3  Warning: 'Users' is defined but never used. Allowed unused vars must match /^_/u.  @typescript-eslint/no-unused-vars
12:3  Warning: 'Gavel' is defined but never used.  unused-imports/no-unused-imports
12:3  Warning: 'Gavel' is defined but never used. Allowed unused vars must match /^_/u.  @typescript-eslint/no-unused-vars
15:3  Warning: 'Layers' is defined but never used.  unused-imports/no-unused-imports
15:3  Warning: 'Layers' is defined but never used. Allowed unused vars must match /^_/u.  @typescript-eslint/no-unused-vars
16:3  Warning: 'Calculator' is defined but never used.  unused-imports/no-unused-imports
16:3  Warning: 'Calculator' is defined but never used. Allowed unused vars must match /^_/u.  @typescript-eslint/no-unused-vars
17:3  Warning: 'ArrowUpDown' is defined but never used.  unused-imports/no-unused-imports
17:3  Warning: 'ArrowUpDown' is defined but never used. Allowed unused vars must match /^_/u.  @typescript-eslint/no-unused-vars
21:3  Warning: 'Globe' is defined but never used.  unused-imports/no-unused-imports
21:3  Warning: 'Globe' is defined but never used. Allowed unused vars must match /^_/u.  @typescript-eslint/no-unused-vars
22:3  Warning: 'Banknote' is defined but never used.  unused-imports/no-unused-imports
22:3  Warning: 'Banknote' is defined but never used. Allowed unused vars must match /^_/u.  @typescript-eslint/no-unused-vars
23:3  Warning: 'Cpu' is defined but never used.  unused-imports/no-unused-imports
23:3  Warning: 'Cpu' is defined but never used. Allowed unused vars must match /^_/u.  @typescript-eslint/no-unused-vars
24:3  Warning: 'Settings' is defined but never used.  unused-imports/no-unused-imports
24:3  Warning: 'Settings' is defined but never used. Allowed unused vars must match /^_/u.  @typescript-eslint/no-unused-vars
25:3  Warning: 'Gift' is defined but never used.  unused-imports/no-unused-imports
25:3  Warning: 'Gift' is defined but never used. Allowed unused vars must match /^_/u.  @typescript-eslint/no-unused-vars
26:3  Warning: 'FileText' is defined but never used.  unused-imports/no-unused-imports
26:3  Warning: 'FileText' is defined but never used. Allowed unused vars must match /^_/u.  @typescript-eslint/no-unused-vars
28:3  Warning: 'Play' is defined but never used.  unused-imports/no-unused-imports
28:3  Warning: 'Play' is defined but never used. Allowed unused vars must match /^_/u.  @typescript-eslint/no-unused-vars
30:3  Warning: 'Coins' is defined but never used.  unused-imports/no-unused-imports
30:3  Warning: 'Coins' is defined but never used. Allowed unused vars must match /^_/u.  @typescript-eslint/no-unused-vars
31:3  Warning: 'Lock' is defined but never used.  unused-imports/no-unused-imports
31:3  Warning: 'Lock' is defined but never used. Allowed unused vars must match /^_/u.  @typescript-eslint/no-unused-vars
32:3  Warning: 'Award' is defined but never used.  unused-imports/no-unused-imports
32:3  Warning: 'Award' is defined but never used. Allowed unused vars must match /^_/u.  @typescript-eslint/no-unused-vars
33:3  Warning: 'Clock' is defined but never used.  unused-imports/no-unused-imports
33:3  Warning: 'Clock' is defined but never used. Allowed unused vars must match /^_/u.  @typescript-eslint/no-unused-vars
34:3  Warning: 'Flame' is defined but never used.  unused-imports/no-unused-imports
34:3  Warning: 'Flame' is defined but never used. Allowed unused vars must match /^_/u.  @typescript-eslint/no-unused-vars
35:3  Warning: 'History' is defined but never used.  unused-imports/no-unused-imports
35:3  Warning: 'History' is defined but never used. Allowed unused vars must match /^_/u.  @typescript-eslint/no-unused-vars
36:3  Warning: 'DollarSign' is defined but never used.  unused-imports/no-unused-imports
36:3  Warning: 'DollarSign' is defined but never used. Allowed unused vars must match /^_/u.  @typescript-eslint/no-unused-vars
37:3  Warning: 'BarChart3' is defined but never used.  unused-imports/no-unused-imports
37:3  Warning: 'BarChart3' is defined but never used. Allowed unused vars must match /^_/u.  @typescript-eslint/no-unused-vars
38:3  Warning: 'PieChart' is defined but never used.  unused-imports/no-unused-imports
38:3  Warning: 'PieChart' is defined but never used. Allowed unused vars must match /^_/u.  @typescript-eslint/no-unused-vars
39:3  Warning: 'TrendingDown' is defined but never used.  unused-imports/no-unused-imports
39:3  Warning: 'TrendingDown' is defined but never used. Allowed unused vars must match /^_/u.  @typescript-eslint/no-unused-vars
40:3  Warning: 'Activity' is defined but never used.  unused-imports/no-unused-imports
40:3  Warning: 'Activity' is defined but never used. Allowed unused vars must match /^_/u.  @typescript-eslint/no-unused-vars
41:3  Warning: 'Hammer' is defined but never used.  unused-imports/no-unused-imports
41:3  Warning: 'Hammer' is defined but never used. Allowed unused vars must match /^_/u.  @typescript-eslint/no-unused-vars
42:3  Warning: 'Timer' is defined but never used.  unused-imports/no-unused-imports
42:3  Warning: 'Timer' is defined but never used. Allowed unused vars must match /^_/u.  @typescript-eslint/no-unused-vars
43:3  Warning: 'ShoppingCart' is defined but never used.  unused-imports/no-unused-imports
43:3  Warning: 'ShoppingCart' is defined but never used. Allowed unused vars must match /^_/u.  @typescript-eslint/no-unused-vars
44:3  Warning: 'Users2' is defined but never used.  unused-imports/no-unused-imports
44:3  Warning: 'Users2' is defined but never used. Allowed unused vars must match /^_/u.  @typescript-eslint/no-unused-vars
45:3  Warning: 'RefreshCw' is defined but never used.  unused-imports/no-unused-imports
45:3  Warning: 'RefreshCw' is defined but never used. Allowed unused vars must match /^_/u.  @typescript-eslint/no-unused-vars
46:3  Warning: 'Shuffle' is defined but never used.  unused-imports/no-unused-imports
46:3  Warning: 'Shuffle' is defined but never used. Allowed unused vars must match /^_/u.  @typescript-eslint/no-unused-vars
47:3  Warning: 'RotateCcw' is defined but never used.  unused-imports/no-unused-imports
47:3  Warning: 'RotateCcw' is defined but never used. Allowed unused vars must match /^_/u.  @typescript-eslint/no-unused-vars
48:3  Warning: 'FlipHorizontal' is defined but never used.  unused-imports/no-unused-imports
48:3  Warning: 'FlipHorizontal' is defined but never used. Allowed unused vars must match /^_/u.  @typescript-eslint/no-unused-vars
49:3  Warning: 'Ticket' is defined but never used.  unused-imports/no-unused-imports
49:3  Warning: 'Ticket' is defined but never used. Allowed unused vars must match /^_/u.  @typescript-eslint/no-unused-vars
50:3  Warning: 'Star' is defined but never used.  unused-imports/no-unused-imports
50:3  Warning: 'Star' is defined but never used. Allowed unused vars must match /^_/u.  @typescript-eslint/no-unused-vars
52:3  Warning: 'Trophy' is defined but never used.  unused-imports/no-unused-imports
52:3  Warning: 'Trophy' is defined but never used. Allowed unused vars must match /^_/u.  @typescript-eslint/no-unused-vars
53:3  Warning: 'TreePine' is defined but never used.  unused-imports/no-unused-imports
53:3  Warning: 'TreePine' is defined but never used. Allowed unused vars must match /^_/u.  @typescript-eslint/no-unused-vars
54:3  Warning: 'Sprout' is defined but never used.  unused-imports/no-unused-imports
54:3  Warning: 'Sprout' is defined but never used. Allowed unused vars must match /^_/u.  @typescript-eslint/no-unused-vars
55:3  Warning: 'Leaf' is defined but never used.  unused-imports/no-unused-imports
55:3  Warning: 'Leaf' is defined but never used. Allowed unused vars must match /^_/u.  @typescript-eslint/no-unused-vars
56:3  Warning: 'Wheat' is defined but never used.  unused-imports/no-unused-imports
56:3  Warning: 'Wheat' is defined but never used. Allowed unused vars must match /^_/u.  @typescript-eslint/no-unused-vars
58:3  Warning: 'Sword' is defined but never used.  unused-imports/no-unused-imports
58:3  Warning: 'Sword' is defined but never used. Allowed unused vars must match /^_/u.  @typescript-eslint/no-unused-vars

./app/[locale]/docs/ecosystem/financial/degenerate-finance/hodlbox/page.tsx
6:3  Warning: 'Info' is defined but never used.  unused-imports/no-unused-imports
6:3  Warning: 'Info' is defined but never used. Allowed unused vars must match /^_/u.  @typescript-eslint/no-unused-vars
11:3  Warning: 'Users' is defined but never used.  unused-imports/no-unused-imports
11:3  Warning: 'Users' is defined but never used. Allowed unused vars must match /^_/u.  @typescript-eslint/no-unused-vars
12:3  Warning: 'Gavel' is defined but never used.  unused-imports/no-unused-imports
12:3  Warning: 'Gavel' is defined but never used. Allowed unused vars must match /^_/u.  @typescript-eslint/no-unused-vars
15:3  Warning: 'Layers' is defined but never used.  unused-imports/no-unused-imports
15:3  Warning: 'Layers' is defined but never used. Allowed unused vars must match /^_/u.  @typescript-eslint/no-unused-vars
16:3  Warning: 'Calculator' is defined but never used.  unused-imports/no-unused-imports
16:3  Warning: 'Calculator' is defined but never used. Allowed unused vars must match /^_/u.  @typescript-eslint/no-unused-vars
17:3  Warning: 'ArrowUpDown' is defined but never used.  unused-imports/no-unused-imports
17:3  Warning: 'ArrowUpDown' is defined but never used. Allowed unused vars must match /^_/u.  @typescript-eslint/no-unused-vars
21:3  Warning: 'Globe' is defined but never used.  unused-imports/no-unused-imports
21:3  Warning: 'Globe' is defined but never used. Allowed unused vars must match /^_/u.  @typescript-eslint/no-unused-vars
22:3  Warning: 'Banknote' is defined but never used.  unused-imports/no-unused-imports
22:3  Warning: 'Banknote' is defined but never used. Allowed unused vars must match /^_/u.  @typescript-eslint/no-unused-vars
23:3  Warning: 'Cpu' is defined but never used.  unused-imports/no-unused-imports
23:3  Warning: 'Cpu' is defined but never used. Allowed unused vars must match /^_/u.  @typescript-eslint/no-unused-vars
24:3  Warning: 'Settings' is defined but never used.  unused-imports/no-unused-imports
24:3  Warning: 'Settings' is defined but never used. Allowed unused vars must match /^_/u.  @typescript-eslint/no-unused-vars
26:3  Warning: 'FileText' is defined but never used.  unused-imports/no-unused-imports
26:3  Warning: 'FileText' is defined but never used. Allowed unused vars must match /^_/u.  @typescript-eslint/no-unused-vars
28:3  Warning: 'Play' is defined but never used.  unused-imports/no-unused-imports
28:3  Warning: 'Play' is defined but never used. Allowed unused vars must match /^_/u.  @typescript-eslint/no-unused-vars
30:3  Warning: 'Coins' is defined but never used.  unused-imports/no-unused-imports
30:3  Warning: 'Coins' is defined but never used. Allowed unused vars must match /^_/u.  @typescript-eslint/no-unused-vars

./app/[locale]/docs/ecosystem/financial/degenerate-finance/hodlcoin/page.tsx
6:3  Warning: 'Info' is defined but never used.  unused-imports/no-unused-imports
6:3  Warning: 'Info' is defined but never used. Allowed unused vars must match /^_/u.  @typescript-eslint/no-unused-vars
11:3  Warning: 'Users' is defined but never used.  unused-imports/no-unused-imports
11:3  Warning: 'Users' is defined but never used. Allowed unused vars must match /^_/u.  @typescript-eslint/no-unused-vars
12:3  Warning: 'Gavel' is defined but never used.  unused-imports/no-unused-imports
12:3  Warning: 'Gavel' is defined but never used. Allowed unused vars must match /^_/u.  @typescript-eslint/no-unused-vars
15:3  Warning: 'Layers' is defined but never used.  unused-imports/no-unused-imports
15:3  Warning: 'Layers' is defined but never used. Allowed unused vars must match /^_/u.  @typescript-eslint/no-unused-vars
16:3  Warning: 'Calculator' is defined but never used.  unused-imports/no-unused-imports
16:3  Warning: 'Calculator' is defined but never used. Allowed unused vars must match /^_/u.  @typescript-eslint/no-unused-vars
17:3  Warning: 'ArrowUpDown' is defined but never used.  unused-imports/no-unused-imports
17:3  Warning: 'ArrowUpDown' is defined but never used. Allowed unused vars must match /^_/u.  @typescript-eslint/no-unused-vars
21:3  Warning: 'Globe' is defined but never used.  unused-imports/no-unused-imports
21:3  Warning: 'Globe' is defined but never used. Allowed unused vars must match /^_/u.  @typescript-eslint/no-unused-vars
22:3  Warning: 'Banknote' is defined but never used.  unused-imports/no-unused-imports
22:3  Warning: 'Banknote' is defined but never used. Allowed unused vars must match /^_/u.  @typescript-eslint/no-unused-vars
23:3  Warning: 'Cpu' is defined but never used.  unused-imports/no-unused-imports
23:3  Warning: 'Cpu' is defined but never used. Allowed unused vars must match /^_/u.  @typescript-eslint/no-unused-vars
24:3  Warning: 'Settings' is defined but never used.  unused-imports/no-unused-imports
24:3  Warning: 'Settings' is defined but never used. Allowed unused vars must match /^_/u.  @typescript-eslint/no-unused-vars
25:3  Warning: 'Gift' is defined but never used.  unused-imports/no-unused-imports
25:3  Warning: 'Gift' is defined but never used. Allowed unused vars must match /^_/u.  @typescript-eslint/no-unused-vars
26:3  Warning: 'FileText' is defined but never used.  unused-imports/no-unused-imports
26:3  Warning: 'FileText' is defined but never used. Allowed unused vars must match /^_/u.  @typescript-eslint/no-unused-vars
28:3  Warning: 'Play' is defined but never used.  unused-imports/no-unused-imports
28:3  Warning: 'Play' is defined but never used. Allowed unused vars must match /^_/u.  @typescript-eslint/no-unused-vars
32:3  Warning: 'Award' is defined but never used.  unused-imports/no-unused-imports
32:3  Warning: 'Award' is defined but never used. Allowed unused vars must match /^_/u.  @typescript-eslint/no-unused-vars
33:3  Warning: 'Clock' is defined but never used.  unused-imports/no-unused-imports
33:3  Warning: 'Clock' is defined but never used. Allowed unused vars must match /^_/u.  @typescript-eslint/no-unused-vars
35:3  Warning: 'History' is defined but never used.  unused-imports/no-unused-imports
35:3  Warning: 'History' is defined but never used. Allowed unused vars must match /^_/u.  @typescript-eslint/no-unused-vars

./app/[locale]/docs/ecosystem/financial/degenerate-finance/lotteries/page.tsx
6:3  Warning: 'Info' is defined but never used.  unused-imports/no-unused-imports
6:3  Warning: 'Info' is defined but never used. Allowed unused vars must match /^_/u.  @typescript-eslint/no-unused-vars
11:3  Warning: 'Users' is defined but never used.  unused-imports/no-unused-imports
11:3  Warning: 'Users' is defined but never used. Allowed unused vars must match /^_/u.  @typescript-eslint/no-unused-vars
12:3  Warning: 'Gavel' is defined but never used.  unused-imports/no-unused-imports
12:3  Warning: 'Gavel' is defined but never used. Allowed unused vars must match /^_/u.  @typescript-eslint/no-unused-vars
15:3  Warning: 'Layers' is defined but never used.  unused-imports/no-unused-imports
15:3  Warning: 'Layers' is defined but never used. Allowed unused vars must match /^_/u.  @typescript-eslint/no-unused-vars
16:3  Warning: 'Calculator' is defined but never used.  unused-imports/no-unused-imports
16:3  Warning: 'Calculator' is defined but never used. Allowed unused vars must match /^_/u.  @typescript-eslint/no-unused-vars
17:3  Warning: 'ArrowUpDown' is defined but never used.  unused-imports/no-unused-imports
17:3  Warning: 'ArrowUpDown' is defined but never used. Allowed unused vars must match /^_/u.  @typescript-eslint/no-unused-vars
21:3  Warning: 'Globe' is defined but never used.  unused-imports/no-unused-imports
21:3  Warning: 'Globe' is defined but never used. Allowed unused vars must match /^_/u.  @typescript-eslint/no-unused-vars
22:3  Warning: 'Banknote' is defined but never used.  unused-imports/no-unused-imports
22:3  Warning: 'Banknote' is defined but never used. Allowed unused vars must match /^_/u.  @typescript-eslint/no-unused-vars
23:3  Warning: 'Cpu' is defined but never used.  unused-imports/no-unused-imports
23:3  Warning: 'Cpu' is defined but never used. Allowed unused vars must match /^_/u.  @typescript-eslint/no-unused-vars
24:3  Warning: 'Settings' is defined but never used.  unused-imports/no-unused-imports
24:3  Warning: 'Settings' is defined but never used. Allowed unused vars must match /^_/u.  @typescript-eslint/no-unused-vars
25:3  Warning: 'Gift' is defined but never used.  unused-imports/no-unused-imports
25:3  Warning: 'Gift' is defined but never used. Allowed unused vars must match /^_/u.  @typescript-eslint/no-unused-vars
26:3  Warning: 'FileText' is defined but never used.  unused-imports/no-unused-imports
26:3  Warning: 'FileText' is defined but never used. Allowed unused vars must match /^_/u.  @typescript-eslint/no-unused-vars
28:3  Warning: 'Play' is defined but never used.  unused-imports/no-unused-imports
28:3  Warning: 'Play' is defined but never used. Allowed unused vars must match /^_/u.  @typescript-eslint/no-unused-vars
30:3  Warning: 'Coins' is defined but never used.  unused-imports/no-unused-imports
30:3  Warning: 'Coins' is defined but never used. Allowed unused vars must match /^_/u.  @typescript-eslint/no-unused-vars
31:3  Warning: 'Lock' is defined but never used.  unused-imports/no-unused-imports
31:3  Warning: 'Lock' is defined but never used. Allowed unused vars must match /^_/u.  @typescript-eslint/no-unused-vars
32:3  Warning: 'Award' is defined but never used.  unused-imports/no-unused-imports
32:3  Warning: 'Award' is defined but never used. Allowed unused vars must match /^_/u.  @typescript-eslint/no-unused-vars
33:3  Warning: 'Clock' is defined but never used.  unused-imports/no-unused-imports
33:3  Warning: 'Clock' is defined but never used. Allowed unused vars must match /^_/u.  @typescript-eslint/no-unused-vars
34:3  Warning: 'Flame' is defined but never used.  unused-imports/no-unused-imports
34:3  Warning: 'Flame' is defined but never used. Allowed unused vars must match /^_/u.  @typescript-eslint/no-unused-vars
35:3  Warning: 'History' is defined but never used.  unused-imports/no-unused-imports
35:3  Warning: 'History' is defined but never used. Allowed unused vars must match /^_/u.  @typescript-eslint/no-unused-vars
36:3  Warning: 'DollarSign' is defined but never used.  unused-imports/no-unused-imports
36:3  Warning: 'DollarSign' is defined but never used. Allowed unused vars must match /^_/u.  @typescript-eslint/no-unused-vars
37:3  Warning: 'BarChart3' is defined but never used.  unused-imports/no-unused-imports
37:3  Warning: 'BarChart3' is defined but never used. Allowed unused vars must match /^_/u.  @typescript-eslint/no-unused-vars
38:3  Warning: 'PieChart' is defined but never used.  unused-imports/no-unused-imports
38:3  Warning: 'PieChart' is defined but never used. Allowed unused vars must match /^_/u.  @typescript-eslint/no-unused-vars
39:3  Warning: 'TrendingDown' is defined but never used.  unused-imports/no-unused-imports
39:3  Warning: 'TrendingDown' is defined but never used. Allowed unused vars must match /^_/u.  @typescript-eslint/no-unused-vars
40:3  Warning: 'Activity' is defined but never used.  unused-imports/no-unused-imports
40:3  Warning: 'Activity' is defined but never used. Allowed unused vars must match /^_/u.  @typescript-eslint/no-unused-vars
41:3  Warning: 'Hammer' is defined but never used.  unused-imports/no-unused-imports
41:3  Warning: 'Hammer' is defined but never used. Allowed unused vars must match /^_/u.  @typescript-eslint/no-unused-vars
42:3  Warning: 'Timer' is defined but never used.  unused-imports/no-unused-imports
42:3  Warning: 'Timer' is defined but never used. Allowed unused vars must match /^_/u.  @typescript-eslint/no-unused-vars
43:3  Warning: 'ShoppingCart' is defined but never used.  unused-imports/no-unused-imports
43:3  Warning: 'ShoppingCart' is defined but never used. Allowed unused vars must match /^_/u.  @typescript-eslint/no-unused-vars
44:3  Warning: 'Users2' is defined but never used.  unused-imports/no-unused-imports
44:3  Warning: 'Users2' is defined but never used. Allowed unused vars must match /^_/u.  @typescript-eslint/no-unused-vars
45:3  Warning: 'RefreshCw' is defined but never used.  unused-imports/no-unused-imports
45:3  Warning: 'RefreshCw' is defined but never used. Allowed unused vars must match /^_/u.  @typescript-eslint/no-unused-vars
47:3  Warning: 'RotateCcw' is defined but never used.  unused-imports/no-unused-imports
47:3  Warning: 'RotateCcw' is defined but never used. Allowed unused vars must match /^_/u.  @typescript-eslint/no-unused-vars
48:3  Warning: 'FlipHorizontal' is defined but never used.  unused-imports/no-unused-imports
48:3  Warning: 'FlipHorizontal' is defined but never used. Allowed unused vars must match /^_/u.  @typescript-eslint/no-unused-vars
50:3  Warning: 'Star' is defined but never used.  unused-imports/no-unused-imports
50:3  Warning: 'Star' is defined but never used. Allowed unused vars must match /^_/u.  @typescript-eslint/no-unused-vars
51:3  Warning: 'Crown' is defined but never used.  unused-imports/no-unused-imports
51:3  Warning: 'Crown' is defined but never used. Allowed unused vars must match /^_/u.  @typescript-eslint/no-unused-vars

./app/[locale]/docs/ecosystem/financial/degenerate-finance/obolflip/page.tsx
6:3  Warning: 'Info' is defined but never used.  unused-imports/no-unused-imports
6:3  Warning: 'Info' is defined but never used. Allowed unused vars must match /^_/u.  @typescript-eslint/no-unused-vars
11:3  Warning: 'Users' is defined but never used.  unused-imports/no-unused-imports
11:3  Warning: 'Users' is defined but never used. Allowed unused vars must match /^_/u.  @typescript-eslint/no-unused-vars
12:3  Warning: 'Gavel' is defined but never used.  unused-imports/no-unused-imports
12:3  Warning: 'Gavel' is defined but never used. Allowed unused vars must match /^_/u.  @typescript-eslint/no-unused-vars
15:3  Warning: 'Layers' is defined but never used.  unused-imports/no-unused-imports
15:3  Warning: 'Layers' is defined but never used. Allowed unused vars must match /^_/u.  @typescript-eslint/no-unused-vars
16:3  Warning: 'Calculator' is defined but never used.  unused-imports/no-unused-imports
16:3  Warning: 'Calculator' is defined but never used. Allowed unused vars must match /^_/u.  @typescript-eslint/no-unused-vars
17:3  Warning: 'ArrowUpDown' is defined but never used.  unused-imports/no-unused-imports
17:3  Warning: 'ArrowUpDown' is defined but never used. Allowed unused vars must match /^_/u.  @typescript-eslint/no-unused-vars
21:3  Warning: 'Globe' is defined but never used.  unused-imports/no-unused-imports
21:3  Warning: 'Globe' is defined but never used. Allowed unused vars must match /^_/u.  @typescript-eslint/no-unused-vars
22:3  Warning: 'Banknote' is defined but never used.  unused-imports/no-unused-imports
22:3  Warning: 'Banknote' is defined but never used. Allowed unused vars must match /^_/u.  @typescript-eslint/no-unused-vars
23:3  Warning: 'Cpu' is defined but never used.  unused-imports/no-unused-imports
23:3  Warning: 'Cpu' is defined but never used. Allowed unused vars must match /^_/u.  @typescript-eslint/no-unused-vars
24:3  Warning: 'Settings' is defined but never used.  unused-imports/no-unused-imports
24:3  Warning: 'Settings' is defined but never used. Allowed unused vars must match /^_/u.  @typescript-eslint/no-unused-vars
25:3  Warning: 'Gift' is defined but never used.  unused-imports/no-unused-imports
25:3  Warning: 'Gift' is defined but never used. Allowed unused vars must match /^_/u.  @typescript-eslint/no-unused-vars
26:3  Warning: 'FileText' is defined but never used.  unused-imports/no-unused-imports
26:3  Warning: 'FileText' is defined but never used. Allowed unused vars must match /^_/u.  @typescript-eslint/no-unused-vars
28:3  Warning: 'Play' is defined but never used.  unused-imports/no-unused-imports
28:3  Warning: 'Play' is defined but never used. Allowed unused vars must match /^_/u.  @typescript-eslint/no-unused-vars
30:3  Warning: 'Coins' is defined but never used.  unused-imports/no-unused-imports
30:3  Warning: 'Coins' is defined but never used. Allowed unused vars must match /^_/u.  @typescript-eslint/no-unused-vars
31:3  Warning: 'Lock' is defined but never used.  unused-imports/no-unused-imports
31:3  Warning: 'Lock' is defined but never used. Allowed unused vars must match /^_/u.  @typescript-eslint/no-unused-vars
32:3  Warning: 'Award' is defined but never used.  unused-imports/no-unused-imports
32:3  Warning: 'Award' is defined but never used. Allowed unused vars must match /^_/u.  @typescript-eslint/no-unused-vars
33:3  Warning: 'Clock' is defined but never used.  unused-imports/no-unused-imports
33:3  Warning: 'Clock' is defined but never used. Allowed unused vars must match /^_/u.  @typescript-eslint/no-unused-vars
34:3  Warning: 'Flame' is defined but never used.  unused-imports/no-unused-imports
34:3  Warning: 'Flame' is defined but never used. Allowed unused vars must match /^_/u.  @typescript-eslint/no-unused-vars
35:3  Warning: 'History' is defined but never used.  unused-imports/no-unused-imports
35:3  Warning: 'History' is defined but never used. Allowed unused vars must match /^_/u.  @typescript-eslint/no-unused-vars
36:3  Warning: 'DollarSign' is defined but never used.  unused-imports/no-unused-imports
36:3  Warning: 'DollarSign' is defined but never used. Allowed unused vars must match /^_/u.  @typescript-eslint/no-unused-vars
37:3  Warning: 'BarChart3' is defined but never used.  unused-imports/no-unused-imports
37:3  Warning: 'BarChart3' is defined but never used. Allowed unused vars must match /^_/u.  @typescript-eslint/no-unused-vars
38:3  Warning: 'PieChart' is defined but never used.  unused-imports/no-unused-imports
38:3  Warning: 'PieChart' is defined but never used. Allowed unused vars must match /^_/u.  @typescript-eslint/no-unused-vars
39:3  Warning: 'TrendingDown' is defined but never used.  unused-imports/no-unused-imports
39:3  Warning: 'TrendingDown' is defined but never used. Allowed unused vars must match /^_/u.  @typescript-eslint/no-unused-vars
40:3  Warning: 'Activity' is defined but never used.  unused-imports/no-unused-imports
40:3  Warning: 'Activity' is defined but never used. Allowed unused vars must match /^_/u.  @typescript-eslint/no-unused-vars
41:3  Warning: 'Hammer' is defined but never used.  unused-imports/no-unused-imports
41:3  Warning: 'Hammer' is defined but never used. Allowed unused vars must match /^_/u.  @typescript-eslint/no-unused-vars
42:3  Warning: 'Timer' is defined but never used.  unused-imports/no-unused-imports
42:3  Warning: 'Timer' is defined but never used. Allowed unused vars must match /^_/u.  @typescript-eslint/no-unused-vars
43:3  Warning: 'ShoppingCart' is defined but never used.  unused-imports/no-unused-imports
43:3  Warning: 'ShoppingCart' is defined but never used. Allowed unused vars must match /^_/u.  @typescript-eslint/no-unused-vars
44:3  Warning: 'Users2' is defined but never used.  unused-imports/no-unused-imports
44:3  Warning: 'Users2' is defined but never used. Allowed unused vars must match /^_/u.  @typescript-eslint/no-unused-vars
47:3  Warning: 'RotateCcw' is defined but never used.  unused-imports/no-unused-imports
47:3  Warning: 'RotateCcw' is defined but never used. Allowed unused vars must match /^_/u.  @typescript-eslint/no-unused-vars

./app/[locale]/docs/ecosystem/financial/degenerate-finance/optioncoin/page.tsx
6:3  Warning: 'Info' is defined but never used.  unused-imports/no-unused-imports
6:3  Warning: 'Info' is defined but never used. Allowed unused vars must match /^_/u.  @typescript-eslint/no-unused-vars
11:3  Warning: 'Users' is defined but never used.  unused-imports/no-unused-imports
11:3  Warning: 'Users' is defined but never used. Allowed unused vars must match /^_/u.  @typescript-eslint/no-unused-vars
12:3  Warning: 'Gavel' is defined but never used.  unused-imports/no-unused-imports
12:3  Warning: 'Gavel' is defined but never used. Allowed unused vars must match /^_/u.  @typescript-eslint/no-unused-vars
15:3  Warning: 'Layers' is defined but never used.  unused-imports/no-unused-imports
15:3  Warning: 'Layers' is defined but never used. Allowed unused vars must match /^_/u.  @typescript-eslint/no-unused-vars
16:3  Warning: 'Calculator' is defined but never used.  unused-imports/no-unused-imports
16:3  Warning: 'Calculator' is defined but never used. Allowed unused vars must match /^_/u.  @typescript-eslint/no-unused-vars
21:3  Warning: 'Globe' is defined but never used.  unused-imports/no-unused-imports
21:3  Warning: 'Globe' is defined but never used. Allowed unused vars must match /^_/u.  @typescript-eslint/no-unused-vars
22:3  Warning: 'Banknote' is defined but never used.  unused-imports/no-unused-imports
22:3  Warning: 'Banknote' is defined but never used. Allowed unused vars must match /^_/u.  @typescript-eslint/no-unused-vars
23:3  Warning: 'Cpu' is defined but never used.  unused-imports/no-unused-imports
23:3  Warning: 'Cpu' is defined but never used. Allowed unused vars must match /^_/u.  @typescript-eslint/no-unused-vars
24:3  Warning: 'Settings' is defined but never used.  unused-imports/no-unused-imports
24:3  Warning: 'Settings' is defined but never used. Allowed unused vars must match /^_/u.  @typescript-eslint/no-unused-vars
25:3  Warning: 'Gift' is defined but never used.  unused-imports/no-unused-imports
25:3  Warning: 'Gift' is defined but never used. Allowed unused vars must match /^_/u.  @typescript-eslint/no-unused-vars
26:3  Warning: 'FileText' is defined but never used.  unused-imports/no-unused-imports
26:3  Warning: 'FileText' is defined but never used. Allowed unused vars must match /^_/u.  @typescript-eslint/no-unused-vars
28:3  Warning: 'Play' is defined but never used.  unused-imports/no-unused-imports
28:3  Warning: 'Play' is defined but never used. Allowed unused vars must match /^_/u.  @typescript-eslint/no-unused-vars
30:3  Warning: 'Coins' is defined but never used.  unused-imports/no-unused-imports
30:3  Warning: 'Coins' is defined but never used. Allowed unused vars must match /^_/u.  @typescript-eslint/no-unused-vars
31:3  Warning: 'Lock' is defined but never used.  unused-imports/no-unused-imports
31:3  Warning: 'Lock' is defined but never used. Allowed unused vars must match /^_/u.  @typescript-eslint/no-unused-vars
32:3  Warning: 'Award' is defined but never used.  unused-imports/no-unused-imports
32:3  Warning: 'Award' is defined but never used. Allowed unused vars must match /^_/u.  @typescript-eslint/no-unused-vars
33:3  Warning: 'Clock' is defined but never used.  unused-imports/no-unused-imports
33:3  Warning: 'Clock' is defined but never used. Allowed unused vars must match /^_/u.  @typescript-eslint/no-unused-vars
34:3  Warning: 'Flame' is defined but never used.  unused-imports/no-unused-imports
34:3  Warning: 'Flame' is defined but never used. Allowed unused vars must match /^_/u.  @typescript-eslint/no-unused-vars
35:3  Warning: 'History' is defined but never used.  unused-imports/no-unused-imports
35:3  Warning: 'History' is defined but never used. Allowed unused vars must match /^_/u.  @typescript-eslint/no-unused-vars
36:3  Warning: 'DollarSign' is defined but never used.  unused-imports/no-unused-imports
36:3  Warning: 'DollarSign' is defined but never used. Allowed unused vars must match /^_/u.  @typescript-eslint/no-unused-vars
38:3  Warning: 'PieChart' is defined but never used.  unused-imports/no-unused-imports
38:3  Warning: 'PieChart' is defined but never used. Allowed unused vars must match /^_/u.  @typescript-eslint/no-unused-vars
39:3  Warning: 'TrendingDown' is defined but never used.  unused-imports/no-unused-imports
39:3  Warning: 'TrendingDown' is defined but never used. Allowed unused vars must match /^_/u.  @typescript-eslint/no-unused-vars

./app/[locale]/docs/ecosystem/financial/degenerate-finance/page.tsx
4:16  Warning: 'Zap' is defined but never used.  unused-imports/no-unused-imports
4:16  Warning: 'Zap' is defined but never used. Allowed unused vars must match /^_/u.  @typescript-eslint/no-unused-vars

./app/[locale]/docs/ecosystem/financial/degenerate-finance/the-field/page.tsx
6:3  Warning: 'Info' is defined but never used.  unused-imports/no-unused-imports
6:3  Warning: 'Info' is defined but never used. Allowed unused vars must match /^_/u.  @typescript-eslint/no-unused-vars
11:3  Warning: 'Users' is defined but never used.  unused-imports/no-unused-imports
11:3  Warning: 'Users' is defined but never used. Allowed unused vars must match /^_/u.  @typescript-eslint/no-unused-vars
12:3  Warning: 'Gavel' is defined but never used.  unused-imports/no-unused-imports
12:3  Warning: 'Gavel' is defined but never used. Allowed unused vars must match /^_/u.  @typescript-eslint/no-unused-vars
15:3  Warning: 'Layers' is defined but never used.  unused-imports/no-unused-imports
15:3  Warning: 'Layers' is defined but never used. Allowed unused vars must match /^_/u.  @typescript-eslint/no-unused-vars
16:3  Warning: 'Calculator' is defined but never used.  unused-imports/no-unused-imports
16:3  Warning: 'Calculator' is defined but never used. Allowed unused vars must match /^_/u.  @typescript-eslint/no-unused-vars
17:3  Warning: 'ArrowUpDown' is defined but never used.  unused-imports/no-unused-imports
17:3  Warning: 'ArrowUpDown' is defined but never used. Allowed unused vars must match /^_/u.  @typescript-eslint/no-unused-vars
21:3  Warning: 'Globe' is defined but never used.  unused-imports/no-unused-imports
21:3  Warning: 'Globe' is defined but never used. Allowed unused vars must match /^_/u.  @typescript-eslint/no-unused-vars
22:3  Warning: 'Banknote' is defined but never used.  unused-imports/no-unused-imports
22:3  Warning: 'Banknote' is defined but never used. Allowed unused vars must match /^_/u.  @typescript-eslint/no-unused-vars
23:3  Warning: 'Cpu' is defined but never used.  unused-imports/no-unused-imports
23:3  Warning: 'Cpu' is defined but never used. Allowed unused vars must match /^_/u.  @typescript-eslint/no-unused-vars
24:3  Warning: 'Settings' is defined but never used.  unused-imports/no-unused-imports
24:3  Warning: 'Settings' is defined but never used. Allowed unused vars must match /^_/u.  @typescript-eslint/no-unused-vars
25:3  Warning: 'Gift' is defined but never used.  unused-imports/no-unused-imports
25:3  Warning: 'Gift' is defined but never used. Allowed unused vars must match /^_/u.  @typescript-eslint/no-unused-vars
26:3  Warning: 'FileText' is defined but never used.  unused-imports/no-unused-imports
26:3  Warning: 'FileText' is defined but never used. Allowed unused vars must match /^_/u.  @typescript-eslint/no-unused-vars
28:3  Warning: 'Play' is defined but never used.  unused-imports/no-unused-imports
28:3  Warning: 'Play' is defined but never used. Allowed unused vars must match /^_/u.  @typescript-eslint/no-unused-vars
30:3  Warning: 'Coins' is defined but never used.  unused-imports/no-unused-imports
30:3  Warning: 'Coins' is defined but never used. Allowed unused vars must match /^_/u.  @typescript-eslint/no-unused-vars
31:3  Warning: 'Lock' is defined but never used.  unused-imports/no-unused-imports
31:3  Warning: 'Lock' is defined but never used. Allowed unused vars must match /^_/u.  @typescript-eslint/no-unused-vars
32:3  Warning: 'Award' is defined but never used.  unused-imports/no-unused-imports
32:3  Warning: 'Award' is defined but never used. Allowed unused vars must match /^_/u.  @typescript-eslint/no-unused-vars
33:3  Warning: 'Clock' is defined but never used.  unused-imports/no-unused-imports
33:3  Warning: 'Clock' is defined but never used. Allowed unused vars must match /^_/u.  @typescript-eslint/no-unused-vars
34:3  Warning: 'Flame' is defined but never used.  unused-imports/no-unused-imports
34:3  Warning: 'Flame' is defined but never used. Allowed unused vars must match /^_/u.  @typescript-eslint/no-unused-vars
35:3  Warning: 'History' is defined but never used.  unused-imports/no-unused-imports
35:3  Warning: 'History' is defined but never used. Allowed unused vars must match /^_/u.  @typescript-eslint/no-unused-vars
36:3  Warning: 'DollarSign' is defined but never used.  unused-imports/no-unused-imports
36:3  Warning: 'DollarSign' is defined but never used. Allowed unused vars must match /^_/u.  @typescript-eslint/no-unused-vars
37:3  Warning: 'BarChart3' is defined but never used.  unused-imports/no-unused-imports
37:3  Warning: 'BarChart3' is defined but never used. Allowed unused vars must match /^_/u.  @typescript-eslint/no-unused-vars
38:3  Warning: 'PieChart' is defined but never used.  unused-imports/no-unused-imports
38:3  Warning: 'PieChart' is defined but never used. Allowed unused vars must match /^_/u.  @typescript-eslint/no-unused-vars
39:3  Warning: 'TrendingDown' is defined but never used.  unused-imports/no-unused-imports
39:3  Warning: 'TrendingDown' is defined but never used. Allowed unused vars must match /^_/u.  @typescript-eslint/no-unused-vars
40:3  Warning: 'Activity' is defined but never used.  unused-imports/no-unused-imports
40:3  Warning: 'Activity' is defined but never used. Allowed unused vars must match /^_/u.  @typescript-eslint/no-unused-vars
41:3  Warning: 'Hammer' is defined but never used.  unused-imports/no-unused-imports
41:3  Warning: 'Hammer' is defined but never used. Allowed unused vars must match /^_/u.  @typescript-eslint/no-unused-vars
42:3  Warning: 'Timer' is defined but never used.  unused-imports/no-unused-imports
42:3  Warning: 'Timer' is defined but never used. Allowed unused vars must match /^_/u.  @typescript-eslint/no-unused-vars
43:3  Warning: 'ShoppingCart' is defined but never used.  unused-imports/no-unused-imports
43:3  Warning: 'ShoppingCart' is defined but never used. Allowed unused vars must match /^_/u.  @typescript-eslint/no-unused-vars
44:3  Warning: 'Users2' is defined but never used.  unused-imports/no-unused-imports
44:3  Warning: 'Users2' is defined but never used. Allowed unused vars must match /^_/u.  @typescript-eslint/no-unused-vars
45:3  Warning: 'RefreshCw' is defined but never used.  unused-imports/no-unused-imports
45:3  Warning: 'RefreshCw' is defined but never used. Allowed unused vars must match /^_/u.  @typescript-eslint/no-unused-vars
46:3  Warning: 'Shuffle' is defined but never used.  unused-imports/no-unused-imports
46:3  Warning: 'Shuffle' is defined but never used. Allowed unused vars must match /^_/u.  @typescript-eslint/no-unused-vars
47:3  Warning: 'RotateCcw' is defined but never used.  unused-imports/no-unused-imports
47:3  Warning: 'RotateCcw' is defined but never used. Allowed unused vars must match /^_/u.  @typescript-eslint/no-unused-vars
48:3  Warning: 'FlipHorizontal' is defined but never used.  unused-imports/no-unused-imports
48:3  Warning: 'FlipHorizontal' is defined but never used. Allowed unused vars must match /^_/u.  @typescript-eslint/no-unused-vars
49:3  Warning: 'Ticket' is defined but never used.  unused-imports/no-unused-imports
49:3  Warning: 'Ticket' is defined but never used. Allowed unused vars must match /^_/u.  @typescript-eslint/no-unused-vars
50:3  Warning: 'Star' is defined but never used.  unused-imports/no-unused-imports
50:3  Warning: 'Star' is defined but never used. Allowed unused vars must match /^_/u.  @typescript-eslint/no-unused-vars
51:3  Warning: 'Crown' is defined but never used.  unused-imports/no-unused-imports
51:3  Warning: 'Crown' is defined but never used. Allowed unused vars must match /^_/u.  @typescript-eslint/no-unused-vars
52:3  Warning: 'Trophy' is defined but never used.  unused-imports/no-unused-imports
52:3  Warning: 'Trophy' is defined but never used. Allowed unused vars must match /^_/u.  @typescript-eslint/no-unused-vars
55:3  Warning: 'Leaf' is defined but never used.  unused-imports/no-unused-imports
55:3  Warning: 'Leaf' is defined but never used. Allowed unused vars must match /^_/u.  @typescript-eslint/no-unused-vars

./app/[locale]/docs/ecosystem/financial/dex/analog-ergo/page.tsx
8:3  Warning: 'ArrowRight' is defined but never used.  unused-imports/no-unused-imports
8:3  Warning: 'ArrowRight' is defined but never used. Allowed unused vars must match /^_/u.  @typescript-eslint/no-unused-vars
9:3  Warning: 'ExternalLink' is defined but never used.  unused-imports/no-unused-imports
9:3  Warning: 'ExternalLink' is defined but never used. Allowed unused vars must match /^_/u.  @typescript-eslint/no-unused-vars
13:3  Warning: 'Globe' is defined but never used.  unused-imports/no-unused-imports
13:3  Warning: 'Globe' is defined but never used. Allowed unused vars must match /^_/u.  @typescript-eslint/no-unused-vars
14:3  Warning: 'Shield' is defined but never used.  unused-imports/no-unused-imports
14:3  Warning: 'Shield' is defined but never used. Allowed unused vars must match /^_/u.  @typescript-eslint/no-unused-vars
15:3  Warning: 'Cpu' is defined but never used.  unused-imports/no-unused-imports
15:3  Warning: 'Cpu' is defined but never used. Allowed unused vars must match /^_/u.  @typescript-eslint/no-unused-vars

./app/[locale]/docs/ecosystem/financial/dex/crystal-pool/page.tsx
11:3  Warning: 'CheckCircle' is defined but never used.  unused-imports/no-unused-imports
11:3  Warning: 'CheckCircle' is defined but never used. Allowed unused vars must match /^_/u.  @typescript-eslint/no-unused-vars
17:3  Warning: 'Coins' is defined but never used.  unused-imports/no-unused-imports
17:3  Warning: 'Coins' is defined but never used. Allowed unused vars must match /^_/u.  @typescript-eslint/no-unused-vars

./app/[locale]/docs/ecosystem/financial/dex/guapswap/page.tsx
8:3  Warning: 'Target' is defined but never used.  unused-imports/no-unused-imports
8:3  Warning: 'Target' is defined but never used. Allowed unused vars must match /^_/u.  @typescript-eslint/no-unused-vars
9:3  Warning: 'Globe' is defined but never used.  unused-imports/no-unused-imports
9:3  Warning: 'Globe' is defined but never used. Allowed unused vars must match /^_/u.  @typescript-eslint/no-unused-vars
11:3  Warning: 'TrendingUp' is defined but never used.  unused-imports/no-unused-imports
11:3  Warning: 'TrendingUp' is defined but never used. Allowed unused vars must match /^_/u.  @typescript-eslint/no-unused-vars
12:3  Warning: 'ExternalLink' is defined but never used.  unused-imports/no-unused-imports
12:3  Warning: 'ExternalLink' is defined but never used. Allowed unused vars must match /^_/u.  @typescript-eslint/no-unused-vars
13:3  Warning: 'Mail' is defined but never used.  unused-imports/no-unused-imports
13:3  Warning: 'Mail' is defined but never used. Allowed unused vars must match /^_/u.  @typescript-eslint/no-unused-vars
14:3  Warning: 'Building2' is defined but never used.  unused-imports/no-unused-imports
14:3  Warning: 'Building2' is defined but never used. Allowed unused vars must match /^_/u.  @typescript-eslint/no-unused-vars
15:3  Warning: 'ArrowRight' is defined but never used.  unused-imports/no-unused-imports
15:3  Warning: 'ArrowRight' is defined but never used. Allowed unused vars must match /^_/u.  @typescript-eslint/no-unused-vars
20:3  Warning: 'Coins' is defined but never used.  unused-imports/no-unused-imports
20:3  Warning: 'Coins' is defined but never used. Allowed unused vars must match /^_/u.  @typescript-eslint/no-unused-vars

./app/[locale]/docs/ecosystem/financial/dex/machina/page.tsx
12:3  Warning: 'ExternalLink' is defined but never used.  unused-imports/no-unused-imports
12:3  Warning: 'ExternalLink' is defined but never used. Allowed unused vars must match /^_/u.  @typescript-eslint/no-unused-vars
15:3  Warning: 'Globe' is defined but never used.  unused-imports/no-unused-imports
15:3  Warning: 'Globe' is defined but never used. Allowed unused vars must match /^_/u.  @typescript-eslint/no-unused-vars

./app/[locale]/docs/ecosystem/financial/dex/mew/page.tsx
5:3  Warning: 'Zap' is defined but never used.  unused-imports/no-unused-imports
5:3  Warning: 'Zap' is defined but never used. Allowed unused vars must match /^_/u.  @typescript-eslint/no-unused-vars
11:3  Warning: 'Users' is defined but never used.  unused-imports/no-unused-imports
11:3  Warning: 'Users' is defined but never used. Allowed unused vars must match /^_/u.  @typescript-eslint/no-unused-vars
14:3  Warning: 'ExternalLink' is defined but never used.  unused-imports/no-unused-imports
14:3  Warning: 'ExternalLink' is defined but never used. Allowed unused vars must match /^_/u.  @typescript-eslint/no-unused-vars
16:3  Warning: 'MessageCircle' is defined but never used.  unused-imports/no-unused-imports
16:3  Warning: 'MessageCircle' is defined but never used. Allowed unused vars must match /^_/u.  @typescript-eslint/no-unused-vars
18:3  Warning: 'GitBranch' is defined but never used.  unused-imports/no-unused-imports
18:3  Warning: 'GitBranch' is defined but never used. Allowed unused vars must match /^_/u.  @typescript-eslint/no-unused-vars
19:3  Warning: 'Coins' is defined but never used.  unused-imports/no-unused-imports
19:3  Warning: 'Coins' is defined but never used. Allowed unused vars must match /^_/u.  @typescript-eslint/no-unused-vars

./app/[locale]/docs/ecosystem/financial/dex/page.tsx
103:28  Warning: 'idx' is defined but never used. Allowed unused args must match /^_/u.  unused-imports/no-unused-vars
103:28  Warning: 'idx' is defined but never used. Allowed unused args must match /^_/u.  @typescript-eslint/no-unused-vars

./app/[locale]/docs/ecosystem/financial/dex/palmyra/page.tsx
12:3  Warning: 'MessageCircle' is defined but never used.  unused-imports/no-unused-imports
12:3  Warning: 'MessageCircle' is defined but never used. Allowed unused vars must match /^_/u.  @typescript-eslint/no-unused-vars
13:3  Warning: 'Mail' is defined but never used.  unused-imports/no-unused-imports
13:3  Warning: 'Mail' is defined but never used. Allowed unused vars must match /^_/u.  @typescript-eslint/no-unused-vars
15:3  Warning: 'GitBranch' is defined but never used.  unused-imports/no-unused-imports
15:3  Warning: 'GitBranch' is defined but never used. Allowed unused vars must match /^_/u.  @typescript-eslint/no-unused-vars
16:3  Warning: 'Coins' is defined but never used.  unused-imports/no-unused-imports
16:3  Warning: 'Coins' is defined but never used. Allowed unused vars must match /^_/u.  @typescript-eslint/no-unused-vars
17:3  Warning: 'Zap' is defined but never used.  unused-imports/no-unused-imports
17:3  Warning: 'Zap' is defined but never used. Allowed unused vars must match /^_/u.  @typescript-eslint/no-unused-vars

./app/[locale]/docs/ecosystem/financial/dex/single-tx-swap/page.tsx
7:3  Warning: 'Users' is defined but never used.  unused-imports/no-unused-imports
7:3  Warning: 'Users' is defined but never used. Allowed unused vars must match /^_/u.  @typescript-eslint/no-unused-vars
8:3  Warning: 'TrendingUp' is defined but never used.  unused-imports/no-unused-imports
8:3  Warning: 'TrendingUp' is defined but never used. Allowed unused vars must match /^_/u.  @typescript-eslint/no-unused-vars
9:3  Warning: 'ExternalLink' is defined but never used.  unused-imports/no-unused-imports
9:3  Warning: 'ExternalLink' is defined but never used. Allowed unused vars must match /^_/u.  @typescript-eslint/no-unused-vars
11:3  Warning: 'GitBranch' is defined but never used.  unused-imports/no-unused-imports
11:3  Warning: 'GitBranch' is defined but never used. Allowed unused vars must match /^_/u.  @typescript-eslint/no-unused-vars

./app/[locale]/docs/ecosystem/financial/dex/spectrum/page.tsx
7:3  Warning: 'FileText' is defined but never used.  unused-imports/no-unused-imports
7:3  Warning: 'FileText' is defined but never used. Allowed unused vars must match /^_/u.  @typescript-eslint/no-unused-vars
8:3  Warning: 'Code2' is defined but never used.  unused-imports/no-unused-imports
8:3  Warning: 'Code2' is defined but never used. Allowed unused vars must match /^_/u.  @typescript-eslint/no-unused-vars
13:3  Warning: 'Globe' is defined but never used.  unused-imports/no-unused-imports
13:3  Warning: 'Globe' is defined but never used. Allowed unused vars must match /^_/u.  @typescript-eslint/no-unused-vars
14:3  Warning: 'Users' is defined but never used.  unused-imports/no-unused-imports
14:3  Warning: 'Users' is defined but never used. Allowed unused vars must match /^_/u.  @typescript-eslint/no-unused-vars
16:3  Warning: 'Coins' is defined but never used.  unused-imports/no-unused-imports
16:3  Warning: 'Coins' is defined but never used. Allowed unused vars must match /^_/u.  @typescript-eslint/no-unused-vars

./app/[locale]/docs/ecosystem/financial/dex/token-jay/page.tsx
5:3  Warning: 'Zap' is defined but never used.  unused-imports/no-unused-imports
5:3  Warning: 'Zap' is defined but never used. Allowed unused vars must match /^_/u.  @typescript-eslint/no-unused-vars
8:3  Warning: 'Target' is defined but never used.  unused-imports/no-unused-imports
8:3  Warning: 'Target' is defined but never used. Allowed unused vars must match /^_/u.  @typescript-eslint/no-unused-vars
13:3  Warning: 'ArrowRight' is defined but never used.  unused-imports/no-unused-imports
13:3  Warning: 'ArrowRight' is defined but never used. Allowed unused vars must match /^_/u.  @typescript-eslint/no-unused-vars
14:3  Warning: 'CheckCircle' is defined but never used.  unused-imports/no-unused-imports
14:3  Warning: 'CheckCircle' is defined but never used. Allowed unused vars must match /^_/u.  @typescript-eslint/no-unused-vars
15:3  Warning: 'Building2' is defined but never used.  unused-imports/no-unused-imports
15:3  Warning: 'Building2' is defined but never used. Allowed unused vars must match /^_/u.  @typescript-eslint/no-unused-vars
18:3  Warning: 'GitBranch' is defined but never used.  unused-imports/no-unused-imports
18:3  Warning: 'GitBranch' is defined but never used. Allowed unused vars must match /^_/u.  @typescript-eslint/no-unused-vars
19:3  Warning: 'Coins' is defined but never used.  unused-imports/no-unused-imports
19:3  Warning: 'Coins' is defined but never used. Allowed unused vars must match /^_/u.  @typescript-eslint/no-unused-vars
20:3  Warning: 'Lock' is defined but never used.  unused-imports/no-unused-imports
20:3  Warning: 'Lock' is defined but never used. Allowed unused vars must match /^_/u.  @typescript-eslint/no-unused-vars

./app/[locale]/docs/ecosystem/financial/dex/trade-house/page.tsx
5:3  Warning: 'Users' is defined but never used.  unused-imports/no-unused-imports
5:3  Warning: 'Users' is defined but never used. Allowed unused vars must match /^_/u.  @typescript-eslint/no-unused-vars
6:3  Warning: 'Info' is defined but never used.  unused-imports/no-unused-imports
6:3  Warning: 'Info' is defined but never used. Allowed unused vars must match /^_/u.  @typescript-eslint/no-unused-vars
7:3  Warning: 'Star' is defined but never used.  unused-imports/no-unused-imports
7:3  Warning: 'Star' is defined but never used. Allowed unused vars must match /^_/u.  @typescript-eslint/no-unused-vars
10:3  Warning: 'CheckCircle' is defined but never used.  unused-imports/no-unused-imports
10:3  Warning: 'CheckCircle' is defined but never used. Allowed unused vars must match /^_/u.  @typescript-eslint/no-unused-vars
11:3  Warning: 'Paintbrush' is defined but never used.  unused-imports/no-unused-imports
11:3  Warning: 'Paintbrush' is defined but never used. Allowed unused vars must match /^_/u.  @typescript-eslint/no-unused-vars
17:3  Warning: 'Globe' is defined but never used.  unused-imports/no-unused-imports
17:3  Warning: 'Globe' is defined but never used. Allowed unused vars must match /^_/u.  @typescript-eslint/no-unused-vars
18:3  Warning: 'Shield' is defined but never used.  unused-imports/no-unused-imports
18:3  Warning: 'Shield' is defined but never used. Allowed unused vars must match /^_/u.  @typescript-eslint/no-unused-vars
19:3  Warning: 'Zap' is defined but never used.  unused-imports/no-unused-imports
19:3  Warning: 'Zap' is defined but never used. Allowed unused vars must match /^_/u.  @typescript-eslint/no-unused-vars

./app/[locale]/docs/ecosystem/financial/monetary-systems/basic-implementation/page.tsx
2:17  Warning: 'useState' is defined but never used.  unused-imports/no-unused-imports
2:17  Warning: 'useState' is defined but never used. Allowed unused vars must match /^_/u.  @typescript-eslint/no-unused-vars
6:3  Warning: 'ExternalLink' is defined but never used.  unused-imports/no-unused-imports
6:3  Warning: 'ExternalLink' is defined but never used. Allowed unused vars must match /^_/u.  @typescript-eslint/no-unused-vars
8:3  Warning: 'Users' is defined but never used.  unused-imports/no-unused-imports
8:3  Warning: 'Users' is defined but never used. Allowed unused vars must match /^_/u.  @typescript-eslint/no-unused-vars
9:3  Warning: 'GitBranch' is defined but never used.  unused-imports/no-unused-imports
9:3  Warning: 'GitBranch' is defined but never used. Allowed unused vars must match /^_/u.  @typescript-eslint/no-unused-vars
12:11  Warning: 'CopyIcon' is defined but never used.  unused-imports/no-unused-imports
12:11  Warning: 'CopyIcon' is defined but never used. Allowed unused vars must match /^_/u.  @typescript-eslint/no-unused-vars
13:12  Warning: 'CheckIcon' is defined but never used.  unused-imports/no-unused-imports
13:12  Warning: 'CheckIcon' is defined but never used. Allowed unused vars must match /^_/u.  @typescript-eslint/no-unused-vars
16:10  Warning: 'CodeBlock' is defined but never used.  unused-imports/no-unused-imports
16:10  Warning: 'CodeBlock' is defined but never used. Allowed unused vars must match /^_/u.  @typescript-eslint/no-unused-vars
18:7  Warning: 'ADMIN_CODE' is assigned a value but never used. Allowed unused vars must match /^_/u.  unused-imports/no-unused-vars
18:7  Warning: 'ADMIN_CODE' is assigned a value but never used. Allowed unused vars must match /^_/u.  @typescript-eslint/no-unused-vars
58:7  Warning: 'TRADE_CODE' is assigned a value but never used. Allowed unused vars must match /^_/u.  unused-imports/no-unused-vars
58:7  Warning: 'TRADE_CODE' is assigned a value but never used. Allowed unused vars must match /^_/u.  @typescript-eslint/no-unused-vars

./app/[locale]/docs/ecosystem/financial/monetary-systems/chaincash/page.tsx
3:3  Warning: 'Coins' is defined but never used.  unused-imports/no-unused-imports
3:3  Warning: 'Coins' is defined but never used. Allowed unused vars must match /^_/u.  @typescript-eslint/no-unused-vars
10:3  Warning: 'Database' is defined but never used.  unused-imports/no-unused-imports
10:3  Warning: 'Database' is defined but never used. Allowed unused vars must match /^_/u.  @typescript-eslint/no-unused-vars

./app/[locale]/docs/ecosystem/financial/monetary-systems/dexygold/page.tsx
3:3  Warning: 'Coins' is defined but never used.  unused-imports/no-unused-imports
3:3  Warning: 'Coins' is defined but never used. Allowed unused vars must match /^_/u.  @typescript-eslint/no-unused-vars
5:3  Warning: 'Code' is defined but never used.  unused-imports/no-unused-imports
5:3  Warning: 'Code' is defined but never used. Allowed unused vars must match /^_/u.  @typescript-eslint/no-unused-vars
8:3  Warning: 'Lock' is defined but never used.  unused-imports/no-unused-imports
8:3  Warning: 'Lock' is defined but never used. Allowed unused vars must match /^_/u.  @typescript-eslint/no-unused-vars
10:3  Warning: 'Database' is defined but never used.  unused-imports/no-unused-imports
10:3  Warning: 'Database' is defined but never used. Allowed unused vars must match /^_/u.  @typescript-eslint/no-unused-vars
12:3  Warning: 'Zap' is defined but never used.  unused-imports/no-unused-imports
12:3  Warning: 'Zap' is defined but never used. Allowed unused vars must match /^_/u.  @typescript-eslint/no-unused-vars
13:3  Warning: 'Users' is defined but never used.  unused-imports/no-unused-imports
13:3  Warning: 'Users' is defined but never used. Allowed unused vars must match /^_/u.  @typescript-eslint/no-unused-vars
14:3  Warning: 'Globe' is defined but never used.  unused-imports/no-unused-imports
14:3  Warning: 'Globe' is defined but never used. Allowed unused vars must match /^_/u.  @typescript-eslint/no-unused-vars
15:3  Warning: 'GitBranch' is defined but never used.  unused-imports/no-unused-imports
15:3  Warning: 'GitBranch' is defined but never used. Allowed unused vars must match /^_/u.  @typescript-eslint/no-unused-vars
17:3  Warning: 'GitCommit' is defined but never used.  unused-imports/no-unused-imports
17:3  Warning: 'GitCommit' is defined but never used. Allowed unused vars must match /^_/u.  @typescript-eslint/no-unused-vars
19:3  Warning: 'FileText' is defined but never used.  unused-imports/no-unused-imports
19:3  Warning: 'FileText' is defined but never used. Allowed unused vars must match /^_/u.  @typescript-eslint/no-unused-vars
22:3  Warning: 'Atom' is defined but never used.  unused-imports/no-unused-imports
22:3  Warning: 'Atom' is defined but never used. Allowed unused vars must match /^_/u.  @typescript-eslint/no-unused-vars

./app/[locale]/docs/ecosystem/financial/monetary-systems/gluon/page.tsx
3:3  Warning: 'Coins' is defined but never used.  unused-imports/no-unused-imports
3:3  Warning: 'Coins' is defined but never used. Allowed unused vars must match /^_/u.  @typescript-eslint/no-unused-vars
8:3  Warning: 'Lock' is defined but never used.  unused-imports/no-unused-imports
8:3  Warning: 'Lock' is defined but never used. Allowed unused vars must match /^_/u.  @typescript-eslint/no-unused-vars
10:3  Warning: 'Database' is defined but never used.  unused-imports/no-unused-imports
10:3  Warning: 'Database' is defined but never used. Allowed unused vars must match /^_/u.  @typescript-eslint/no-unused-vars
14:3  Warning: 'Globe' is defined but never used.  unused-imports/no-unused-imports
14:3  Warning: 'Globe' is defined but never used. Allowed unused vars must match /^_/u.  @typescript-eslint/no-unused-vars
18:3  Warning: 'Network' is defined but never used.  unused-imports/no-unused-imports
18:3  Warning: 'Network' is defined but never used. Allowed unused vars must match /^_/u.  @typescript-eslint/no-unused-vars
19:3  Warning: 'FileText' is defined but never used.  unused-imports/no-unused-imports
19:3  Warning: 'FileText' is defined but never used. Allowed unused vars must match /^_/u.  @typescript-eslint/no-unused-vars
20:3  Warning: 'Play' is defined but never used.  unused-imports/no-unused-imports
20:3  Warning: 'Play' is defined but never used. Allowed unused vars must match /^_/u.  @typescript-eslint/no-unused-vars

./app/[locale]/docs/ecosystem/financial/monetary-systems/page.tsx
4:10  Warning: 'CheckCircle' is defined but never used.  unused-imports/no-unused-imports
4:10  Warning: 'CheckCircle' is defined but never used. Allowed unused vars must match /^_/u.  @typescript-eslint/no-unused-vars
4:28  Warning: 'TrendingUp' is defined but never used.  unused-imports/no-unused-imports
4:28  Warning: 'TrendingUp' is defined but never used. Allowed unused vars must match /^_/u.  @typescript-eslint/no-unused-vars

./app/[locale]/docs/ecosystem/financial/monetary-systems/trustless-lets/page.tsx
2:17  Warning: 'useState' is defined but never used.  unused-imports/no-unused-imports
2:17  Warning: 'useState' is defined but never used. Allowed unused vars must match /^_/u.  @typescript-eslint/no-unused-vars
7:3  Warning: 'Users' is defined but never used.  unused-imports/no-unused-imports
7:3  Warning: 'Users' is defined but never used. Allowed unused vars must match /^_/u.  @typescript-eslint/no-unused-vars
8:3  Warning: 'GitBranch' is defined but never used.  unused-imports/no-unused-imports
8:3  Warning: 'GitBranch' is defined but never used. Allowed unused vars must match /^_/u.  @typescript-eslint/no-unused-vars
9:3  Warning: 'Shield' is defined but never used.  unused-imports/no-unused-imports
9:3  Warning: 'Shield' is defined but never used. Allowed unused vars must match /^_/u.  @typescript-eslint/no-unused-vars
11:11  Warning: 'CopyIcon' is defined but never used.  unused-imports/no-unused-imports
11:11  Warning: 'CopyIcon' is defined but never used. Allowed unused vars must match /^_/u.  @typescript-eslint/no-unused-vars
12:12  Warning: 'CheckIcon' is defined but never used.  unused-imports/no-unused-imports
12:12  Warning: 'CheckIcon' is defined but never used. Allowed unused vars must match /^_/u.  @typescript-eslint/no-unused-vars
16:10  Warning: 'CodeBlock' is defined but never used.  unused-imports/no-unused-imports
16:10  Warning: 'CodeBlock' is defined but never used. Allowed unused vars must match /^_/u.  @typescript-eslint/no-unused-vars
18:7  Warning: 'TOKEN_BOX_CODE' is assigned a value but never used. Allowed unused vars must match /^_/u.  unused-imports/no-unused-vars
18:7  Warning: 'TOKEN_BOX_CODE' is assigned a value but never used. Allowed unused vars must match /^_/u.  @typescript-eslint/no-unused-vars
39:7  Warning: 'MEMBER_BOX_CODE' is assigned a value but never used. Allowed unused vars must match /^_/u.  unused-imports/no-unused-vars
39:7  Warning: 'MEMBER_BOX_CODE' is assigned a value but never used. Allowed unused vars must match /^_/u.  @typescript-eslint/no-unused-vars

./app/[locale]/docs/ecosystem/financial/page.tsx
4:44  Warning: 'ChevronRight' is defined but never used.  unused-imports/no-unused-imports
4:44  Warning: 'ChevronRight' is defined but never used. Allowed unused vars must match /^_/u.  @typescript-eslint/no-unused-vars

./app/[locale]/docs/ecosystem/infrastructure/page.tsx
8:3  Warning: 'Cpu' is defined but never used.  unused-imports/no-unused-imports
8:3  Warning: 'Cpu' is defined but never used. Allowed unused vars must match /^_/u.  @typescript-eslint/no-unused-vars
11:3  Warning: 'ChevronRight' is defined but never used.  unused-imports/no-unused-imports
11:3  Warning: 'ChevronRight' is defined but never used. Allowed unused vars must match /^_/u.  @typescript-eslint/no-unused-vars

./app/[locale]/docs/ecosystem/infrastructure/rosen-bridge/page.tsx
8:3  Warning: 'ListChecks' is defined but never used.  unused-imports/no-unused-imports
8:3  Warning: 'ListChecks' is defined but never used. Allowed unused vars must match /^_/u.  @typescript-eslint/no-unused-vars
11:11  Warning: 'LucideLink' is defined but never used.  unused-imports/no-unused-imports
11:11  Warning: 'LucideLink' is defined but never used. Allowed unused vars must match /^_/u.  @typescript-eslint/no-unused-vars
12:3  Warning: 'ArrowRight' is defined but never used.  unused-imports/no-unused-imports
12:3  Warning: 'ArrowRight' is defined but never used. Allowed unused vars must match /^_/u.  @typescript-eslint/no-unused-vars

./app/[locale]/docs/ecosystem/infrastructure/sidechains/page.tsx
7:3  Warning: 'Settings' is defined but never used.  unused-imports/no-unused-imports
7:3  Warning: 'Settings' is defined but never used. Allowed unused vars must match /^_/u.  @typescript-eslint/no-unused-vars
7:26  Warning: 'ChevronUp' is defined but never used.  unused-imports/no-unused-imports
7:26  Warning: 'ChevronUp' is defined but never used. Allowed unused vars must match /^_/u.  @typescript-eslint/no-unused-vars

./app/[locale]/docs/ecosystem/nfts/page.tsx
4:10  Warning: 'Accordion' is defined but never used.  unused-imports/no-unused-imports
4:10  Warning: 'Accordion' is defined but never used. Allowed unused vars must match /^_/u.  @typescript-eslint/no-unused-vars
4:21  Warning: 'AccordionItem' is defined but never used.  unused-imports/no-unused-imports
4:21  Warning: 'AccordionItem' is defined but never used. Allowed unused vars must match /^_/u.  @typescript-eslint/no-unused-vars
4:36  Warning: 'AccordionTrigger' is defined but never used.  unused-imports/no-unused-imports
4:36  Warning: 'AccordionTrigger' is defined but never used. Allowed unused vars must match /^_/u.  @typescript-eslint/no-unused-vars
4:54  Warning: 'AccordionContent' is defined but never used.  unused-imports/no-unused-imports
4:54  Warning: 'AccordionContent' is defined but never used. Allowed unused vars must match /^_/u.  @typescript-eslint/no-unused-vars
5:10  Warning: 'CheckCircle' is defined but never used.  unused-imports/no-unused-imports
5:10  Warning: 'CheckCircle' is defined but never used. Allowed unused vars must match /^_/u.  @typescript-eslint/no-unused-vars
5:23  Warning: 'Zap' is defined but never used.  unused-imports/no-unused-imports
5:23  Warning: 'Zap' is defined but never used. Allowed unused vars must match /^_/u.  @typescript-eslint/no-unused-vars
5:28  Warning: 'TrendingUp' is defined but never used.  unused-imports/no-unused-imports
5:28  Warning: 'TrendingUp' is defined but never used. Allowed unused vars must match /^_/u.  @typescript-eslint/no-unused-vars
5:46  Warning: 'Coins' is defined but never used.  unused-imports/no-unused-imports
5:46  Warning: 'Coins' is defined but never used. Allowed unused vars must match /^_/u.  @typescript-eslint/no-unused-vars
5:53  Warning: 'Layers' is defined but never used.  unused-imports/no-unused-imports
5:53  Warning: 'Layers' is defined but never used. Allowed unused vars must match /^_/u.  @typescript-eslint/no-unused-vars
45:15  Warning: Image elements must have an alt prop, either with meaningful text, or an empty string for decorative images.  jsx-a11y/alt-text

./app/[locale]/docs/ecosystem/nfts/pandaV/page.tsx
5:3  Warning: 'Shield' is defined but never used.  unused-imports/no-unused-imports
5:3  Warning: 'Shield' is defined but never used. Allowed unused vars must match /^_/u.  @typescript-eslint/no-unused-vars
8:11  Warning: 'LinkIcon' is defined but never used.  unused-imports/no-unused-imports
8:11  Warning: 'LinkIcon' is defined but never used. Allowed unused vars must match /^_/u.  @typescript-eslint/no-unused-vars
10:3  Warning: 'Twitter' is defined but never used.  unused-imports/no-unused-imports
10:3  Warning: 'Twitter' is defined but never used. Allowed unused vars must match /^_/u.  @typescript-eslint/no-unused-vars
11:3  Warning: 'Send' is defined but never used.  unused-imports/no-unused-imports
11:3  Warning: 'Send' is defined but never used. Allowed unused vars must match /^_/u.  @typescript-eslint/no-unused-vars
12:3  Warning: 'FileText' is defined but never used.  unused-imports/no-unused-imports
12:3  Warning: 'FileText' is defined but never used. Allowed unused vars must match /^_/u.  @typescript-eslint/no-unused-vars
15:3  Warning: 'Database' is defined but never used.  unused-imports/no-unused-imports
15:3  Warning: 'Database' is defined but never used. Allowed unused vars must match /^_/u.  @typescript-eslint/no-unused-vars
16:3  Warning: 'Building2' is defined but never used.  unused-imports/no-unused-imports
16:3  Warning: 'Building2' is defined but never used. Allowed unused vars must match /^_/u.  @typescript-eslint/no-unused-vars

./app/[locale]/docs/ecosystem/nfts/skyharbor/page.tsx
19:3  Warning: 'Palette' is defined but never used.  unused-imports/no-unused-imports
19:3  Warning: 'Palette' is defined but never used. Allowed unused vars must match /^_/u.  @typescript-eslint/no-unused-vars
20:3  Warning: 'Tag' is defined but never used.  unused-imports/no-unused-imports
20:3  Warning: 'Tag' is defined but never used. Allowed unused vars must match /^_/u.  @typescript-eslint/no-unused-vars
21:3  Warning: 'Search' is defined but never used.  unused-imports/no-unused-imports
21:3  Warning: 'Search' is defined but never used. Allowed unused vars must match /^_/u.  @typescript-eslint/no-unused-vars
22:3  Warning: 'Filter' is defined but never used.  unused-imports/no-unused-imports
22:3  Warning: 'Filter' is defined but never used. Allowed unused vars must match /^_/u.  @typescript-eslint/no-unused-vars
23:3  Warning: 'Heart' is defined but never used.  unused-imports/no-unused-imports
23:3  Warning: 'Heart' is defined but never used. Allowed unused vars must match /^_/u.  @typescript-eslint/no-unused-vars
24:3  Warning: 'Eye' is defined but never used.  unused-imports/no-unused-imports
24:3  Warning: 'Eye' is defined but never used. Allowed unused vars must match /^_/u.  @typescript-eslint/no-unused-vars
25:3  Warning: 'Download' is defined but never used.  unused-imports/no-unused-imports
25:3  Warning: 'Download' is defined but never used. Allowed unused vars must match /^_/u.  @typescript-eslint/no-unused-vars
26:3  Warning: 'Upload' is defined but never used.  unused-imports/no-unused-imports
26:3  Warning: 'Upload' is defined but never used. Allowed unused vars must match /^_/u.  @typescript-eslint/no-unused-vars
27:3  Warning: 'Share2' is defined but never used.  unused-imports/no-unused-imports
27:3  Warning: 'Share2' is defined but never used. Allowed unused vars must match /^_/u.  @typescript-eslint/no-unused-vars
28:3  Warning: 'Grid3X3' is defined but never used.  unused-imports/no-unused-imports
28:3  Warning: 'Grid3X3' is defined but never used. Allowed unused vars must match /^_/u.  @typescript-eslint/no-unused-vars
29:3  Warning: 'List' is defined but never used.  unused-imports/no-unused-imports
29:3  Warning: 'List' is defined but never used. Allowed unused vars must match /^_/u.  @typescript-eslint/no-unused-vars
30:3  Warning: 'Calendar' is defined but never used.  unused-imports/no-unused-imports
30:3  Warning: 'Calendar' is defined but never used. Allowed unused vars must match /^_/u.  @typescript-eslint/no-unused-vars
77:13  Warning: Image elements must have an alt prop, either with meaningful text, or an empty string for decorative images.  jsx-a11y/alt-text
386:34  Warning: Image elements must have an alt prop, either with meaningful text, or an empty string for decorative images.  jsx-a11y/alt-text

./app/[locale]/docs/ecosystem/privacy/ergomixer/page.tsx
12:3  Warning: 'FileText' is defined but never used.  unused-imports/no-unused-imports
12:3  Warning: 'FileText' is defined but never used. Allowed unused vars must match /^_/u.  @typescript-eslint/no-unused-vars

./app/[locale]/docs/ecosystem/privacy/page.tsx
4:18  Warning: 'Shuffle' is defined but never used.  unused-imports/no-unused-imports
4:18  Warning: 'Shuffle' is defined but never used. Allowed unused vars must match /^_/u.  @typescript-eslint/no-unused-vars
4:48  Warning: 'ChevronRight' is defined but never used.  unused-imports/no-unused-imports
4:48  Warning: 'ChevronRight' is defined but never used. Allowed unused vars must match /^_/u.  @typescript-eslint/no-unused-vars

./app/[locale]/docs/ecosystem/privacy/stealth-addresses/page.tsx
4:3  Warning: 'KeyRound' is defined but never used.  unused-imports/no-unused-imports
4:3  Warning: 'KeyRound' is defined but never used. Allowed unused vars must match /^_/u.  @typescript-eslint/no-unused-vars
9:11  Warning: 'LinkIcon' is defined but never used.  unused-imports/no-unused-imports
9:11  Warning: 'LinkIcon' is defined but never used. Allowed unused vars must match /^_/u.  @typescript-eslint/no-unused-vars

./app/[locale]/docs/ecosystem/tooling/arbit/page.tsx
8:3  Warning: 'Layers' is defined but never used.  unused-imports/no-unused-imports
8:3  Warning: 'Layers' is defined but never used. Allowed unused vars must match /^_/u.  @typescript-eslint/no-unused-vars
10:3  Warning: 'Shield' is defined but never used.  unused-imports/no-unused-imports
10:3  Warning: 'Shield' is defined but never used. Allowed unused vars must match /^_/u.  @typescript-eslint/no-unused-vars
11:3  Warning: 'Repeat' is defined but never used.  unused-imports/no-unused-imports
11:3  Warning: 'Repeat' is defined but never used. Allowed unused vars must match /^_/u.  @typescript-eslint/no-unused-vars
12:3  Warning: 'Lock' is defined but never used.  unused-imports/no-unused-imports
12:3  Warning: 'Lock' is defined but never used. Allowed unused vars must match /^_/u.  @typescript-eslint/no-unused-vars
13:3  Warning: 'Database' is defined but never used.  unused-imports/no-unused-imports
13:3  Warning: 'Database' is defined but never used. Allowed unused vars must match /^_/u.  @typescript-eslint/no-unused-vars
17:3  Warning: 'Star' is defined but never used.  unused-imports/no-unused-imports
17:3  Warning: 'Star' is defined but never used. Allowed unused vars must match /^_/u.  @typescript-eslint/no-unused-vars
18:3  Warning: 'Cpu' is defined but never used.  unused-imports/no-unused-imports
18:3  Warning: 'Cpu' is defined but never used. Allowed unused vars must match /^_/u.  @typescript-eslint/no-unused-vars
19:3  Warning: 'List' is defined but never used.  unused-imports/no-unused-imports
19:3  Warning: 'List' is defined but never used. Allowed unused vars must match /^_/u.  @typescript-eslint/no-unused-vars
24:3  Warning: 'Key' is defined but never used.  unused-imports/no-unused-imports
24:3  Warning: 'Key' is defined but never used. Allowed unused vars must match /^_/u.  @typescript-eslint/no-unused-vars

./app/[locale]/docs/ecosystem/tooling/celaut/page.tsx
8:3  Warning: 'Code' is defined but never used.  unused-imports/no-unused-imports
8:3  Warning: 'Code' is defined but never used. Allowed unused vars must match /^_/u.  @typescript-eslint/no-unused-vars

./app/[locale]/docs/ecosystem/tooling/crux-finance/page.tsx
5:3  Warning: 'Wrench' is defined but never used.  unused-imports/no-unused-imports
5:3  Warning: 'Wrench' is defined but never used. Allowed unused vars must match /^_/u.  @typescript-eslint/no-unused-vars
8:3  Warning: 'BookOpen' is defined but never used.  unused-imports/no-unused-imports
8:3  Warning: 'BookOpen' is defined but never used. Allowed unused vars must match /^_/u.  @typescript-eslint/no-unused-vars
11:3  Warning: 'Star' is defined but never used.  unused-imports/no-unused-imports
11:3  Warning: 'Star' is defined but never used. Allowed unused vars must match /^_/u.  @typescript-eslint/no-unused-vars
19:3  Warning: 'Globe' is defined but never used.  unused-imports/no-unused-imports
19:3  Warning: 'Globe' is defined but never used. Allowed unused vars must match /^_/u.  @typescript-eslint/no-unused-vars

./app/[locale]/docs/ecosystem/tooling/grid-trading/page.tsx
10:3  Warning: 'Zap' is defined but never used.  unused-imports/no-unused-imports
10:3  Warning: 'Zap' is defined but never used. Allowed unused vars must match /^_/u.  @typescript-eslint/no-unused-vars
12:3  Warning: 'Cpu' is defined but never used.  unused-imports/no-unused-imports
12:3  Warning: 'Cpu' is defined but never used. Allowed unused vars must match /^_/u.  @typescript-eslint/no-unused-vars
13:3  Warning: 'Users' is defined but never used.  unused-imports/no-unused-imports
13:3  Warning: 'Users' is defined but never used. Allowed unused vars must match /^_/u.  @typescript-eslint/no-unused-vars

./app/[locale]/docs/ecosystem/tooling/moria-finance/page.tsx
9:3  Warning: 'Zap' is defined but never used.  unused-imports/no-unused-imports
9:3  Warning: 'Zap' is defined but never used. Allowed unused vars must match /^_/u.  @typescript-eslint/no-unused-vars
11:3  Warning: 'Repeat' is defined but never used.  unused-imports/no-unused-imports
11:3  Warning: 'Repeat' is defined but never used. Allowed unused vars must match /^_/u.  @typescript-eslint/no-unused-vars
12:3  Warning: 'Lock' is defined but never used.  unused-imports/no-unused-imports
12:3  Warning: 'Lock' is defined but never used. Allowed unused vars must match /^_/u.  @typescript-eslint/no-unused-vars
13:3  Warning: 'Database' is defined but never used.  unused-imports/no-unused-imports
13:3  Warning: 'Database' is defined but never used. Allowed unused vars must match /^_/u.  @typescript-eslint/no-unused-vars
14:3  Warning: 'Terminal' is defined but never used.  unused-imports/no-unused-imports
14:3  Warning: 'Terminal' is defined but never used. Allowed unused vars must match /^_/u.  @typescript-eslint/no-unused-vars
17:3  Warning: 'Star' is defined but never used.  unused-imports/no-unused-imports
17:3  Warning: 'Star' is defined but never used. Allowed unused vars must match /^_/u.  @typescript-eslint/no-unused-vars
18:3  Warning: 'Cpu' is defined but never used.  unused-imports/no-unused-imports
18:3  Warning: 'Cpu' is defined but never used. Allowed unused vars must match /^_/u.  @typescript-eslint/no-unused-vars
20:3  Warning: 'BookOpen' is defined but never used.  unused-imports/no-unused-imports
20:3  Warning: 'BookOpen' is defined but never used. Allowed unused vars must match /^_/u.  @typescript-eslint/no-unused-vars

./app/[locale]/docs/ecosystem/tooling/netnotes/page.tsx
10:3  Warning: 'Users' is defined but never used.  unused-imports/no-unused-imports
10:3  Warning: 'Users' is defined but never used. Allowed unused vars must match /^_/u.  @typescript-eslint/no-unused-vars
17:3  Warning: 'Star' is defined but never used.  unused-imports/no-unused-imports
17:3  Warning: 'Star' is defined but never used. Allowed unused vars must match /^_/u.  @typescript-eslint/no-unused-vars
18:3  Warning: 'Cpu' is defined but never used.  unused-imports/no-unused-imports
18:3  Warning: 'Cpu' is defined but never used. Allowed unused vars must match /^_/u.  @typescript-eslint/no-unused-vars

./app/[locale]/docs/ecosystem/tooling/off-the-grid/page.tsx
6:3  Warning: 'Info' is defined but never used.  unused-imports/no-unused-imports
6:3  Warning: 'Info' is defined but never used. Allowed unused vars must match /^_/u.  @typescript-eslint/no-unused-vars
7:3  Warning: 'Zap' is defined but never used.  unused-imports/no-unused-imports
7:3  Warning: 'Zap' is defined but never used. Allowed unused vars must match /^_/u.  @typescript-eslint/no-unused-vars
11:3  Warning: 'Users' is defined but never used.  unused-imports/no-unused-imports
11:3  Warning: 'Users' is defined but never used. Allowed unused vars must match /^_/u.  @typescript-eslint/no-unused-vars
12:3  Warning: 'Gavel' is defined but never used.  unused-imports/no-unused-imports
12:3  Warning: 'Gavel' is defined but never used. Allowed unused vars must match /^_/u.  @typescript-eslint/no-unused-vars
13:3  Warning: 'AlertTriangle' is defined but never used.  unused-imports/no-unused-imports
13:3  Warning: 'AlertTriangle' is defined but never used. Allowed unused vars must match /^_/u.  @typescript-eslint/no-unused-vars
15:3  Warning: 'Layers' is defined but never used.  unused-imports/no-unused-imports
15:3  Warning: 'Layers' is defined but never used. Allowed unused vars must match /^_/u.  @typescript-eslint/no-unused-vars
16:3  Warning: 'Calculator' is defined but never used.  unused-imports/no-unused-imports
16:3  Warning: 'Calculator' is defined but never used. Allowed unused vars must match /^_/u.  @typescript-eslint/no-unused-vars
17:3  Warning: 'ArrowUpDown' is defined but never used.  unused-imports/no-unused-imports
17:3  Warning: 'ArrowUpDown' is defined but never used. Allowed unused vars must match /^_/u.  @typescript-eslint/no-unused-vars
21:3  Warning: 'Globe' is defined but never used.  unused-imports/no-unused-imports
21:3  Warning: 'Globe' is defined but never used. Allowed unused vars must match /^_/u.  @typescript-eslint/no-unused-vars
22:3  Warning: 'Banknote' is defined but never used.  unused-imports/no-unused-imports
22:3  Warning: 'Banknote' is defined but never used. Allowed unused vars must match /^_/u.  @typescript-eslint/no-unused-vars
23:3  Warning: 'Cpu' is defined but never used.  unused-imports/no-unused-imports
23:3  Warning: 'Cpu' is defined but never used. Allowed unused vars must match /^_/u.  @typescript-eslint/no-unused-vars
24:3  Warning: 'Settings' is defined but never used.  unused-imports/no-unused-imports
24:3  Warning: 'Settings' is defined but never used. Allowed unused vars must match /^_/u.  @typescript-eslint/no-unused-vars
25:3  Warning: 'Gift' is defined but never used.  unused-imports/no-unused-imports
25:3  Warning: 'Gift' is defined but never used. Allowed unused vars must match /^_/u.  @typescript-eslint/no-unused-vars
26:3  Warning: 'FileText' is defined but never used.  unused-imports/no-unused-imports
26:3  Warning: 'FileText' is defined but never used. Allowed unused vars must match /^_/u.  @typescript-eslint/no-unused-vars
28:3  Warning: 'Play' is defined but never used.  unused-imports/no-unused-imports
28:3  Warning: 'Play' is defined but never used. Allowed unused vars must match /^_/u.  @typescript-eslint/no-unused-vars
30:3  Warning: 'Coins' is defined but never used.  unused-imports/no-unused-imports
30:3  Warning: 'Coins' is defined but never used. Allowed unused vars must match /^_/u.  @typescript-eslint/no-unused-vars
31:3  Warning: 'Lock' is defined but never used.  unused-imports/no-unused-imports
31:3  Warning: 'Lock' is defined but never used. Allowed unused vars must match /^_/u.  @typescript-eslint/no-unused-vars
32:3  Warning: 'Award' is defined but never used.  unused-imports/no-unused-imports
32:3  Warning: 'Award' is defined but never used. Allowed unused vars must match /^_/u.  @typescript-eslint/no-unused-vars
33:3  Warning: 'Clock' is defined but never used.  unused-imports/no-unused-imports
33:3  Warning: 'Clock' is defined but never used. Allowed unused vars must match /^_/u.  @typescript-eslint/no-unused-vars
34:3  Warning: 'Flame' is defined but never used.  unused-imports/no-unused-imports
34:3  Warning: 'Flame' is defined but never used. Allowed unused vars must match /^_/u.  @typescript-eslint/no-unused-vars
35:3  Warning: 'History' is defined but never used.  unused-imports/no-unused-imports
35:3  Warning: 'History' is defined but never used. Allowed unused vars must match /^_/u.  @typescript-eslint/no-unused-vars
37:3  Warning: 'BarChart3' is defined but never used.  unused-imports/no-unused-imports
37:3  Warning: 'BarChart3' is defined but never used. Allowed unused vars must match /^_/u.  @typescript-eslint/no-unused-vars
38:3  Warning: 'PieChart' is defined but never used.  unused-imports/no-unused-imports
38:3  Warning: 'PieChart' is defined but never used. Allowed unused vars must match /^_/u.  @typescript-eslint/no-unused-vars
39:3  Warning: 'TrendingDown' is defined but never used.  unused-imports/no-unused-imports
39:3  Warning: 'TrendingDown' is defined but never used. Allowed unused vars must match /^_/u.  @typescript-eslint/no-unused-vars
40:3  Warning: 'Activity' is defined but never used.  unused-imports/no-unused-imports
40:3  Warning: 'Activity' is defined but never used. Allowed unused vars must match /^_/u.  @typescript-eslint/no-unused-vars
41:3  Warning: 'Hammer' is defined but never used.  unused-imports/no-unused-imports
41:3  Warning: 'Hammer' is defined but never used. Allowed unused vars must match /^_/u.  @typescript-eslint/no-unused-vars
42:3  Warning: 'Timer' is defined but never used.  unused-imports/no-unused-imports
42:3  Warning: 'Timer' is defined but never used. Allowed unused vars must match /^_/u.  @typescript-eslint/no-unused-vars
43:3  Warning: 'ShoppingCart' is defined but never used.  unused-imports/no-unused-imports
43:3  Warning: 'ShoppingCart' is defined but never used. Allowed unused vars must match /^_/u.  @typescript-eslint/no-unused-vars
44:3  Warning: 'Users2' is defined but never used.  unused-imports/no-unused-imports
44:3  Warning: 'Users2' is defined but never used. Allowed unused vars must match /^_/u.  @typescript-eslint/no-unused-vars
45:3  Warning: 'RefreshCw' is defined but never used.  unused-imports/no-unused-imports
45:3  Warning: 'RefreshCw' is defined but never used. Allowed unused vars must match /^_/u.  @typescript-eslint/no-unused-vars
46:3  Warning: 'Shuffle' is defined but never used.  unused-imports/no-unused-imports
46:3  Warning: 'Shuffle' is defined but never used. Allowed unused vars must match /^_/u.  @typescript-eslint/no-unused-vars
47:3  Warning: 'RotateCcw' is defined but never used.  unused-imports/no-unused-imports
47:3  Warning: 'RotateCcw' is defined but never used. Allowed unused vars must match /^_/u.  @typescript-eslint/no-unused-vars
48:3  Warning: 'FlipHorizontal' is defined but never used.  unused-imports/no-unused-imports
48:3  Warning: 'FlipHorizontal' is defined but never used. Allowed unused vars must match /^_/u.  @typescript-eslint/no-unused-vars
49:3  Warning: 'Ticket' is defined but never used.  unused-imports/no-unused-imports
49:3  Warning: 'Ticket' is defined but never used. Allowed unused vars must match /^_/u.  @typescript-eslint/no-unused-vars
50:3  Warning: 'Star' is defined but never used.  unused-imports/no-unused-imports
50:3  Warning: 'Star' is defined but never used. Allowed unused vars must match /^_/u.  @typescript-eslint/no-unused-vars
51:3  Warning: 'Crown' is defined but never used.  unused-imports/no-unused-imports
51:3  Warning: 'Crown' is defined but never used. Allowed unused vars must match /^_/u.  @typescript-eslint/no-unused-vars
52:3  Warning: 'Trophy' is defined but never used.  unused-imports/no-unused-imports
52:3  Warning: 'Trophy' is defined but never used. Allowed unused vars must match /^_/u.  @typescript-eslint/no-unused-vars
56:3  Warning: 'ArrowLeftRight' is defined but never used.  unused-imports/no-unused-imports
56:3  Warning: 'ArrowLeftRight' is defined but never used. Allowed unused vars must match /^_/u.  @typescript-eslint/no-unused-vars
57:3  Warning: 'Smartphone' is defined but never used.  unused-imports/no-unused-imports
57:3  Warning: 'Smartphone' is defined but never used. Allowed unused vars must match /^_/u.  @typescript-eslint/no-unused-vars
58:3  Warning: 'Wifi' is defined but never used.  unused-imports/no-unused-imports
58:3  Warning: 'Wifi' is defined but never used. Allowed unused vars must match /^_/u.  @typescript-eslint/no-unused-vars
59:3  Warning: 'WifiOff' is defined but never used.  unused-imports/no-unused-imports
59:3  Warning: 'WifiOff' is defined but never used. Allowed unused vars must match /^_/u.  @typescript-eslint/no-unused-vars

./app/[locale]/docs/ecosystem/tooling/page.tsx
13:3  Warning: 'ChevronRight' is defined but never used.  unused-imports/no-unused-imports
13:3  Warning: 'ChevronRight' is defined but never used. Allowed unused vars must match /^_/u.  @typescript-eslint/no-unused-vars

./app/[locale]/docs/ecosystem/tooling/reputation-system/page.tsx
9:3  Warning: 'CheckCircle' is defined but never used.  unused-imports/no-unused-imports
9:3  Warning: 'CheckCircle' is defined but never used. Allowed unused vars must match /^_/u.  @typescript-eslint/no-unused-vars

./app/[locale]/docs/ecosystem/tooling/sigmarand/page.tsx
5:3  Warning: 'Shuffle' is defined but never used.  unused-imports/no-unused-imports
5:3  Warning: 'Shuffle' is defined but never used. Allowed unused vars must match /^_/u.  @typescript-eslint/no-unused-vars
7:3  Warning: 'GitBranch' is defined but never used.  unused-imports/no-unused-imports
7:3  Warning: 'GitBranch' is defined but never used. Allowed unused vars must match /^_/u.  @typescript-eslint/no-unused-vars
8:3  Warning: 'Layers' is defined but never used.  unused-imports/no-unused-imports
8:3  Warning: 'Layers' is defined but never used. Allowed unused vars must match /^_/u.  @typescript-eslint/no-unused-vars
17:3  Warning: 'Star' is defined but never used.  unused-imports/no-unused-imports
17:3  Warning: 'Star' is defined but never used. Allowed unused vars must match /^_/u.  @typescript-eslint/no-unused-vars
18:3  Warning: 'Cpu' is defined but never used.  unused-imports/no-unused-imports
18:3  Warning: 'Cpu' is defined but never used. Allowed unused vars must match /^_/u.  @typescript-eslint/no-unused-vars

./app/[locale]/docs/ecosystem/tooling/tutorial/page.tsx
7:3  Warning: 'Terminal' is defined but never used.  unused-imports/no-unused-imports
7:3  Warning: 'Terminal' is defined but never used. Allowed unused vars must match /^_/u.  @typescript-eslint/no-unused-vars
11:3  Warning: 'Shield' is defined but never used.  unused-imports/no-unused-imports
11:3  Warning: 'Shield' is defined but never used. Allowed unused vars must match /^_/u.  @typescript-eslint/no-unused-vars
12:3  Warning: 'Zap' is defined but never used.  unused-imports/no-unused-imports
12:3  Warning: 'Zap' is defined but never used. Allowed unused vars must match /^_/u.  @typescript-eslint/no-unused-vars
13:3  Warning: 'Cpu' is defined but never used.  unused-imports/no-unused-imports
13:3  Warning: 'Cpu' is defined but never used. Allowed unused vars must match /^_/u.  @typescript-eslint/no-unused-vars

./app/[locale]/docs/introduction/audit/page.tsx
4:10  Warning: 'Shield' is defined but never used.  unused-imports/no-unused-imports
4:10  Warning: 'Shield' is defined but never used. Allowed unused vars must match /^_/u.  @typescript-eslint/no-unused-vars

./app/[locale]/docs/introduction/autolykos/page.tsx
7:3  Warning: 'FileText' is defined but never used.  unused-imports/no-unused-imports
7:3  Warning: 'FileText' is defined but never used. Allowed unused vars must match /^_/u.  @typescript-eslint/no-unused-vars
15:3  Warning: 'KeyRound' is defined but never used.  unused-imports/no-unused-imports
15:3  Warning: 'KeyRound' is defined but never used. Allowed unused vars must match /^_/u.  @typescript-eslint/no-unused-vars
16:3  Warning: 'Globe' is defined but never used.  unused-imports/no-unused-imports
16:3  Warning: 'Globe' is defined but never used. Allowed unused vars must match /^_/u.  @typescript-eslint/no-unused-vars
17:3  Warning: 'Wallet' is defined but never used.  unused-imports/no-unused-imports
17:3  Warning: 'Wallet' is defined but never used. Allowed unused vars must match /^_/u.  @typescript-eslint/no-unused-vars
18:3  Warning: 'ArrowRight' is defined but never used.  unused-imports/no-unused-imports
18:3  Warning: 'ArrowRight' is defined but never used. Allowed unused vars must match /^_/u.  @typescript-eslint/no-unused-vars
20:3  Warning: 'Package' is defined but never used.  unused-imports/no-unused-imports
20:3  Warning: 'Package' is defined but never used. Allowed unused vars must match /^_/u.  @typescript-eslint/no-unused-vars
23:3  Warning: 'Network' is defined but never used.  unused-imports/no-unused-imports
23:3  Warning: 'Network' is defined but never used. Allowed unused vars must match /^_/u.  @typescript-eslint/no-unused-vars
25:3  Warning: 'Lock' is defined but never used.  unused-imports/no-unused-imports
25:3  Warning: 'Lock' is defined but never used. Allowed unused vars must match /^_/u.  @typescript-eslint/no-unused-vars
26:3  Warning: 'ShieldQuestionIcon' is defined but never used.  unused-imports/no-unused-imports
26:3  Warning: 'ShieldQuestionIcon' is defined but never used. Allowed unused vars must match /^_/u.  @typescript-eslint/no-unused-vars
27:3  Warning: 'Clock' is defined but never used.  unused-imports/no-unused-imports
27:3  Warning: 'Clock' is defined but never used. Allowed unused vars must match /^_/u.  @typescript-eslint/no-unused-vars

./app/[locale]/docs/introduction/cbdc/page.tsx
4:50  Warning: 'ArrowRight' is defined but never used.  unused-imports/no-unused-imports
4:50  Warning: 'ArrowRight' is defined but never used. Allowed unused vars must match /^_/u.  @typescript-eslint/no-unused-vars

./app/[locale]/docs/introduction/devdao/page.tsx
2:10  Warning: 'BookOpen' is defined but never used.  unused-imports/no-unused-imports
2:10  Warning: 'BookOpen' is defined but never used. Allowed unused vars must match /^_/u.  @typescript-eslint/no-unused-vars
2:50  Warning: 'Brain' is defined but never used.  unused-imports/no-unused-imports
2:50  Warning: 'Brain' is defined but never used. Allowed unused vars must match /^_/u.  @typescript-eslint/no-unused-vars
2:57  Warning: 'Layers' is defined but never used.  unused-imports/no-unused-imports
2:57  Warning: 'Layers' is defined but never used. Allowed unused vars must match /^_/u.  @typescript-eslint/no-unused-vars
2:116  Warning: 'Wrench' is defined but never used.  unused-imports/no-unused-imports
2:116  Warning: 'Wrench' is defined but never used. Allowed unused vars must match /^_/u.  @typescript-eslint/no-unused-vars
2:124  Warning: 'Network' is defined but never used.  unused-imports/no-unused-imports
2:124  Warning: 'Network' is defined but never used. Allowed unused vars must match /^_/u.  @typescript-eslint/no-unused-vars
2:133  Warning: 'Zap' is defined but never used.  unused-imports/no-unused-imports
2:133  Warning: 'Zap' is defined but never used. Allowed unused vars must match /^_/u.  @typescript-eslint/no-unused-vars
2:138  Warning: 'ArrowRight' is defined but never used.  unused-imports/no-unused-imports
2:138  Warning: 'ArrowRight' is defined but never used. Allowed unused vars must match /^_/u.  @typescript-eslint/no-unused-vars
2:150  Warning: 'Info' is defined but never used.  unused-imports/no-unused-imports
2:150  Warning: 'Info' is defined but never used. Allowed unused vars must match /^_/u.  @typescript-eslint/no-unused-vars
2:156  Warning: 'Shield' is defined but never used.  unused-imports/no-unused-imports
2:156  Warning: 'Shield' is defined but never used. Allowed unused vars must match /^_/u.  @typescript-eslint/no-unused-vars

./app/[locale]/docs/introduction/ergo-foundation/page.tsx
4:107  Warning: 'ArrowRight' is defined but never used.  unused-imports/no-unused-imports
4:107  Warning: 'ArrowRight' is defined but never used. Allowed unused vars must match /^_/u.  @typescript-eslint/no-unused-vars
7:7  Warning: 'TABS' is assigned a value but never used. Allowed unused vars must match /^_/u.  unused-imports/no-unused-vars
7:7  Warning: 'TABS' is assigned a value but never used. Allowed unused vars must match /^_/u.  @typescript-eslint/no-unused-vars

./app/[locale]/docs/introduction/eutxo/page.tsx
20:3  Warning: 'ChevronRight' is defined but never used.  unused-imports/no-unused-imports
20:3  Warning: 'ChevronRight' is defined but never used. Allowed unused vars must match /^_/u.  @typescript-eslint/no-unused-vars
22:3  Warning: 'Rocket' is defined but never used.  unused-imports/no-unused-imports
22:3  Warning: 'Rocket' is defined but never used. Allowed unused vars must match /^_/u.  @typescript-eslint/no-unused-vars
23:3  Warning: 'Eye' is defined but never used.  unused-imports/no-unused-imports
23:3  Warning: 'Eye' is defined but never used. Allowed unused vars must match /^_/u.  @typescript-eslint/no-unused-vars
24:3  Warning: 'Key' is defined but never used.  unused-imports/no-unused-imports
24:3  Warning: 'Key' is defined but never used. Allowed unused vars must match /^_/u.  @typescript-eslint/no-unused-vars
25:3  Warning: 'Network' is defined but never used.  unused-imports/no-unused-imports
25:3  Warning: 'Network' is defined but never used. Allowed unused vars must match /^_/u.  @typescript-eslint/no-unused-vars
26:3  Warning: 'Smartphone' is defined but never used.  unused-imports/no-unused-imports
26:3  Warning: 'Smartphone' is defined but never used. Allowed unused vars must match /^_/u.  @typescript-eslint/no-unused-vars

./app/[locale]/docs/introduction/events/page.tsx
5:91  Warning: 'ExternalLink' is defined but never used.  unused-imports/no-unused-imports
5:91  Warning: 'ExternalLink' is defined but never used. Allowed unused vars must match /^_/u.  @typescript-eslint/no-unused-vars

./app/[locale]/docs/introduction/faq/page.tsx
3:27  Warning: 'useRef' is defined but never used.  unused-imports/no-unused-imports
3:27  Warning: 'useRef' is defined but never used. Allowed unused vars must match /^_/u.  @typescript-eslint/no-unused-vars
469:117  Warning: Unexpected any. Specify a different type.  @typescript-eslint/no-explicit-any
469:134  Warning: Unexpected any. Specify a different type.  @typescript-eslint/no-explicit-any
494:27  Warning: 'i' is defined but never used. Allowed unused args must match /^_/u.  unused-imports/no-unused-vars
494:27  Warning: 'i' is defined but never used. Allowed unused args must match /^_/u.  @typescript-eslint/no-unused-vars
511:44  Warning: Unexpected any. Specify a different type.  @typescript-eslint/no-explicit-any

./app/[locale]/docs/introduction/glossary/page-localized.tsx
142:6  Error: Parsing error: Identifier expected.

./app/[locale]/docs/introduction/glossary/page.tsx
27:9  Warning: 'router' is assigned a value but never used. Allowed unused vars must match /^_/u.  unused-imports/no-unused-vars
27:9  Warning: 'router' is assigned a value but never used. Allowed unused vars must match /^_/u.  @typescript-eslint/no-unused-vars
29:58  Warning: Unexpected any. Specify a different type.  @typescript-eslint/no-explicit-any
257:9  Warning: 'breadcrumbs' is assigned a value but never used. Allowed unused vars must match /^_/u.  unused-imports/no-unused-vars
257:9  Warning: 'breadcrumbs' is assigned a value but never used. Allowed unused vars must match /^_/u.  @typescript-eslint/no-unused-vars
305:38  Warning: Unexpected any. Specify a different type.  @typescript-eslint/no-explicit-any
598:59  Warning: Unexpected any. Specify a different type.  @typescript-eslint/no-explicit-any

./app/[locale]/docs/introduction/howey-test/page.tsx
4:55  Warning: 'Lock' is defined but never used.  unused-imports/no-unused-imports
4:55  Warning: 'Lock' is defined but never used. Allowed unused vars must match /^_/u.  @typescript-eslint/no-unused-vars

./app/[locale]/docs/introduction/key-features/page.tsx
4:3  Warning: 'Zap' is defined but never used.  unused-imports/no-unused-imports
4:3  Warning: 'Zap' is defined but never used. Allowed unused vars must match /^_/u.  @typescript-eslint/no-unused-vars
6:3  Warning: 'Users' is defined but never used.  unused-imports/no-unused-imports
6:3  Warning: 'Users' is defined but never used. Allowed unused vars must match /^_/u.  @typescript-eslint/no-unused-vars
8:3  Warning: 'Globe' is defined but never used.  unused-imports/no-unused-imports
8:3  Warning: 'Globe' is defined but never used. Allowed unused vars must match /^_/u.  @typescript-eslint/no-unused-vars
10:3  Warning: 'Lock' is defined but never used.  unused-imports/no-unused-imports
10:3  Warning: 'Lock' is defined but never used. Allowed unused vars must match /^_/u.  @typescript-eslint/no-unused-vars
11:3  Warning: 'Cpu' is defined but never used.  unused-imports/no-unused-imports
11:3  Warning: 'Cpu' is defined but never used. Allowed unused vars must match /^_/u.  @typescript-eslint/no-unused-vars
13:3  Warning: 'GitBranch' is defined but never used.  unused-imports/no-unused-imports
13:3  Warning: 'GitBranch' is defined but never used. Allowed unused vars must match /^_/u.  @typescript-eslint/no-unused-vars
15:3  Warning: 'ExternalLink' is defined but never used.  unused-imports/no-unused-imports
15:3  Warning: 'ExternalLink' is defined but never used. Allowed unused vars must match /^_/u.  @typescript-eslint/no-unused-vars
16:3  Warning: 'ChevronRight' is defined but never used.  unused-imports/no-unused-imports
16:3  Warning: 'ChevronRight' is defined but never used. Allowed unused vars must match /^_/u.  @typescript-eslint/no-unused-vars
17:3  Warning: 'Brain' is defined but never used.  unused-imports/no-unused-imports
17:3  Warning: 'Brain' is defined but never used. Allowed unused vars must match /^_/u.  @typescript-eslint/no-unused-vars
19:3  Warning: 'Settings' is defined but never used.  unused-imports/no-unused-imports
19:3  Warning: 'Settings' is defined but never used. Allowed unused vars must match /^_/u.  @typescript-eslint/no-unused-vars
21:3  Warning: 'BookOpen' is defined but never used.  unused-imports/no-unused-imports
21:3  Warning: 'BookOpen' is defined but never used. Allowed unused vars must match /^_/u.  @typescript-eslint/no-unused-vars
23:3  Warning: 'Key' is defined but never used.  unused-imports/no-unused-imports
23:3  Warning: 'Key' is defined but never used. Allowed unused vars must match /^_/u.  @typescript-eslint/no-unused-vars

./app/[locale]/docs/introduction/light-clients/page.tsx
2:10  Warning: 'Zap' is defined but never used.  unused-imports/no-unused-imports
2:10  Warning: 'Zap' is defined but never used. Allowed unused vars must match /^_/u.  @typescript-eslint/no-unused-vars
2:15  Warning: 'Layers' is defined but never used.  unused-imports/no-unused-imports
2:15  Warning: 'Layers' is defined but never used. Allowed unused vars must match /^_/u.  @typescript-eslint/no-unused-vars
2:23  Warning: 'Smartphone' is defined but never used.  unused-imports/no-unused-imports
2:23  Warning: 'Smartphone' is defined but never used. Allowed unused vars must match /^_/u.  @typescript-eslint/no-unused-vars
2:35  Warning: 'Link2' is defined but never used.  unused-imports/no-unused-imports
2:35  Warning: 'Link2' is defined but never used. Allowed unused vars must match /^_/u.  @typescript-eslint/no-unused-vars

./app/[locale]/docs/introduction/light-miners/page.tsx
2:10  Warning: 'Layers' is defined but never used.  unused-imports/no-unused-imports
2:10  Warning: 'Layers' is defined but never used. Allowed unused vars must match /^_/u.  @typescript-eslint/no-unused-vars
2:18  Warning: 'Zap' is defined but never used.  unused-imports/no-unused-imports
2:18  Warning: 'Zap' is defined but never used. Allowed unused vars must match /^_/u.  @typescript-eslint/no-unused-vars
2:23  Warning: 'Link2' is defined but never used.  unused-imports/no-unused-imports
2:23  Warning: 'Link2' is defined but never used. Allowed unused vars must match /^_/u.  @typescript-eslint/no-unused-vars
2:30  Warning: 'AlertTriangle' is defined but never used.  unused-imports/no-unused-imports
2:30  Warning: 'AlertTriangle' is defined but never used. Allowed unused vars must match /^_/u.  @typescript-eslint/no-unused-vars

./app/[locale]/docs/introduction/misconceptions/page.tsx
4:10  Warning: 'AlertTriangle' is defined but never used.  unused-imports/no-unused-imports
4:10  Warning: 'AlertTriangle' is defined but never used. Allowed unused vars must match /^_/u.  @typescript-eslint/no-unused-vars
4:25  Warning: 'CheckCircle' is defined but never used.  unused-imports/no-unused-imports
4:25  Warning: 'CheckCircle' is defined but never used. Allowed unused vars must match /^_/u.  @typescript-eslint/no-unused-vars
4:38  Warning: 'Lock' is defined but never used.  unused-imports/no-unused-imports
4:38  Warning: 'Lock' is defined but never used. Allowed unused vars must match /^_/u.  @typescript-eslint/no-unused-vars
4:63  Warning: 'Database' is defined but never used.  unused-imports/no-unused-imports
4:63  Warning: 'Database' is defined but never used. Allowed unused vars must match /^_/u.  @typescript-eslint/no-unused-vars
4:80  Warning: 'BookOpen' is defined but never used.  unused-imports/no-unused-imports
4:80  Warning: 'BookOpen' is defined but never used. Allowed unused vars must match /^_/u.  @typescript-eslint/no-unused-vars
4:90  Warning: 'Shield' is defined but never used.  unused-imports/no-unused-imports
4:90  Warning: 'Shield' is defined but never used. Allowed unused vars must match /^_/u.  @typescript-eslint/no-unused-vars
4:103  Warning: 'Star' is defined but never used.  unused-imports/no-unused-imports
4:103  Warning: 'Star' is defined but never used. Allowed unused vars must match /^_/u.  @typescript-eslint/no-unused-vars
4:109  Warning: 'ExternalLink' is defined but never used.  unused-imports/no-unused-imports
4:109  Warning: 'ExternalLink' is defined but never used. Allowed unused vars must match /^_/u.  @typescript-eslint/no-unused-vars

./app/[locale]/docs/introduction/nipopow-sidechains/page.tsx
2:10  Warning: 'Link2' is defined but never used.  unused-imports/no-unused-imports
2:10  Warning: 'Link2' is defined but never used. Allowed unused vars must match /^_/u.  @typescript-eslint/no-unused-vars
2:17  Warning: 'Zap' is defined but never used.  unused-imports/no-unused-imports
2:17  Warning: 'Zap' is defined but never used. Allowed unused vars must match /^_/u.  @typescript-eslint/no-unused-vars
2:46  Warning: 'Layers' is defined but never used.  unused-imports/no-unused-imports
2:46  Warning: 'Layers' is defined but never used. Allowed unused vars must match /^_/u.  @typescript-eslint/no-unused-vars

./app/[locale]/docs/introduction/nipopows/page.tsx
11:3  Warning: 'ExternalLink' is defined but never used.  unused-imports/no-unused-imports
11:3  Warning: 'ExternalLink' is defined but never used. Allowed unused vars must match /^_/u.  @typescript-eslint/no-unused-vars
20:3  Warning: 'Lock' is defined but never used.  unused-imports/no-unused-imports
20:3  Warning: 'Lock' is defined but never used. Allowed unused vars must match /^_/u.  @typescript-eslint/no-unused-vars
23:3  Warning: 'ArrowRight' is defined but never used.  unused-imports/no-unused-imports
23:3  Warning: 'ArrowRight' is defined but never used. Allowed unused vars must match /^_/u.  @typescript-eslint/no-unused-vars
24:3  Warning: 'FileText' is defined but never used.  unused-imports/no-unused-imports
24:3  Warning: 'FileText' is defined but never used. Allowed unused vars must match /^_/u.  @typescript-eslint/no-unused-vars
25:3  Warning: 'Video' is defined but never used.  unused-imports/no-unused-imports
25:3  Warning: 'Video' is defined but never used. Allowed unused vars must match /^_/u.  @typescript-eslint/no-unused-vars
26:3  Warning: 'ChevronRight' is defined but never used.  unused-imports/no-unused-imports
26:3  Warning: 'ChevronRight' is defined but never used. Allowed unused vars must match /^_/u.  @typescript-eslint/no-unused-vars

./app/[locale]/docs/introduction/privacy/page.tsx
13:3  Warning: 'Database' is defined but never used.  unused-imports/no-unused-imports
13:3  Warning: 'Database' is defined but never used. Allowed unused vars must match /^_/u.  @typescript-eslint/no-unused-vars
15:3  Warning: 'Video' is defined but never used.  unused-imports/no-unused-imports
15:3  Warning: 'Video' is defined but never used. Allowed unused vars must match /^_/u.  @typescript-eslint/no-unused-vars
16:3  Warning: 'ExternalLink' is defined but never used.  unused-imports/no-unused-imports
16:3  Warning: 'ExternalLink' is defined but never used. Allowed unused vars must match /^_/u.  @typescript-eslint/no-unused-vars

./app/[locale]/docs/introduction/privacy-guide/page.tsx
4:39  Warning: 'AlertTriangle' is defined but never used.  unused-imports/no-unused-imports
4:39  Warning: 'AlertTriangle' is defined but never used. Allowed unused vars must match /^_/u.  @typescript-eslint/no-unused-vars
4:88  Warning: 'ArrowRight' is defined but never used.  unused-imports/no-unused-imports
4:88  Warning: 'ArrowRight' is defined but never used. Allowed unused vars must match /^_/u.  @typescript-eslint/no-unused-vars

./app/[locale]/docs/introduction/research-whitepapers/page.tsx
2:57  Warning: 'Quote' is defined but never used.  unused-imports/no-unused-imports
2:57  Warning: 'Quote' is defined but never used. Allowed unused vars must match /^_/u.  @typescript-eslint/no-unused-vars

./app/[locale]/docs/introduction/roadmap/page.tsx
3:17  Warning: 'useState' is defined but never used.  unused-imports/no-unused-imports
3:17  Warning: 'useState' is defined but never used. Allowed unused vars must match /^_/u.  @typescript-eslint/no-unused-vars
4:43  Warning: 'BookOpen' is defined but never used.  unused-imports/no-unused-imports
4:43  Warning: 'BookOpen' is defined but never used. Allowed unused vars must match /^_/u.  @typescript-eslint/no-unused-vars
4:53  Warning: 'Link2' is defined but never used.  unused-imports/no-unused-imports
4:53  Warning: 'Link2' is defined but never used. Allowed unused vars must match /^_/u.  @typescript-eslint/no-unused-vars
4:60  Warning: 'ExternalLink' is defined but never used.  unused-imports/no-unused-imports
4:60  Warning: 'ExternalLink' is defined but never used. Allowed unused vars must match /^_/u.  @typescript-eslint/no-unused-vars
4:74  Warning: 'ListChecks' is defined but never used.  unused-imports/no-unused-imports
4:74  Warning: 'ListChecks' is defined but never used. Allowed unused vars must match /^_/u.  @typescript-eslint/no-unused-vars
4:86  Warning: 'Calendar' is defined but never used.  unused-imports/no-unused-imports
4:86  Warning: 'Calendar' is defined but never used. Allowed unused vars must match /^_/u.  @typescript-eslint/no-unused-vars
4:102  Warning: 'Wrench' is defined but never used.  unused-imports/no-unused-imports
4:102  Warning: 'Wrench' is defined but never used. Allowed unused vars must match /^_/u.  @typescript-eslint/no-unused-vars
4:125  Warning: 'Swords' is defined but never used.  unused-imports/no-unused-imports
4:125  Warning: 'Swords' is defined but never used. Allowed unused vars must match /^_/u.  @typescript-eslint/no-unused-vars
4:142  Warning: 'Book' is defined but never used.  unused-imports/no-unused-imports
4:142  Warning: 'Book' is defined but never used. Allowed unused vars must match /^_/u.  @typescript-eslint/no-unused-vars
4:176  Warning: 'Target' is defined but never used.  unused-imports/no-unused-imports
4:176  Warning: 'Target' is defined but never used. Allowed unused vars must match /^_/u.  @typescript-eslint/no-unused-vars
4:252  Warning: 'AlertTriangle' is defined but never used.  unused-imports/no-unused-imports
4:252  Warning: 'AlertTriangle' is defined but never used. Allowed unused vars must match /^_/u.  @typescript-eslint/no-unused-vars

./app/[locale]/docs/introduction/roadmap/sub-blocks/technical-details/page.tsx
5:21  Warning: 'FileText' is defined but never used.  unused-imports/no-unused-imports
5:21  Warning: 'FileText' is defined but never used. Allowed unused vars must match /^_/u.  @typescript-eslint/no-unused-vars

./app/[locale]/docs/introduction/sigmanauts/page.tsx
2:17  Warning: 'Star' is defined but never used.  unused-imports/no-unused-imports
2:17  Warning: 'Star' is defined but never used. Allowed unused vars must match /^_/u.  @typescript-eslint/no-unused-vars
2:39  Warning: 'CheckCircle' is defined but never used.  unused-imports/no-unused-imports
2:39  Warning: 'CheckCircle' is defined but never used. Allowed unused vars must match /^_/u.  @typescript-eslint/no-unused-vars
2:52  Warning: 'Calendar' is defined but never used.  unused-imports/no-unused-imports
2:52  Warning: 'Calendar' is defined but never used. Allowed unused vars must match /^_/u.  @typescript-eslint/no-unused-vars
2:133  Warning: 'ArrowRight' is defined but never used.  unused-imports/no-unused-imports
2:133  Warning: 'ArrowRight' is defined but never used. Allowed unused vars must match /^_/u.  @typescript-eslint/no-unused-vars

./app/[locale]/docs/introduction/storage-rent/page.tsx
19:3  Warning: 'ArrowRight' is defined but never used.  unused-imports/no-unused-imports
19:3  Warning: 'ArrowRight' is defined but never used. Allowed unused vars must match /^_/u.  @typescript-eslint/no-unused-vars

./app/[locale]/docs/introduction/utxo-state/page.tsx
3:56  Warning: 'ExternalLink' is defined but never used.  unused-imports/no-unused-imports
3:56  Warning: 'ExternalLink' is defined but never used. Allowed unused vars must match /^_/u.  @typescript-eslint/no-unused-vars

./app/[locale]/docs/introduction/wallets/page.tsx
4:10  Warning: 'Shield' is defined but never used.  unused-imports/no-unused-imports
4:10  Warning: 'Shield' is defined but never used. Allowed unused vars must match /^_/u.  @typescript-eslint/no-unused-vars
4:76  Warning: 'CheckCircle' is defined but never used.  unused-imports/no-unused-imports
4:76  Warning: 'CheckCircle' is defined but never used. Allowed unused vars must match /^_/u.  @typescript-eslint/no-unused-vars
4:130  Warning: 'Users' is defined but never used.  unused-imports/no-unused-imports
4:130  Warning: 'Users' is defined but never used. Allowed unused vars must match /^_/u.  @typescript-eslint/no-unused-vars
5:8  Warning: 'Link' is defined but never used.  unused-imports/no-unused-imports
5:8  Warning: 'Link' is defined but never used. Allowed unused vars must match /^_/u.  @typescript-eslint/no-unused-vars

./app/[locale]/docs/layout.tsx
2:10  Warning: 'useState' is defined but never used.  unused-imports/no-unused-imports
2:10  Warning: 'useState' is defined but never used. Allowed unused vars must match /^_/u.  @typescript-eslint/no-unused-vars
3:8  Warning: 'Link' is defined but never used.  unused-imports/no-unused-imports
3:8  Warning: 'Link' is defined but never used. Allowed unused vars must match /^_/u.  @typescript-eslint/no-unused-vars
4:42  Warning: 'Menu' is defined but never used.  unused-imports/no-unused-imports
4:42  Warning: 'Menu' is defined but never used. Allowed unused vars must match /^_/u.  @typescript-eslint/no-unused-vars
5:10  Warning: 'usePathname' is defined but never used.  unused-imports/no-unused-imports
5:10  Warning: 'usePathname' is defined but never used. Allowed unused vars must match /^_/u.  @typescript-eslint/no-unused-vars
6:8  Warning: 'NavLink' is defined but never used.  unused-imports/no-unused-imports
6:8  Warning: 'NavLink' is defined but never used. Allowed unused vars must match /^_/u.  @typescript-eslint/no-unused-vars
9:7  Warning: 'NoIcon' is assigned a value but never used. Allowed unused vars must match /^_/u.  unused-imports/no-unused-vars
9:7  Warning: 'NoIcon' is assigned a value but never used. Allowed unused vars must match /^_/u.  @typescript-eslint/no-unused-vars
11:7  Warning: 'introductionNav' is assigned a value but never used. Allowed unused vars must match /^_/u.  unused-imports/no-unused-vars
11:7  Warning: 'introductionNav' is assigned a value but never used. Allowed unused vars must match /^_/u.  @typescript-eslint/no-unused-vars
82:7  Warning: 'sectionButtons' is assigned a value but never used. Allowed unused vars must match /^_/u.  unused-imports/no-unused-vars
82:7  Warning: 'sectionButtons' is assigned a value but never used. Allowed unused vars must match /^_/u.  @typescript-eslint/no-unused-vars

./app/[locale]/docs/menuData.ts
1:10  Warning: 'useTranslations' is defined but never used.  unused-imports/no-unused-imports
1:10  Warning: 'useTranslations' is defined but never used. Allowed unused vars must match /^_/u.  @typescript-eslint/no-unused-vars
3:41  Warning: Unexpected any. Specify a different type.  @typescript-eslint/no-explicit-any

./app/[locale]/docs/miners/Miner-Tooling.tsx
4:40  Warning: 'LinkIcon' is defined but never used.  unused-imports/no-unused-imports
4:40  Warning: 'LinkIcon' is defined but never used. Allowed unused vars must match /^_/u.  @typescript-eslint/no-unused-vars
4:50  Warning: 'ExternalLink' is defined but never used.  unused-imports/no-unused-imports
4:50  Warning: 'ExternalLink' is defined but never used. Allowed unused vars must match /^_/u.  @typescript-eslint/no-unused-vars

./app/[locale]/docs/miners/governance/page.tsx
11:3  Warning: 'ExternalLink' is defined but never used.  unused-imports/no-unused-imports
11:3  Warning: 'ExternalLink' is defined but never used. Allowed unused vars must match /^_/u.  @typescript-eslint/no-unused-vars

./app/[locale]/docs/miners/mining-guides/host-a-pool/page.tsx
10:3  Warning: 'Download' is defined but never used.  unused-imports/no-unused-imports
10:3  Warning: 'Download' is defined but never used. Allowed unused vars must match /^_/u.  @typescript-eslint/no-unused-vars
15:3  Warning: 'Zap' is defined but never used.  unused-imports/no-unused-imports
15:3  Warning: 'Zap' is defined but never used. Allowed unused vars must match /^_/u.  @typescript-eslint/no-unused-vars
17:3  Warning: 'Terminal' is defined but never used.  unused-imports/no-unused-imports
17:3  Warning: 'Terminal' is defined but never used. Allowed unused vars must match /^_/u.  @typescript-eslint/no-unused-vars
18:3  Warning: 'HardDrive' is defined but never used.  unused-imports/no-unused-imports
18:3  Warning: 'HardDrive' is defined but never used. Allowed unused vars must match /^_/u.  @typescript-eslint/no-unused-vars
20:3  Warning: 'Clock' is defined but never used.  unused-imports/no-unused-imports
20:3  Warning: 'Clock' is defined but never used. Allowed unused vars must match /^_/u.  @typescript-eslint/no-unused-vars
23:3  Warning: 'Globe' is defined but never used.  unused-imports/no-unused-imports
23:3  Warning: 'Globe' is defined but never used. Allowed unused vars must match /^_/u.  @typescript-eslint/no-unused-vars

./app/[locale]/docs/miners/mining-guides/operating-systems/page.tsx
3:3  Warning: 'Monitor' is defined but never used.  unused-imports/no-unused-imports
3:3  Warning: 'Monitor' is defined but never used. Allowed unused vars must match /^_/u.  @typescript-eslint/no-unused-vars
4:3  Warning: 'Cpu' is defined but never used.  unused-imports/no-unused-imports
4:3  Warning: 'Cpu' is defined but never used. Allowed unused vars must match /^_/u.  @typescript-eslint/no-unused-vars
6:3  Warning: 'ExternalLink' is defined but never used.  unused-imports/no-unused-imports
6:3  Warning: 'ExternalLink' is defined but never used. Allowed unused vars must match /^_/u.  @typescript-eslint/no-unused-vars

./app/[locale]/docs/miners/mining-guides/overclocking/page.tsx
5:3  Warning: 'BarChart3' is defined but never used.  unused-imports/no-unused-imports
5:3  Warning: 'BarChart3' is defined but never used. Allowed unused vars must match /^_/u.  @typescript-eslint/no-unused-vars
6:3  Warning: 'ExternalLink' is defined but never used.  unused-imports/no-unused-imports
6:3  Warning: 'ExternalLink' is defined but never used. Allowed unused vars must match /^_/u.  @typescript-eslint/no-unused-vars
10:3  Warning: 'Settings' is defined but never used.  unused-imports/no-unused-imports
10:3  Warning: 'Settings' is defined but never used. Allowed unused vars must match /^_/u.  @typescript-eslint/no-unused-vars

./app/[locale]/docs/miners/mining-guides/pools/page.tsx
14:3  Warning: 'Clock' is defined but never used.  unused-imports/no-unused-imports
14:3  Warning: 'Clock' is defined but never used. Allowed unused vars must match /^_/u.  @typescript-eslint/no-unused-vars

./app/[locale]/docs/miners/mining-guides/solo-mining/faq/page.tsx
2:48  Warning: 'Info' is defined but never used.  unused-imports/no-unused-imports
2:48  Warning: 'Info' is defined but never used. Allowed unused vars must match /^_/u.  @typescript-eslint/no-unused-vars
2:54  Warning: 'CheckCircle' is defined but never used.  unused-imports/no-unused-imports
2:54  Warning: 'CheckCircle' is defined but never used. Allowed unused vars must match /^_/u.  @typescript-eslint/no-unused-vars

./app/[locale]/docs/miners/mining-guides/solo-mining/miningcore/page.tsx
21:3  Warning: 'Zap' is defined but never used.  unused-imports/no-unused-imports
21:3  Warning: 'Zap' is defined but never used. Allowed unused vars must match /^_/u.  @typescript-eslint/no-unused-vars
50:32  Warning: 'language' is assigned a value but never used. Allowed unused args must match /^_/u.  unused-imports/no-unused-vars
50:32  Warning: 'language' is assigned a value but never used. Allowed unused args must match /^_/u.  @typescript-eslint/no-unused-vars

./app/[locale]/docs/miners/mining-guides/solo-mining/miningcore/windows/page.tsx
2:119  Warning: 'Folder' is defined but never used.  unused-imports/no-unused-imports
2:119  Warning: 'Folder' is defined but never used. Allowed unused vars must match /^_/u.  @typescript-eslint/no-unused-vars

./app/[locale]/docs/miners/mining-guides/solo-mining/page.tsx
5:3  Warning: 'Shield' is defined but never used.  unused-imports/no-unused-imports
5:3  Warning: 'Shield' is defined but never used. Allowed unused vars must match /^_/u.  @typescript-eslint/no-unused-vars
12:3  Warning: 'Download' is defined but never used.  unused-imports/no-unused-imports
12:3  Warning: 'Download' is defined but never used. Allowed unused vars must match /^_/u.  @typescript-eslint/no-unused-vars
16:3  Warning: 'DollarSign' is defined but never used.  unused-imports/no-unused-imports
16:3  Warning: 'DollarSign' is defined but never used. Allowed unused vars must match /^_/u.  @typescript-eslint/no-unused-vars
17:3  Warning: 'Zap' is defined but never used.  unused-imports/no-unused-imports
17:3  Warning: 'Zap' is defined but never used. Allowed unused vars must match /^_/u.  @typescript-eslint/no-unused-vars
18:3  Warning: 'Code' is defined but never used.  unused-imports/no-unused-imports
18:3  Warning: 'Code' is defined but never used. Allowed unused vars must match /^_/u.  @typescript-eslint/no-unused-vars
20:3  Warning: 'HardDrive' is defined but never used.  unused-imports/no-unused-imports
20:3  Warning: 'HardDrive' is defined but never used. Allowed unused vars must match /^_/u.  @typescript-eslint/no-unused-vars
21:3  Warning: 'Network' is defined but never used.  unused-imports/no-unused-imports
21:3  Warning: 'Network' is defined but never used. Allowed unused vars must match /^_/u.  @typescript-eslint/no-unused-vars
22:3  Warning: 'Clock' is defined but never used.  unused-imports/no-unused-imports
22:3  Warning: 'Clock' is defined but never used. Allowed unused vars must match /^_/u.  @typescript-eslint/no-unused-vars
23:3  Warning: 'TrendingUp' is defined but never used.  unused-imports/no-unused-imports
23:3  Warning: 'TrendingUp' is defined but never used. Allowed unused vars must match /^_/u.  @typescript-eslint/no-unused-vars
27:3  Warning: 'GitBranch' is defined but never used.  unused-imports/no-unused-imports
27:3  Warning: 'GitBranch' is defined but never used. Allowed unused vars must match /^_/u.  @typescript-eslint/no-unused-vars
29:3  Warning: 'Lock' is defined but never used.  unused-imports/no-unused-imports
29:3  Warning: 'Lock' is defined but never used. Allowed unused vars must match /^_/u.  @typescript-eslint/no-unused-vars
64:32  Warning: 'language' is assigned a value but never used. Allowed unused args must match /^_/u.  unused-imports/no-unused-vars
64:32  Warning: 'language' is assigned a value but never used. Allowed unused args must match /^_/u.  @typescript-eslint/no-unused-vars

./app/[locale]/docs/miners/mining-guides/solo-mining/stratum/page.tsx
9:3  Warning: 'Activity' is defined but never used.  unused-imports/no-unused-imports
9:3  Warning: 'Activity' is defined but never used. Allowed unused vars must match /^_/u.  @typescript-eslint/no-unused-vars
17:3  Warning: 'Terminal' is defined but never used.  unused-imports/no-unused-imports
17:3  Warning: 'Terminal' is defined but never used. Allowed unused vars must match /^_/u.  @typescript-eslint/no-unused-vars
48:32  Warning: 'language' is assigned a value but never used. Allowed unused args must match /^_/u.  unused-imports/no-unused-vars
48:32  Warning: 'language' is assigned a value but never used. Allowed unused args must match /^_/u.  @typescript-eslint/no-unused-vars

./app/[locale]/docs/miners/mining-guides/solo-mining/withdraw/page.tsx
2:29  Warning: 'CreditCard' is defined but never used.  unused-imports/no-unused-imports
2:29  Warning: 'CreditCard' is defined but never used. Allowed unused vars must match /^_/u.  @typescript-eslint/no-unused-vars
2:52  Warning: 'Coins' is defined but never used.  unused-imports/no-unused-imports
2:52  Warning: 'Coins' is defined but never used. Allowed unused vars must match /^_/u.  @typescript-eslint/no-unused-vars

./app/[locale]/docs/miners/page.tsx
20:3  Warning: 'BarChart3' is defined but never used.  unused-imports/no-unused-imports
20:3  Warning: 'BarChart3' is defined but never used. Allowed unused vars must match /^_/u.  @typescript-eslint/no-unused-vars
23:3  Warning: 'AlertCircle' is defined but never used.  unused-imports/no-unused-imports
23:3  Warning: 'AlertCircle' is defined but never used. Allowed unused vars must match /^_/u.  @typescript-eslint/no-unused-vars
27:3  Warning: 'Wallet' is defined but never used.  unused-imports/no-unused-imports
27:3  Warning: 'Wallet' is defined but never used. Allowed unused vars must match /^_/u.  @typescript-eslint/no-unused-vars

./app/[locale]/docs/resources/page-localized.tsx
472:9  Warning: 't' is assigned a value but never used. Allowed unused vars must match /^_/u.  unused-imports/no-unused-vars
472:9  Warning: 't' is assigned a value but never used. Allowed unused vars must match /^_/u.  @typescript-eslint/no-unused-vars
473:9  Warning: 'locale' is assigned a value but never used. Allowed unused vars must match /^_/u.  unused-imports/no-unused-vars
473:9  Warning: 'locale' is assigned a value but never used. Allowed unused vars must match /^_/u.  @typescript-eslint/no-unused-vars

./app/[locale]/docs/why-ergo/page.tsx
7:3  Warning: 'Globe' is defined but never used.  unused-imports/no-unused-imports
7:3  Warning: 'Globe' is defined but never used. Allowed unused vars must match /^_/u.  @typescript-eslint/no-unused-vars
15:3  Warning: 'Database' is defined but never used.  unused-imports/no-unused-imports
15:3  Warning: 'Database' is defined but never used. Allowed unused vars must match /^_/u.  @typescript-eslint/no-unused-vars

./app/[locale]/ecosystem/EcosystemClient.tsx
184:70  Warning: Unexpected any. Specify a different type.  @typescript-eslint/no-explicit-any
193:85  Warning: Unexpected any. Specify a different type.  @typescript-eslint/no-explicit-any
194:45  Warning: Unexpected any. Specify a different type.  @typescript-eslint/no-explicit-any
265:68  Warning: Unexpected any. Specify a different type.  @typescript-eslint/no-explicit-any
274:83  Warning: Unexpected any. Specify a different type.  @typescript-eslint/no-explicit-any
275:43  Warning: Unexpected any. Specify a different type.  @typescript-eslint/no-explicit-any
293:66  Warning: Unexpected any. Specify a different type.  @typescript-eslint/no-explicit-any
302:114  Warning: Unexpected any. Specify a different type.  @typescript-eslint/no-explicit-any
303:41  Warning: Unexpected any. Specify a different type.  @typescript-eslint/no-explicit-any

./app/[locale]/ecosystem/grants/GrantsClient.tsx
4:1  Warning: 'react' import is duplicated.  no-duplicate-imports

./app/[locale]/ecosystem/map/MapClient.tsx
95:95  Warning: Unexpected any. Specify a different type.  @typescript-eslint/no-explicit-any
429:178  Warning: Unexpected any. Specify a different type.  @typescript-eslint/no-explicit-any

./app/[locale]/ecosystem/mining/page.tsx
5:29  Warning: 'CardHeader' is defined but never used.  unused-imports/no-unused-imports
5:29  Warning: 'CardHeader' is defined but never used. Allowed unused vars must match /^_/u.  @typescript-eslint/no-unused-vars
5:41  Warning: 'CardTitle' is defined but never used.  unused-imports/no-unused-imports
5:41  Warning: 'CardTitle' is defined but never used. Allowed unused vars must match /^_/u.  @typescript-eslint/no-unused-vars
13:3  Warning: 'Server' is defined but never used.  unused-imports/no-unused-imports
13:3  Warning: 'Server' is defined but never used. Allowed unused vars must match /^_/u.  @typescript-eslint/no-unused-vars
16:3  Warning: 'TrendingUp' is defined but never used.  unused-imports/no-unused-imports
16:3  Warning: 'TrendingUp' is defined but never used. Allowed unused vars must match /^_/u.  @typescript-eslint/no-unused-vars
17:3  Warning: 'ExternalLink' is defined but never used.  unused-imports/no-unused-imports
17:3  Warning: 'ExternalLink' is defined but never used. Allowed unused vars must match /^_/u.  @typescript-eslint/no-unused-vars
18:3  Warning: 'Globe' is defined but never used.  unused-imports/no-unused-imports
18:3  Warning: 'Globe' is defined but never used. Allowed unused vars must match /^_/u.  @typescript-eslint/no-unused-vars
19:3  Warning: 'Shield' is defined but never used.  unused-imports/no-unused-imports
19:3  Warning: 'Shield' is defined but never used. Allowed unused vars must match /^_/u.  @typescript-eslint/no-unused-vars
20:3  Warning: 'Zap' is defined but never used.  unused-imports/no-unused-imports
20:3  Warning: 'Zap' is defined but never used. Allowed unused vars must match /^_/u.  @typescript-eslint/no-unused-vars
21:3  Warning: 'BarChart3' is defined but never used.  unused-imports/no-unused-imports
21:3  Warning: 'BarChart3' is defined but never used. Allowed unused vars must match /^_/u.  @typescript-eslint/no-unused-vars
22:3  Warning: 'CheckCircle' is defined but never used.  unused-imports/no-unused-imports
22:3  Warning: 'CheckCircle' is defined but never used. Allowed unused vars must match /^_/u.  @typescript-eslint/no-unused-vars
23:3  Warning: 'AlertCircle' is defined but never used.  unused-imports/no-unused-imports
23:3  Warning: 'AlertCircle' is defined but never used. Allowed unused vars must match /^_/u.  @typescript-eslint/no-unused-vars
24:3  Warning: 'Info' is defined but never used.  unused-imports/no-unused-imports
24:3  Warning: 'Info' is defined but never used. Allowed unused vars must match /^_/u.  @typescript-eslint/no-unused-vars
26:3  Warning: 'HardDrive' is defined but never used.  unused-imports/no-unused-imports
26:3  Warning: 'HardDrive' is defined but never used. Allowed unused vars must match /^_/u.  @typescript-eslint/no-unused-vars
28:3  Warning: 'Github' is defined but never used.  unused-imports/no-unused-imports
28:3  Warning: 'Github' is defined but never used. Allowed unused vars must match /^_/u.  @typescript-eslint/no-unused-vars
29:3  Warning: 'Terminal' is defined but never used.  unused-imports/no-unused-imports
29:3  Warning: 'Terminal' is defined but never used. Allowed unused vars must match /^_/u.  @typescript-eslint/no-unused-vars
30:3  Warning: 'Wrench' is defined but never used.  unused-imports/no-unused-imports
30:3  Warning: 'Wrench' is defined but never used. Allowed unused vars must match /^_/u.  @typescript-eslint/no-unused-vars
31:3  Warning: 'Database' is defined but never used.  unused-imports/no-unused-imports
31:3  Warning: 'Database' is defined but never used. Allowed unused vars must match /^_/u.  @typescript-eslint/no-unused-vars
32:3  Warning: 'Cloud' is defined but never used.  unused-imports/no-unused-imports
32:3  Warning: 'Cloud' is defined but never used. Allowed unused vars must match /^_/u.  @typescript-eslint/no-unused-vars
33:3  Warning: 'ArrowUpRight' is defined but never used.  unused-imports/no-unused-imports
33:3  Warning: 'ArrowUpRight' is defined but never used. Allowed unused vars must match /^_/u.  @typescript-eslint/no-unused-vars
34:3  Warning: 'Clock' is defined but never used.  unused-imports/no-unused-imports
34:3  Warning: 'Clock' is defined but never used. Allowed unused vars must match /^_/u.  @typescript-eslint/no-unused-vars
36:3  Warning: 'Star' is defined but never used.  unused-imports/no-unused-imports
36:3  Warning: 'Star' is defined but never used. Allowed unused vars must match /^_/u.  @typescript-eslint/no-unused-vars
48:20  Warning: 'PoolCardSkeleton' is defined but never used.  unused-imports/no-unused-imports
48:20  Warning: 'PoolCardSkeleton' is defined but never used. Allowed unused vars must match /^_/u.  @typescript-eslint/no-unused-vars
413:70  Warning: Unexpected any. Specify a different type.  @typescript-eslint/no-explicit-any
427:43  Warning: 'i' is defined but never used. Allowed unused args must match /^_/u.  unused-imports/no-unused-vars
427:43  Warning: 'i' is defined but never used. Allowed unused args must match /^_/u.  @typescript-eslint/no-unused-vars
429:45  Warning: Unexpected any. Specify a different type.  @typescript-eslint/no-explicit-any
479:56  Warning: 'i' is defined but never used. Allowed unused args must match /^_/u.  unused-imports/no-unused-vars
479:56  Warning: 'i' is defined but never used. Allowed unused args must match /^_/u.  @typescript-eslint/no-unused-vars
513:55  Warning: Unexpected any. Specify a different type.  @typescript-eslint/no-explicit-any

./app/[locale]/ecosystem/page-localized.tsx
38:9  Warning: 'locale' is assigned a value but never used. Allowed unused vars must match /^_/u.  unused-imports/no-unused-vars
38:9  Warning: 'locale' is assigned a value but never used. Allowed unused vars must match /^_/u.  @typescript-eslint/no-unused-vars

./app/[locale]/layout.tsx
22:35  Warning: Unexpected any. Specify a different type.  @typescript-eslint/no-explicit-any
99:46  Warning: Unexpected any. Specify a different type.  @typescript-eslint/no-explicit-any
104:9  Warning: 'localeConfig' is assigned a value but never used. Allowed unused vars must match /^_/u.  unused-imports/no-unused-vars
104:9  Warning: 'localeConfig' is assigned a value but never used. Allowed unused vars must match /^_/u.  @typescript-eslint/no-unused-vars
105:9  Warning: 'isRtl' is assigned a value but never used. Allowed unused vars must match /^_/u.  unused-imports/no-unused-vars
105:9  Warning: 'isRtl' is assigned a value but never used. Allowed unused vars must match /^_/u.  @typescript-eslint/no-unused-vars

./app/[locale]/learn/LearnClient.tsx
13:53  Warning: Unexpected any. Specify a different type.  @typescript-eslint/no-explicit-any
13:73  Warning: Unexpected any. Specify a different type.  @typescript-eslint/no-explicit-any
169:54  Warning: Unexpected any. Specify a different type.  @typescript-eslint/no-explicit-any
169:74  Warning: Unexpected any. Specify a different type.  @typescript-eslint/no-explicit-any

./app/[locale]/learn/page.tsx
4:10  Warning: 'SchemaTypes' is defined but never used.  unused-imports/no-unused-imports
4:10  Warning: 'SchemaTypes' is defined but never used. Allowed unused vars must match /^_/u.  @typescript-eslint/no-unused-vars

./app/[locale]/learn/research/ResearchClient.tsx
7:29  Warning: 'CardHeader' is defined but never used.  unused-imports/no-unused-imports
7:29  Warning: 'CardHeader' is defined but never used. Allowed unused vars must match /^_/u.  @typescript-eslint/no-unused-vars
7:41  Warning: 'CardTitle' is defined but never used.  unused-imports/no-unused-imports
7:41  Warning: 'CardTitle' is defined but never used. Allowed unused vars must match /^_/u.  @typescript-eslint/no-unused-vars
19:3  Warning: 'ShieldCheck' is defined but never used.  unused-imports/no-unused-imports
19:3  Warning: 'ShieldCheck' is defined but never used. Allowed unused vars must match /^_/u.  @typescript-eslint/no-unused-vars
123:10  Warning: 'selectedCategory' is assigned a value but never used. Allowed unused vars must match /^_/u.  unused-imports/no-unused-vars
123:10  Warning: 'selectedCategory' is assigned a value but never used. Allowed unused vars must match /^_/u.  @typescript-eslint/no-unused-vars
123:28  Warning: 'setSelectedCategory' is assigned a value but never used. Allowed unused vars must match /^_/u.  unused-imports/no-unused-vars
123:28  Warning: 'setSelectedCategory' is assigned a value but never used. Allowed unused vars must match /^_/u.  @typescript-eslint/no-unused-vars

./app/[locale]/page.tsx
35:11  Warning: 'locale' is assigned a value but never used. Allowed unused vars must match /^_/u.  unused-imports/no-unused-vars
35:11  Warning: 'locale' is assigned a value but never used. Allowed unused vars must match /^_/u.  @typescript-eslint/no-unused-vars

./app/[locale]/start/StartClient-localized.tsx
11:23  Warning: 'FeatureCard' is defined but never used.  unused-imports/no-unused-imports
11:23  Warning: 'FeatureCard' is defined but never used. Allowed unused vars must match /^_/u.  @typescript-eslint/no-unused-vars
11:36  Warning: 'StatsGrid' is defined but never used.  unused-imports/no-unused-imports
11:36  Warning: 'StatsGrid' is defined but never used. Allowed unused vars must match /^_/u.  @typescript-eslint/no-unused-vars
37:3  Warning: 'GraduationCap' is defined but never used.  unused-imports/no-unused-imports
37:3  Warning: 'GraduationCap' is defined but never used. Allowed unused vars must match /^_/u.  @typescript-eslint/no-unused-vars
40:3  Warning: 'Network' is defined but never used.  unused-imports/no-unused-imports
40:3  Warning: 'Network' is defined but never used. Allowed unused vars must match /^_/u.  @typescript-eslint/no-unused-vars
49:1  Warning: 'lucide-react' import is duplicated.  no-duplicate-imports
62:7  Warning: 'journeys' is assigned a value but never used. Allowed unused vars must match /^_/u.  unused-imports/no-unused-vars
62:7  Warning: 'journeys' is assigned a value but never used. Allowed unused vars must match /^_/u.  @typescript-eslint/no-unused-vars
295:9  Warning: 'locale' is assigned a value but never used. Allowed unused vars must match /^_/u.  unused-imports/no-unused-vars
295:9  Warning: 'locale' is assigned a value but never used. Allowed unused vars must match /^_/u.  @typescript-eslint/no-unused-vars
564:9  Warning: 'fadeInUp' is assigned a value but never used. Allowed unused vars must match /^_/u.  unused-imports/no-unused-vars
564:9  Warning: 'fadeInUp' is assigned a value but never used. Allowed unused vars must match /^_/u.  @typescript-eslint/no-unused-vars

./app/[locale]/start/StartClient.tsx
11:23  Warning: 'FeatureCard' is defined but never used.  unused-imports/no-unused-imports
11:23  Warning: 'FeatureCard' is defined but never used. Allowed unused vars must match /^_/u.  @typescript-eslint/no-unused-vars
11:36  Warning: 'StatsGrid' is defined but never used.  unused-imports/no-unused-imports
11:36  Warning: 'StatsGrid' is defined but never used. Allowed unused vars must match /^_/u.  @typescript-eslint/no-unused-vars
38:3  Warning: 'GraduationCap' is defined but never used.  unused-imports/no-unused-imports
38:3  Warning: 'GraduationCap' is defined but never used. Allowed unused vars must match /^_/u.  @typescript-eslint/no-unused-vars
41:3  Warning: 'Network' is defined but never used.  unused-imports/no-unused-imports
41:3  Warning: 'Network' is defined but never used. Allowed unused vars must match /^_/u.  @typescript-eslint/no-unused-vars
50:1  Warning: 'lucide-react' import is duplicated.  no-duplicate-imports
63:7  Warning: 'journeys' is assigned a value but never used. Allowed unused vars must match /^_/u.  unused-imports/no-unused-vars
63:7  Warning: 'journeys' is assigned a value but never used. Allowed unused vars must match /^_/u.  @typescript-eslint/no-unused-vars
562:9  Warning: 'fadeInUp' is assigned a value but never used. Allowed unused vars must match /^_/u.  unused-imports/no-unused-vars
562:9  Warning: 'fadeInUp' is assigned a value but never used. Allowed unused vars must match /^_/u.  @typescript-eslint/no-unused-vars

./app/[locale]/start/community/CommunityClient.tsx
9:10  Warning: 'GlitchText' is defined but never used.  unused-imports/no-unused-imports
9:10  Warning: 'GlitchText' is defined but never used. Allowed unused vars must match /^_/u.  @typescript-eslint/no-unused-vars
10:10  Warning: 'DigitalCounter' is defined but never used.  unused-imports/no-unused-imports
10:10  Warning: 'DigitalCounter' is defined but never used. Allowed unused vars must match /^_/u.  @typescript-eslint/no-unused-vars
16:3  Warning: 'Zap' is defined but never used.  unused-imports/no-unused-imports
16:3  Warning: 'Zap' is defined but never used. Allowed unused vars must match /^_/u.  @typescript-eslint/no-unused-vars
26:3  Warning: 'Rocket' is defined but never used.  unused-imports/no-unused-imports
26:3  Warning: 'Rocket' is defined but never used. Allowed unused vars must match /^_/u.  @typescript-eslint/no-unused-vars
27:3  Warning: 'Brain' is defined but never used.  unused-imports/no-unused-imports
27:3  Warning: 'Brain' is defined but never used. Allowed unused vars must match /^_/u.  @typescript-eslint/no-unused-vars
28:3  Warning: 'Building' is defined but never used.  unused-imports/no-unused-imports
28:3  Warning: 'Building' is defined but never used. Allowed unused vars must match /^_/u.  @typescript-eslint/no-unused-vars
29:3  Warning: 'Shield' is defined but never used.  unused-imports/no-unused-imports
29:3  Warning: 'Shield' is defined but never used. Allowed unused vars must match /^_/u.  @typescript-eslint/no-unused-vars

./app/[locale]/start/comparison/ComparisonClient.tsx
5:10  Warning: 'Card' is defined but never used.  unused-imports/no-unused-imports
5:10  Warning: 'Card' is defined but never used. Allowed unused vars must match /^_/u.  @typescript-eslint/no-unused-vars
5:16  Warning: 'CardContent' is defined but never used.  unused-imports/no-unused-imports
5:16  Warning: 'CardContent' is defined but never used. Allowed unused vars must match /^_/u.  @typescript-eslint/no-unused-vars
5:29  Warning: 'CardHeader' is defined but never used.  unused-imports/no-unused-imports
5:29  Warning: 'CardHeader' is defined but never used. Allowed unused vars must match /^_/u.  @typescript-eslint/no-unused-vars
5:41  Warning: 'CardTitle' is defined but never used.  unused-imports/no-unused-imports
5:41  Warning: 'CardTitle' is defined but never used. Allowed unused vars must match /^_/u.  @typescript-eslint/no-unused-vars
6:10  Warning: 'Badge' is defined but never used.  unused-imports/no-unused-imports
6:10  Warning: 'Badge' is defined but never used. Allowed unused vars must match /^_/u.  @typescript-eslint/no-unused-vars
8:10  Warning: 'Tabs' is defined but never used.  unused-imports/no-unused-imports
8:10  Warning: 'Tabs' is defined but never used. Allowed unused vars must match /^_/u.  @typescript-eslint/no-unused-vars
8:16  Warning: 'TabsContent' is defined but never used.  unused-imports/no-unused-imports
8:16  Warning: 'TabsContent' is defined but never used. Allowed unused vars must match /^_/u.  @typescript-eslint/no-unused-vars
8:29  Warning: 'TabsList' is defined but never used.  unused-imports/no-unused-imports
8:29  Warning: 'TabsList' is defined but never used. Allowed unused vars must match /^_/u.  @typescript-eslint/no-unused-vars
8:39  Warning: 'TabsTrigger' is defined but never used.  unused-imports/no-unused-imports
8:39  Warning: 'TabsTrigger' is defined but never used. Allowed unused vars must match /^_/u.  @typescript-eslint/no-unused-vars
9:10  Warning: 'Check' is defined but never used.  unused-imports/no-unused-imports
9:10  Warning: 'Check' is defined but never used. Allowed unused vars must match /^_/u.  @typescript-eslint/no-unused-vars
9:33  Warning: 'Coins' is defined but never used.  unused-imports/no-unused-imports
9:33  Warning: 'Coins' is defined but never used. Allowed unused vars must match /^_/u.  @typescript-eslint/no-unused-vars
9:53  Warning: 'TrendingUp' is defined but never used.  unused-imports/no-unused-imports
9:53  Warning: 'TrendingUp' is defined but never used. Allowed unused vars must match /^_/u.  @typescript-eslint/no-unused-vars
9:90  Warning: 'ExternalLink' is defined but never used.  unused-imports/no-unused-imports
9:90  Warning: 'ExternalLink' is defined but never used. Allowed unused vars must match /^_/u.  @typescript-eslint/no-unused-vars
9:119  Warning: 'Globe' is defined but never used.  unused-imports/no-unused-imports
9:119  Warning: 'Globe' is defined but never used. Allowed unused vars must match /^_/u.  @typescript-eslint/no-unused-vars
9:141  Warning: 'Star' is defined but never used.  unused-imports/no-unused-imports
9:141  Warning: 'Star' is defined but never used. Allowed unused vars must match /^_/u.  @typescript-eslint/no-unused-vars
11:10  Warning: 'FadeIn' is defined but never used.  unused-imports/no-unused-imports
11:10  Warning: 'FadeIn' is defined but never used. Allowed unused vars must match /^_/u.  @typescript-eslint/no-unused-vars
12:10  Warning: 'StaggerContainer' is defined but never used.  unused-imports/no-unused-imports
12:10  Warning: 'StaggerContainer' is defined but never used. Allowed unused vars must match /^_/u.  @typescript-eslint/no-unused-vars
16:10  Warning: 'HiddenBreadcrumbs' is defined but never used.  unused-imports/no-unused-imports
16:10  Warning: 'HiddenBreadcrumbs' is defined but never used. Allowed unused vars must match /^_/u.  @typescript-eslint/no-unused-vars
104:10  Warning: 'activeStory' is assigned a value but never used. Allowed unused vars must match /^_/u.  unused-imports/no-unused-vars
104:10  Warning: 'activeStory' is assigned a value but never used. Allowed unused vars must match /^_/u.  @typescript-eslint/no-unused-vars
104:23  Warning: 'setActiveStory' is assigned a value but never used. Allowed unused vars must match /^_/u.  unused-imports/no-unused-vars
104:23  Warning: 'setActiveStory' is assigned a value but never used. Allowed unused vars must match /^_/u.  @typescript-eslint/no-unused-vars
473:73  Warning: 'index' is defined but never used. Allowed unused args must match /^_/u.  unused-imports/no-unused-vars
473:73  Warning: 'index' is defined but never used. Allowed unused args must match /^_/u.  @typescript-eslint/no-unused-vars

./app/[locale]/start/faq/FAQClient.tsx
5:50  Warning: 'Shield' is defined but never used.  unused-imports/no-unused-imports
5:50  Warning: 'Shield' is defined but never used. Allowed unused vars must match /^_/u.  @typescript-eslint/no-unused-vars
5:58  Warning: 'Code' is defined but never used.  unused-imports/no-unused-imports
5:58  Warning: 'Code' is defined but never used. Allowed unused vars must match /^_/u.  @typescript-eslint/no-unused-vars
8:10  Warning: 'Badge' is defined but never used.  unused-imports/no-unused-imports
8:10  Warning: 'Badge' is defined but never used. Allowed unused vars must match /^_/u.  @typescript-eslint/no-unused-vars

./app/[locale]/start/faq/FAQClientLocalized.tsx
5:50  Warning: 'Shield' is defined but never used.  unused-imports/no-unused-imports
5:50  Warning: 'Shield' is defined but never used. Allowed unused vars must match /^_/u.  @typescript-eslint/no-unused-vars
5:58  Warning: 'Code' is defined but never used.  unused-imports/no-unused-imports
5:58  Warning: 'Code' is defined but never used. Allowed unused vars must match /^_/u.  @typescript-eslint/no-unused-vars
8:10  Warning: 'Badge' is defined but never used.  unused-imports/no-unused-imports
8:10  Warning: 'Badge' is defined but never used. Allowed unused vars must match /^_/u.  @typescript-eslint/no-unused-vars
45:13  Warning: Unexpected any. Specify a different type.  @typescript-eslint/no-explicit-any
53:90  Warning: Unexpected any. Specify a different type.  @typescript-eslint/no-explicit-any

./app/[locale]/start/faq/page.tsx
4:10  Warning: 'SchemaTypes' is defined but never used.  unused-imports/no-unused-imports
4:10  Warning: 'SchemaTypes' is defined but never used. Allowed unused vars must match /^_/u.  @typescript-eslint/no-unused-vars

./app/[locale]/start/introduction/IntroductionClient.tsx
9:3  Warning: 'ArrowRight' is defined but never used.  unused-imports/no-unused-imports
9:3  Warning: 'ArrowRight' is defined but never used. Allowed unused vars must match /^_/u.  @typescript-eslint/no-unused-vars
17:3  Warning: 'TrendingUp' is defined but never used.  unused-imports/no-unused-imports
17:3  Warning: 'TrendingUp' is defined but never used. Allowed unused vars must match /^_/u.  @typescript-eslint/no-unused-vars
18:3  Warning: 'Puzzle' is defined but never used.  unused-imports/no-unused-imports
18:3  Warning: 'Puzzle' is defined but never used. Allowed unused vars must match /^_/u.  @typescript-eslint/no-unused-vars
23:3  Warning: 'Target' is defined but never used.  unused-imports/no-unused-imports
23:3  Warning: 'Target' is defined but never used. Allowed unused vars must match /^_/u.  @typescript-eslint/no-unused-vars
24:3  Warning: 'CheckCircle' is defined but never used.  unused-imports/no-unused-imports
24:3  Warning: 'CheckCircle' is defined but never used. Allowed unused vars must match /^_/u.  @typescript-eslint/no-unused-vars
26:3  Warning: 'Rocket' is defined but never used.  unused-imports/no-unused-imports
26:3  Warning: 'Rocket' is defined but never used. Allowed unused vars must match /^_/u.  @typescript-eslint/no-unused-vars
27:3  Warning: 'Terminal' is defined but never used.  unused-imports/no-unused-imports
27:3  Warning: 'Terminal' is defined but never used. Allowed unused vars must match /^_/u.  @typescript-eslint/no-unused-vars
30:3  Warning: 'Globe' is defined but never used.  unused-imports/no-unused-imports
30:3  Warning: 'Globe' is defined but never used. Allowed unused vars must match /^_/u.  @typescript-eslint/no-unused-vars
31:3  Warning: 'Building' is defined but never used.  unused-imports/no-unused-imports
31:3  Warning: 'Building' is defined but never used. Allowed unused vars must match /^_/u.  @typescript-eslint/no-unused-vars
32:3  Warning: 'Coins' is defined but never used.  unused-imports/no-unused-imports
32:3  Warning: 'Coins' is defined but never used. Allowed unused vars must match /^_/u.  @typescript-eslint/no-unused-vars
37:3  Warning: 'Sparkles' is defined but never used.  unused-imports/no-unused-imports
37:3  Warning: 'Sparkles' is defined but never used. Allowed unused vars must match /^_/u.  @typescript-eslint/no-unused-vars
38:3  Warning: 'Code2' is defined but never used.  unused-imports/no-unused-imports
38:3  Warning: 'Code2' is defined but never used. Allowed unused vars must match /^_/u.  @typescript-eslint/no-unused-vars
45:3  Warning: 'HeroPattern' is defined but never used.  unused-imports/no-unused-imports
45:3  Warning: 'HeroPattern' is defined but never used. Allowed unused vars must match /^_/u.  @typescript-eslint/no-unused-vars
45:29  Warning: 'StatsGrid' is defined but never used.  unused-imports/no-unused-imports
45:29  Warning: 'StatsGrid' is defined but never used. Allowed unused vars must match /^_/u.  @typescript-eslint/no-unused-vars
45:40  Warning: 'FeatureCard' is defined but never used.  unused-imports/no-unused-imports
45:40  Warning: 'FeatureCard' is defined but never used. Allowed unused vars must match /^_/u.  @typescript-eslint/no-unused-vars
46:30  Warning: 'StatsGridItem' is defined but never used.  unused-imports/no-unused-imports
46:30  Warning: 'StatsGridItem' is defined but never used. Allowed unused vars must match /^_/u.  @typescript-eslint/no-unused-vars
262:35  Warning: 'index' is defined but never used. Allowed unused args must match /^_/u.  unused-imports/no-unused-vars
262:35  Warning: 'index' is defined but never used. Allowed unused args must match /^_/u.  @typescript-eslint/no-unused-vars
318:38  Warning: 'index' is defined but never used. Allowed unused args must match /^_/u.  unused-imports/no-unused-vars
318:38  Warning: 'index' is defined but never used. Allowed unused args must match /^_/u.  @typescript-eslint/no-unused-vars

./app/[locale]/start/introduction/page.tsx
4:10  Warning: 'SchemaTypes' is defined but never used.  unused-imports/no-unused-imports
4:10  Warning: 'SchemaTypes' is defined but never used. Allowed unused vars must match /^_/u.  @typescript-eslint/no-unused-vars

./app/[locale]/start/page.tsx
4:10  Warning: 'SchemaTypes' is defined but never used.  unused-imports/no-unused-imports
4:10  Warning: 'SchemaTypes' is defined but never used. Allowed unused vars must match /^_/u.  @typescript-eslint/no-unused-vars

./app/[locale]/start/quiz/page.tsx
3:10  Warning: 'SchemaTypes' is defined but never used.  unused-imports/no-unused-imports
3:10  Warning: 'SchemaTypes' is defined but never used. Allowed unused vars must match /^_/u.  @typescript-eslint/no-unused-vars

./app/[locale]/technology/TechnologyClient.tsx
30:3  Warning: 'Monitor' is defined but never used.  unused-imports/no-unused-imports
30:3  Warning: 'Monitor' is defined but never used. Allowed unused vars must match /^_/u.  @typescript-eslint/no-unused-vars
48:8  Warning: 'Head' is defined but never used.  unused-imports/no-unused-imports
48:8  Warning: 'Head' is defined but never used. Allowed unused vars must match /^_/u.  @typescript-eslint/no-unused-vars
362:16  Error: Expected '===' and instead saw '=='.  eqeqeq
365:59  Warning: Unexpected any. Specify a different type.  @typescript-eslint/no-explicit-any
366:39  Warning: Unexpected any. Specify a different type.  @typescript-eslint/no-explicit-any
379:8  Warning: React Hook useMemo has a missing dependency: 'nodeToPlainText'. Either include it or remove the dependency array.  react-hooks/exhaustive-deps
708:42  Warning: Unexpected any. Specify a different type.  @typescript-eslint/no-explicit-any
776:24  Warning: Unexpected any. Specify a different type.  @typescript-eslint/no-explicit-any
777:6  Warning: 'TechFeature' is defined but never used. Allowed unused vars must match /^_/u.  unused-imports/no-unused-vars
777:6  Warning: 'TechFeature' is defined but never used. Allowed unused vars must match /^_/u.  @typescript-eslint/no-unused-vars
777:28  Warning: Unexpected any. Specify a different type.  @typescript-eslint/no-explicit-any
778:55  Warning: Unexpected any. Specify a different type.  @typescript-eslint/no-explicit-any

./app/[locale]/technology/adaptive-emission/page.tsx
13:1  Warning: 'react' import is duplicated.  no-duplicate-imports

./app/[locale]/technology/ergoscript/page.tsx
15:1  Warning: 'react' import is duplicated.  no-duplicate-imports
109:7  Warning: 'useCases' is assigned a value but never used. Allowed unused vars must match /^_/u.  unused-imports/no-unused-vars
109:7  Warning: 'useCases' is assigned a value but never used. Allowed unused vars must match /^_/u.  @typescript-eslint/no-unused-vars
516:47  Warning: 'index' is defined but never used. Allowed unused args must match /^_/u.  unused-imports/no-unused-vars
516:47  Warning: 'index' is defined but never used. Allowed unused args must match /^_/u.  @typescript-eslint/no-unused-vars
551:47  Warning: 'index' is defined but never used. Allowed unused args must match /^_/u.  unused-imports/no-unused-vars
551:47  Warning: 'index' is defined but never used. Allowed unused args must match /^_/u.  @typescript-eslint/no-unused-vars
590:48  Warning: 'index' is defined but never used. Allowed unused args must match /^_/u.  unused-imports/no-unused-vars
590:48  Warning: 'index' is defined but never used. Allowed unused args must match /^_/u.  @typescript-eslint/no-unused-vars
631:44  Warning: 'index' is defined but never used. Allowed unused args must match /^_/u.  unused-imports/no-unused-vars
631:44  Warning: 'index' is defined but never used. Allowed unused args must match /^_/u.  @typescript-eslint/no-unused-vars
701:45  Warning: 'index' is defined but never used. Allowed unused args must match /^_/u.  unused-imports/no-unused-vars
701:45  Warning: 'index' is defined but never used. Allowed unused args must match /^_/u.  @typescript-eslint/no-unused-vars
755:43  Warning: 'index' is defined but never used. Allowed unused args must match /^_/u.  unused-imports/no-unused-vars
755:43  Warning: 'index' is defined but never used. Allowed unused args must match /^_/u.  @typescript-eslint/no-unused-vars

./app/[locale]/technology/map/TechnologyMapClient.tsx
3:27  Warning: 'useEffect' is defined but never used.  unused-imports/no-unused-imports
3:27  Warning: 'useEffect' is defined but never used. Allowed unused vars must match /^_/u.  @typescript-eslint/no-unused-vars
3:38  Warning: 'useRef' is defined but never used.  unused-imports/no-unused-imports
3:38  Warning: 'useRef' is defined but never used. Allowed unused vars must match /^_/u.  @typescript-eslint/no-unused-vars
11:3  Warning: 'ChevronRight' is defined but never used.  unused-imports/no-unused-imports
11:3  Warning: 'ChevronRight' is defined but never used. Allowed unused vars must match /^_/u.  @typescript-eslint/no-unused-vars
22:3  Warning: 'Activity' is defined but never used.  unused-imports/no-unused-imports
22:3  Warning: 'Activity' is defined but never used. Allowed unused vars must match /^_/u.  @typescript-eslint/no-unused-vars
23:3  Warning: 'Eye' is defined but never used.  unused-imports/no-unused-imports
23:3  Warning: 'Eye' is defined but never used. Allowed unused vars must match /^_/u.  @typescript-eslint/no-unused-vars
31:3  Warning: 'Clock' is defined but never used.  unused-imports/no-unused-imports
31:3  Warning: 'Clock' is defined but never used. Allowed unused vars must match /^_/u.  @typescript-eslint/no-unused-vars
34:3  Warning: 'ExternalLink' is defined but never used.  unused-imports/no-unused-imports
34:3  Warning: 'ExternalLink' is defined but never used. Allowed unused vars must match /^_/u.  @typescript-eslint/no-unused-vars

./app/[locale]/technology/native-tokens/page.tsx
11:10  Warning: 'FadeIn' is defined but never used.  unused-imports/no-unused-imports
11:10  Warning: 'FadeIn' is defined but never used. Allowed unused vars must match /^_/u.  @typescript-eslint/no-unused-vars
12:39  Warning: 'ExternalLink' is defined but never used.  unused-imports/no-unused-imports
12:39  Warning: 'ExternalLink' is defined but never used. Allowed unused vars must match /^_/u.  @typescript-eslint/no-unused-vars
12:53  Warning: 'ArrowRight' is defined but never used.  unused-imports/no-unused-imports
12:53  Warning: 'ArrowRight' is defined but never used. Allowed unused vars must match /^_/u.  @typescript-eslint/no-unused-vars
12:65  Warning: 'Lock' is defined but never used.  unused-imports/no-unused-imports
12:65  Warning: 'Lock' is defined but never used. Allowed unused vars must match /^_/u.  @typescript-eslint/no-unused-vars
12:134  Warning: 'Palette' is defined but never used.  unused-imports/no-unused-imports
12:134  Warning: 'Palette' is defined but never used. Allowed unused vars must match /^_/u.  @typescript-eslint/no-unused-vars
12:143  Warning: 'FileText' is defined but never used.  unused-imports/no-unused-imports
12:143  Warning: 'FileText' is defined but never used. Allowed unused vars must match /^_/u.  @typescript-eslint/no-unused-vars
12:166  Warning: 'Terminal' is defined but never used.  unused-imports/no-unused-imports
12:166  Warning: 'Terminal' is defined but never used. Allowed unused vars must match /^_/u.  @typescript-eslint/no-unused-vars
12:176  Warning: 'BookOpen' is defined but never used.  unused-imports/no-unused-imports
12:176  Warning: 'BookOpen' is defined but never used. Allowed unused vars must match /^_/u.  @typescript-eslint/no-unused-vars
12:186  Warning: 'Users' is defined but never used.  unused-imports/no-unused-imports
12:186  Warning: 'Users' is defined but never used. Allowed unused vars must match /^_/u.  @typescript-eslint/no-unused-vars
15:1  Warning: 'react' import is duplicated.  no-duplicate-imports
297:41  Warning: 'index' is defined but never used. Allowed unused args must match /^_/u.  unused-imports/no-unused-vars
297:41  Warning: 'index' is defined but never used. Allowed unused args must match /^_/u.  @typescript-eslint/no-unused-vars
425:27  Warning: Image elements must have an alt prop, either with meaningful text, or an empty string for decorative images.  jsx-a11y/alt-text
579:41  Warning: 'index' is defined but never used. Allowed unused args must match /^_/u.  unused-imports/no-unused-vars
579:41  Warning: 'index' is defined but never used. Allowed unused args must match /^_/u.  @typescript-eslint/no-unused-vars

./app/[locale]/technology/nipopows/page.tsx
31:7  Warning: 'useCases' is assigned a value but never used. Allowed unused vars must match /^_/u.  unused-imports/no-unused-vars
31:7  Warning: 'useCases' is assigned a value but never used. Allowed unused vars must match /^_/u.  @typescript-eslint/no-unused-vars
74:9  Warning: 'features' is assigned a value but never used. Allowed unused vars must match /^_/u.  unused-imports/no-unused-vars
74:9  Warning: 'features' is assigned a value but never used. Allowed unused vars must match /^_/u.  @typescript-eslint/no-unused-vars

./app/[locale]/technology/oracle-pools/page.tsx
11:10  Warning: 'FadeIn' is defined but never used.  unused-imports/no-unused-imports
11:10  Warning: 'FadeIn' is defined but never used. Allowed unused vars must match /^_/u.  @typescript-eslint/no-unused-vars
12:10  Warning: 'Eye' is defined but never used.  unused-imports/no-unused-imports
12:10  Warning: 'Eye' is defined but never used. Allowed unused vars must match /^_/u.  @typescript-eslint/no-unused-vars
12:23  Warning: 'Zap' is defined but never used.  unused-imports/no-unused-imports
12:23  Warning: 'Zap' is defined but never used. Allowed unused vars must match /^_/u.  @typescript-eslint/no-unused-vars
12:54  Warning: 'Lock' is defined but never used.  unused-imports/no-unused-imports
12:54  Warning: 'Lock' is defined but never used. Allowed unused vars must match /^_/u.  @typescript-eslint/no-unused-vars
12:73  Warning: 'Layers' is defined but never used.  unused-imports/no-unused-imports
12:73  Warning: 'Layers' is defined but never used. Allowed unused vars must match /^_/u.  @typescript-eslint/no-unused-vars
12:81  Warning: 'Database' is defined but never used.  unused-imports/no-unused-imports
12:81  Warning: 'Database' is defined but never used. Allowed unused vars must match /^_/u.  @typescript-eslint/no-unused-vars
12:127  Warning: 'Server' is defined but never used.  unused-imports/no-unused-imports
12:127  Warning: 'Server' is defined but never used. Allowed unused vars must match /^_/u.  @typescript-eslint/no-unused-vars
12:135  Warning: 'AlertCircle' is defined but never used.  unused-imports/no-unused-imports
12:135  Warning: 'AlertCircle' is defined but never used. Allowed unused vars must match /^_/u.  @typescript-eslint/no-unused-vars
12:161  Warning: 'Terminal' is defined but never used.  unused-imports/no-unused-imports
12:161  Warning: 'Terminal' is defined but never used. Allowed unused vars must match /^_/u.  @typescript-eslint/no-unused-vars
12:181  Warning: 'Cpu' is defined but never used.  unused-imports/no-unused-imports
12:181  Warning: 'Cpu' is defined but never used. Allowed unused vars must match /^_/u.  @typescript-eslint/no-unused-vars
12:186  Warning: 'Network' is defined but never used.  unused-imports/no-unused-imports
12:186  Warning: 'Network' is defined but never used. Allowed unused vars must match /^_/u.  @typescript-eslint/no-unused-vars
12:195  Warning: 'Clock' is defined but never used.  unused-imports/no-unused-imports
12:195  Warning: 'Clock' is defined but never used. Allowed unused vars must match /^_/u.  @typescript-eslint/no-unused-vars
15:1  Warning: 'react' import is duplicated.  no-duplicate-imports
424:52  Warning: 'index' is defined but never used. Allowed unused args must match /^_/u.  unused-imports/no-unused-vars
424:52  Warning: 'index' is defined but never used. Allowed unused args must match /^_/u.  @typescript-eslint/no-unused-vars

./app/[locale]/technology/page.tsx
6:10  Warning: 'targetQuestions' is defined but never used.  unused-imports/no-unused-imports
6:10  Warning: 'targetQuestions' is defined but never used. Allowed unused vars must match /^_/u.  @typescript-eslint/no-unused-vars

./app/[locale]/technology/privacy-features/page.tsx
12:8  Warning: 'dynamic' is defined but never used.  unused-imports/no-unused-imports
12:8  Warning: 'dynamic' is defined but never used. Allowed unused vars must match /^_/u.  @typescript-eslint/no-unused-vars
28:7  Warning: 'itemVariants' is assigned a value but never used. Allowed unused vars must match /^_/u.  unused-imports/no-unused-vars
28:7  Warning: 'itemVariants' is assigned a value but never used. Allowed unused vars must match /^_/u.  @typescript-eslint/no-unused-vars
75:9  Warning: 'ADVANTAGES' is assigned a value but never used. Allowed unused vars must match /^_/u.  unused-imports/no-unused-vars
75:9  Warning: 'ADVANTAGES' is assigned a value but never used. Allowed unused vars must match /^_/u.  @typescript-eslint/no-unused-vars

./app/[locale]/technology/secure-pow/page.tsx
10:10  Warning: 'SectionHeading' is defined but never used.  unused-imports/no-unused-imports
10:10  Warning: 'SectionHeading' is defined but never used. Allowed unused vars must match /^_/u.  @typescript-eslint/no-unused-vars
12:95  Warning: 'LinkIcon' is defined but never used.  unused-imports/no-unused-imports
12:95  Warning: 'LinkIcon' is defined but never used. Allowed unused vars must match /^_/u.  @typescript-eslint/no-unused-vars
12:105  Warning: 'BookOpen' is defined but never used.  unused-imports/no-unused-imports
12:105  Warning: 'BookOpen' is defined but never used. Allowed unused vars must match /^_/u.  @typescript-eslint/no-unused-vars
259:52  Warning: 'index' is defined but never used. Allowed unused args must match /^_/u.  unused-imports/no-unused-vars
259:52  Warning: 'index' is defined but never used. Allowed unused args must match /^_/u.  @typescript-eslint/no-unused-vars
290:41  Warning: 'index' is defined but never used. Allowed unused args must match /^_/u.  unused-imports/no-unused-vars
290:41  Warning: 'index' is defined but never used. Allowed unused args must match /^_/u.  @typescript-eslint/no-unused-vars
378:45  Warning: 'index' is defined but never used. Allowed unused args must match /^_/u.  unused-imports/no-unused-vars
378:45  Warning: 'index' is defined but never used. Allowed unused args must match /^_/u.  @typescript-eslint/no-unused-vars

./app/[locale]/technology/storage-rent/layout.tsx
2:10  Warning: 'getTranslations' is defined but never used.  unused-imports/no-unused-imports
2:10  Warning: 'getTranslations' is defined but never used. Allowed unused vars must match /^_/u.  @typescript-eslint/no-unused-vars

./app/[locale]/technology/storage-rent/page.tsx
29:1  Warning: 'react' import is duplicated.  no-duplicate-imports
327:57  Warning: 'index' is defined but never used. Allowed unused args must match /^_/u.  unused-imports/no-unused-vars
327:57  Warning: 'index' is defined but never used. Allowed unused args must match /^_/u.  @typescript-eslint/no-unused-vars
361:41  Warning: 'index' is defined but never used. Allowed unused args must match /^_/u.  unused-imports/no-unused-vars
361:41  Warning: 'index' is defined but never used. Allowed unused args must match /^_/u.  @typescript-eslint/no-unused-vars
452:43  Warning: 'index' is defined but never used. Allowed unused args must match /^_/u.  unused-imports/no-unused-vars
452:43  Warning: 'index' is defined but never used. Allowed unused args must match /^_/u.  @typescript-eslint/no-unused-vars

./app/[locale]/technology/subblocks/page.tsx
8:10  Warning: 'Tabs' is defined but never used.  unused-imports/no-unused-imports
8:10  Warning: 'Tabs' is defined but never used. Allowed unused vars must match /^_/u.  @typescript-eslint/no-unused-vars
8:16  Warning: 'TabsContent' is defined but never used.  unused-imports/no-unused-imports
8:16  Warning: 'TabsContent' is defined but never used. Allowed unused vars must match /^_/u.  @typescript-eslint/no-unused-vars
8:29  Warning: 'TabsList' is defined but never used.  unused-imports/no-unused-imports
8:29  Warning: 'TabsList' is defined but never used. Allowed unused vars must match /^_/u.  @typescript-eslint/no-unused-vars
8:39  Warning: 'TabsTrigger' is defined but never used.  unused-imports/no-unused-imports
8:39  Warning: 'TabsTrigger' is defined but never used. Allowed unused vars must match /^_/u.  @typescript-eslint/no-unused-vars
11:10  Warning: 'FadeIn' is defined but never used.  unused-imports/no-unused-imports
11:10  Warning: 'FadeIn' is defined but never used. Allowed unused vars must match /^_/u.  @typescript-eslint/no-unused-vars
12:10  Warning: 'Rocket' is defined but never used.  unused-imports/no-unused-imports
12:10  Warning: 'Rocket' is defined but never used. Allowed unused vars must match /^_/u.  @typescript-eslint/no-unused-vars
12:26  Warning: 'Zap' is defined but never used.  unused-imports/no-unused-imports
12:26  Warning: 'Zap' is defined but never used. Allowed unused vars must match /^_/u.  @typescript-eslint/no-unused-vars
12:31  Warning: 'ExternalLink' is defined but never used.  unused-imports/no-unused-imports
12:31  Warning: 'ExternalLink' is defined but never used. Allowed unused vars must match /^_/u.  @typescript-eslint/no-unused-vars
12:45  Warning: 'ArrowRight' is defined but never used.  unused-imports/no-unused-imports
12:45  Warning: 'ArrowRight' is defined but never used. Allowed unused vars must match /^_/u.  @typescript-eslint/no-unused-vars
12:70  Warning: 'Lock' is defined but never used.  unused-imports/no-unused-imports
12:70  Warning: 'Lock' is defined but never used. Allowed unused vars must match /^_/u.  @typescript-eslint/no-unused-vars
12:76  Warning: 'CheckCircle' is defined but never used.  unused-imports/no-unused-imports
12:76  Warning: 'CheckCircle' is defined but never used. Allowed unused vars must match /^_/u.  @typescript-eslint/no-unused-vars
12:164  Warning: 'Globe' is defined but never used.  unused-imports/no-unused-imports
12:164  Warning: 'Globe' is defined but never used. Allowed unused vars must match /^_/u.  @typescript-eslint/no-unused-vars
12:171  Warning: 'Terminal' is defined but never used.  unused-imports/no-unused-imports
12:171  Warning: 'Terminal' is defined but never used. Allowed unused vars must match /^_/u.  @typescript-eslint/no-unused-vars
12:181  Warning: 'BookOpen' is defined but never used.  unused-imports/no-unused-imports
12:181  Warning: 'BookOpen' is defined but never used. Allowed unused vars must match /^_/u.  @typescript-eslint/no-unused-vars
41:10  Warning: 'activeTab' is assigned a value but never used. Allowed unused vars must match /^_/u.  unused-imports/no-unused-vars
41:10  Warning: 'activeTab' is assigned a value but never used. Allowed unused vars must match /^_/u.  @typescript-eslint/no-unused-vars
41:21  Warning: 'setActiveTab' is assigned a value but never used. Allowed unused vars must match /^_/u.  unused-imports/no-unused-vars
41:21  Warning: 'setActiveTab' is assigned a value but never used. Allowed unused vars must match /^_/u.  @typescript-eslint/no-unused-vars
315:41  Warning: 'index' is defined but never used. Allowed unused args must match /^_/u.  unused-imports/no-unused-vars
315:41  Warning: 'index' is defined but never used. Allowed unused args must match /^_/u.  @typescript-eslint/no-unused-vars
364:48  Warning: 'index' is defined but never used. Allowed unused args must match /^_/u.  unused-imports/no-unused-vars
364:48  Warning: 'index' is defined but never used. Allowed unused args must match /^_/u.  @typescript-eslint/no-unused-vars
409:41  Warning: 'index' is defined but never used. Allowed unused args must match /^_/u.  unused-imports/no-unused-vars
409:41  Warning: 'index' is defined but never used. Allowed unused args must match /^_/u.  @typescript-eslint/no-unused-vars

./app/[locale]/technology/velvet-forks/page.tsx
7:10  Warning: 'Tabs' is defined but never used.  unused-imports/no-unused-imports
7:10  Warning: 'Tabs' is defined but never used. Allowed unused vars must match /^_/u.  @typescript-eslint/no-unused-vars
7:16  Warning: 'TabsContent' is defined but never used.  unused-imports/no-unused-imports
7:16  Warning: 'TabsContent' is defined but never used. Allowed unused vars must match /^_/u.  @typescript-eslint/no-unused-vars
7:29  Warning: 'TabsList' is defined but never used.  unused-imports/no-unused-imports
7:29  Warning: 'TabsList' is defined but never used. Allowed unused vars must match /^_/u.  @typescript-eslint/no-unused-vars
7:39  Warning: 'TabsTrigger' is defined but never used.  unused-imports/no-unused-imports
7:39  Warning: 'TabsTrigger' is defined but never used. Allowed unused vars must match /^_/u.  @typescript-eslint/no-unused-vars
11:29  Warning: 'Zap' is defined but never used.  unused-imports/no-unused-imports
11:29  Warning: 'Zap' is defined but never used. Allowed unused vars must match /^_/u.  @typescript-eslint/no-unused-vars
11:48  Warning: 'ArrowRight' is defined but never used.  unused-imports/no-unused-imports
11:48  Warning: 'ArrowRight' is defined but never used. Allowed unused vars must match /^_/u.  @typescript-eslint/no-unused-vars
11:189  Warning: 'Clock' is defined but never used.  unused-imports/no-unused-imports
11:189  Warning: 'Clock' is defined but never used. Allowed unused vars must match /^_/u.  @typescript-eslint/no-unused-vars
11:196  Warning: 'BarChart3' is defined but never used.  unused-imports/no-unused-imports
11:196  Warning: 'BarChart3' is defined but never used. Allowed unused vars must match /^_/u.  @typescript-eslint/no-unused-vars
14:1  Warning: 'react' import is duplicated.  no-duplicate-imports
42:10  Warning: 'activeTab' is assigned a value but never used. Allowed unused vars must match /^_/u.  unused-imports/no-unused-vars
42:10  Warning: 'activeTab' is assigned a value but never used. Allowed unused vars must match /^_/u.  @typescript-eslint/no-unused-vars
42:21  Warning: 'setActiveTab' is assigned a value but never used. Allowed unused vars must match /^_/u.  unused-imports/no-unused-vars
42:21  Warning: 'setActiveTab' is assigned a value but never used. Allowed unused vars must match /^_/u.  @typescript-eslint/no-unused-vars
256:37  Warning: 'i' is defined but never used. Allowed unused args must match /^_/u.  unused-imports/no-unused-vars
256:37  Warning: 'i' is defined but never used. Allowed unused args must match /^_/u.  @typescript-eslint/no-unused-vars

./app/[locale]/ui-kit/page.tsx
11:3  Warning: 'Code' is defined but never used.  unused-imports/no-unused-imports
11:3  Warning: 'Code' is defined but never used. Allowed unused vars must match /^_/u.  @typescript-eslint/no-unused-vars
12:3  Warning: 'ExternalLink' is defined but never used.  unused-imports/no-unused-imports
12:3  Warning: 'ExternalLink' is defined but never used. Allowed unused vars must match /^_/u.  @typescript-eslint/no-unused-vars
13:3  Warning: 'ArrowRight' is defined but never used.  unused-imports/no-unused-imports
13:3  Warning: 'ArrowRight' is defined but never used. Allowed unused vars must match /^_/u.  @typescript-eslint/no-unused-vars
14:3  Warning: 'CheckCircle' is defined but never used.  unused-imports/no-unused-imports
14:3  Warning: 'CheckCircle' is defined but never used. Allowed unused vars must match /^_/u.  @typescript-eslint/no-unused-vars
16:8  Warning: 'Link' is defined but never used.  unused-imports/no-unused-imports
16:8  Warning: 'Link' is defined but never used. Allowed unused vars must match /^_/u.  @typescript-eslint/no-unused-vars

./app/[locale]/use/UseClient.tsx
8:10  Warning: 'Badge' is defined but never used.  unused-imports/no-unused-imports
8:10  Warning: 'Badge' is defined but never used. Allowed unused vars must match /^_/u.  @typescript-eslint/no-unused-vars
9:29  Warning: 'useEffect' is defined but never used.  unused-imports/no-unused-imports
9:29  Warning: 'useEffect' is defined but never used. Allowed unused vars must match /^_/u.  @typescript-eslint/no-unused-vars
85:9  Warning: 'localizedPath' is assigned a value but never used. Allowed unused vars must match /^_/u.  unused-imports/no-unused-vars
85:9  Warning: 'localizedPath' is assigned a value but never used. Allowed unused vars must match /^_/u.  @typescript-eslint/no-unused-vars
93:16  Error: Expected '===' and instead saw '=='.  eqeqeq
96:59  Warning: Unexpected any. Specify a different type.  @typescript-eslint/no-explicit-any
97:39  Warning: Unexpected any. Specify a different type.  @typescript-eslint/no-explicit-any
110:8  Warning: React Hook useMemo has a missing dependency: 'nodeToPlainText'. Either include it or remove the dependency array.  react-hooks/exhaustive-deps

./app/[locale]/use/babel-fees/BabelFeesClient.tsx
44:10  Warning: 'isExpanded' is assigned a value but never used. Allowed unused vars must match /^_/u.  unused-imports/no-unused-vars
44:10  Warning: 'isExpanded' is assigned a value but never used. Allowed unused vars must match /^_/u.  @typescript-eslint/no-unused-vars
44:22  Warning: 'setIsExpanded' is assigned a value but never used. Allowed unused vars must match /^_/u.  unused-imports/no-unused-vars
44:22  Warning: 'setIsExpanded' is assigned a value but never used. Allowed unused vars must match /^_/u.  @typescript-eslint/no-unused-vars

./app/[locale]/use/bridges/page.tsx
10:10  Warning: 'FadeIn' is defined but never used.  unused-imports/no-unused-imports
10:10  Warning: 'FadeIn' is defined but never used. Allowed unused vars must match /^_/u.  @typescript-eslint/no-unused-vars
11:62  Warning: 'CheckCircle' is defined but never used.  unused-imports/no-unused-imports
11:62  Warning: 'CheckCircle' is defined but never used. Allowed unused vars must match /^_/u.  @typescript-eslint/no-unused-vars
11:99  Warning: 'Code' is defined but never used.  unused-imports/no-unused-imports
11:99  Warning: 'Code' is defined but never used. Allowed unused vars must match /^_/u.  @typescript-eslint/no-unused-vars
14:1  Warning: 'react' import is duplicated.  no-duplicate-imports

./app/[locale]/use/daos/page.tsx
10:10  Warning: 'FadeIn' is defined but never used.  unused-imports/no-unused-imports
10:10  Warning: 'FadeIn' is defined but never used. Allowed unused vars must match /^_/u.  @typescript-eslint/no-unused-vars
11:56  Warning: 'Lock' is defined but never used.  unused-imports/no-unused-imports
11:56  Warning: 'Lock' is defined but never used. Allowed unused vars must match /^_/u.  @typescript-eslint/no-unused-vars
11:62  Warning: 'CheckCircle' is defined but never used.  unused-imports/no-unused-imports
11:62  Warning: 'CheckCircle' is defined but never used. Allowed unused vars must match /^_/u.  @typescript-eslint/no-unused-vars
11:103  Warning: 'Code' is defined but never used.  unused-imports/no-unused-imports
11:103  Warning: 'Code' is defined but never used. Allowed unused vars must match /^_/u.  @typescript-eslint/no-unused-vars
14:1  Warning: 'react' import is duplicated.  no-duplicate-imports

./app/[locale]/use/gaming/page.tsx
10:10  Warning: 'FadeIn' is defined but never used.  unused-imports/no-unused-imports
10:10  Warning: 'FadeIn' is defined but never used. Allowed unused vars must match /^_/u.  @typescript-eslint/no-unused-vars
11:60  Warning: 'Lock' is defined but never used.  unused-imports/no-unused-imports
11:60  Warning: 'Lock' is defined but never used. Allowed unused vars must match /^_/u.  @typescript-eslint/no-unused-vars
11:121  Warning: 'BookOpen' is defined but never used.  unused-imports/no-unused-imports
11:121  Warning: 'BookOpen' is defined but never used. Allowed unused vars must match /^_/u.  @typescript-eslint/no-unused-vars
14:1  Warning: 'react' import is duplicated.  no-duplicate-imports

./app/[locale]/use/get-erg/GetErgClient.tsx
13:3  Warning: 'Repeat' is defined but never used.  unused-imports/no-unused-imports
13:3  Warning: 'Repeat' is defined but never used. Allowed unused vars must match /^_/u.  @typescript-eslint/no-unused-vars
14:3  Warning: 'HelpCircle' is defined but never used.  unused-imports/no-unused-imports
14:3  Warning: 'HelpCircle' is defined but never used. Allowed unused vars must match /^_/u.  @typescript-eslint/no-unused-vars
17:29  Warning: 'CardHeader' is defined but never used.  unused-imports/no-unused-imports
17:29  Warning: 'CardHeader' is defined but never used. Allowed unused vars must match /^_/u.  @typescript-eslint/no-unused-vars
17:41  Warning: 'CardTitle' is defined but never used.  unused-imports/no-unused-imports
17:41  Warning: 'CardTitle' is defined but never used. Allowed unused vars must match /^_/u.  @typescript-eslint/no-unused-vars
18:10  Warning: 'Badge' is defined but never used.  unused-imports/no-unused-imports
18:10  Warning: 'Badge' is defined but never used. Allowed unused vars must match /^_/u.  @typescript-eslint/no-unused-vars
24:10  Warning: 'selectedExchange' is assigned a value but never used. Allowed unused vars must match /^_/u.  unused-imports/no-unused-vars
24:10  Warning: 'selectedExchange' is assigned a value but never used. Allowed unused vars must match /^_/u.  @typescript-eslint/no-unused-vars
24:28  Warning: 'setSelectedExchange' is assigned a value but never used. Allowed unused vars must match /^_/u.  unused-imports/no-unused-vars
24:28  Warning: 'setSelectedExchange' is assigned a value but never used. Allowed unused vars must match /^_/u.  @typescript-eslint/no-unused-vars

./app/[locale]/use/identity/page.tsx
10:10  Warning: 'FadeIn' is defined but never used.  unused-imports/no-unused-imports
10:10  Warning: 'FadeIn' is defined but never used. Allowed unused vars must match /^_/u.  @typescript-eslint/no-unused-vars
11:81  Warning: 'Layers' is defined but never used.  unused-imports/no-unused-imports
11:81  Warning: 'Layers' is defined but never used. Allowed unused vars must match /^_/u.  @typescript-eslint/no-unused-vars
11:109  Warning: 'Code' is defined but never used.  unused-imports/no-unused-imports
11:109  Warning: 'Code' is defined but never used. Allowed unused vars must match /^_/u.  @typescript-eslint/no-unused-vars
14:1  Warning: 'react' import is duplicated.  no-duplicate-imports

./app/[locale]/use/mining/MiningClient.tsx
10:10  Warning: 'FadeIn' is defined but never used.  unused-imports/no-unused-imports
10:10  Warning: 'FadeIn' is defined but never used. Allowed unused vars must match /^_/u.  @typescript-eslint/no-unused-vars
11:10  Warning: 'CyberCard' is defined but never used.  unused-imports/no-unused-imports
11:10  Warning: 'CyberCard' is defined but never used. Allowed unused vars must match /^_/u.  @typescript-eslint/no-unused-vars
38:7  Warning: 'containerVariants' is assigned a value but never used. Allowed unused vars must match /^_/u.  unused-imports/no-unused-vars
38:7  Warning: 'containerVariants' is assigned a value but never used. Allowed unused vars must match /^_/u.  @typescript-eslint/no-unused-vars
48:7  Warning: 'itemVariants' is assigned a value but never used. Allowed unused vars must match /^_/u.  unused-imports/no-unused-vars
48:7  Warning: 'itemVariants' is assigned a value but never used. Allowed unused vars must match /^_/u.  @typescript-eslint/no-unused-vars

./app/[locale]/use/nfts/page.tsx
10:10  Warning: 'FadeIn' is defined but never used.  unused-imports/no-unused-imports
10:10  Warning: 'FadeIn' is defined but never used. Allowed unused vars must match /^_/u.  @typescript-eslint/no-unused-vars
11:58  Warning: 'Lock' is defined but never used.  unused-imports/no-unused-imports
11:58  Warning: 'Lock' is defined but never used. Allowed unused vars must match /^_/u.  @typescript-eslint/no-unused-vars
11:64  Warning: 'CheckCircle' is defined but never used.  unused-imports/no-unused-imports
11:64  Warning: 'CheckCircle' is defined but never used. Allowed unused vars must match /^_/u.  @typescript-eslint/no-unused-vars
11:115  Warning: 'BookOpen' is defined but never used.  unused-imports/no-unused-imports
11:115  Warning: 'BookOpen' is defined but never used. Allowed unused vars must match /^_/u.  @typescript-eslint/no-unused-vars
14:1  Warning: 'react' import is duplicated.  no-duplicate-imports
256:37  Warning: Image elements must have an alt prop, either with meaningful text, or an empty string for decorative images.  jsx-a11y/alt-text

./app/[locale]/use/oracles/page.tsx
10:10  Warning: 'FadeIn' is defined but never used.  unused-imports/no-unused-imports
10:10  Warning: 'FadeIn' is defined but never used. Allowed unused vars must match /^_/u.  @typescript-eslint/no-unused-vars
11:59  Warning: 'Lock' is defined but never used.  unused-imports/no-unused-imports
11:59  Warning: 'Lock' is defined but never used. Allowed unused vars must match /^_/u.  @typescript-eslint/no-unused-vars
11:65  Warning: 'CheckCircle' is defined but never used.  unused-imports/no-unused-imports
11:65  Warning: 'CheckCircle' is defined but never used. Allowed unused vars must match /^_/u.  @typescript-eslint/no-unused-vars
11:104  Warning: 'Code' is defined but never used.  unused-imports/no-unused-imports
11:104  Warning: 'Code' is defined but never used. Allowed unused vars must match /^_/u.  @typescript-eslint/no-unused-vars
11:120  Warning: 'BookOpen' is defined but never used.  unused-imports/no-unused-imports
11:120  Warning: 'BookOpen' is defined but never used. Allowed unused vars must match /^_/u.  @typescript-eslint/no-unused-vars
14:1  Warning: 'react' import is duplicated.  no-duplicate-imports

./app/[locale]/use/privacy/page.tsx
10:10  Warning: 'FadeIn' is defined but never used.  unused-imports/no-unused-imports
10:10  Warning: 'FadeIn' is defined but never used. Allowed unused vars must match /^_/u.  @typescript-eslint/no-unused-vars
11:24  Warning: 'Eye' is defined but never used.  unused-imports/no-unused-imports
11:24  Warning: 'Eye' is defined but never used. Allowed unused vars must match /^_/u.  @typescript-eslint/no-unused-vars
11:75  Warning: 'Zap' is defined but never used.  unused-imports/no-unused-imports
11:75  Warning: 'Zap' is defined but never used. Allowed unused vars must match /^_/u.  @typescript-eslint/no-unused-vars
11:88  Warning: 'Code' is defined but never used.  unused-imports/no-unused-imports
11:88  Warning: 'Code' is defined but never used. Allowed unused vars must match /^_/u.  @typescript-eslint/no-unused-vars
11:127  Warning: 'ShieldCheck' is defined but never used.  unused-imports/no-unused-imports
11:127  Warning: 'ShieldCheck' is defined but never used. Allowed unused vars must match /^_/u.  @typescript-eslint/no-unused-vars
14:1  Warning: 'react' import is duplicated.  no-duplicate-imports

./app/[locale]/use/stablecoins/page.tsx
10:10  Warning: 'FadeIn' is defined but never used.  unused-imports/no-unused-imports
10:10  Warning: 'FadeIn' is defined but never used. Allowed unused vars must match /^_/u.  @typescript-eslint/no-unused-vars
11:10  Warning: 'TrendingUp' is defined but never used.  unused-imports/no-unused-imports
11:10  Warning: 'TrendingUp' is defined but never used. Allowed unused vars must match /^_/u.  @typescript-eslint/no-unused-vars
11:61  Warning: 'Lock' is defined but never used.  unused-imports/no-unused-imports
11:61  Warning: 'Lock' is defined but never used. Allowed unused vars must match /^_/u.  @typescript-eslint/no-unused-vars
11:67  Warning: 'CheckCircle' is defined but never used.  unused-imports/no-unused-imports
11:67  Warning: 'CheckCircle' is defined but never used. Allowed unused vars must match /^_/u.  @typescript-eslint/no-unused-vars
11:111  Warning: 'Activity' is defined but never used.  unused-imports/no-unused-imports
11:111  Warning: 'Activity' is defined but never used. Allowed unused vars must match /^_/u.  @typescript-eslint/no-unused-vars
11:128  Warning: 'Code' is defined but never used.  unused-imports/no-unused-imports
11:128  Warning: 'Code' is defined but never used. Allowed unused vars must match /^_/u.  @typescript-eslint/no-unused-vars
14:1  Warning: 'react' import is duplicated.  no-duplicate-imports

./app/[locale]/wallet/WalletClient.tsx
7:29  Warning: 'CardHeader' is defined but never used.  unused-imports/no-unused-imports
7:29  Warning: 'CardHeader' is defined but never used. Allowed unused vars must match /^_/u.  @typescript-eslint/no-unused-vars
7:41  Warning: 'CardTitle' is defined but never used.  unused-imports/no-unused-imports
7:41  Warning: 'CardTitle' is defined but never used. Allowed unused vars must match /^_/u.  @typescript-eslint/no-unused-vars
11:3  Warning: 'Download' is defined but never used.  unused-imports/no-unused-imports
11:3  Warning: 'Download' is defined but never used. Allowed unused vars must match /^_/u.  @typescript-eslint/no-unused-vars
26:1  Warning: 'lucide-react' import is duplicated.  no-duplicate-imports
170:9  Warning: 't' is assigned a value but never used. Allowed unused vars must match /^_/u.  unused-imports/no-unused-vars
170:9  Warning: 't' is assigned a value but never used. Allowed unused vars must match /^_/u.  @typescript-eslint/no-unused-vars
188:9  Warning: 'getTypeColor' is assigned a value but never used. Allowed unused vars must match /^_/u.  unused-imports/no-unused-vars
188:9  Warning: 'getTypeColor' is assigned a value but never used. Allowed unused vars must match /^_/u.  @typescript-eslint/no-unused-vars
302:38  Warning: 'index' is defined but never used. Allowed unused args must match /^_/u.  unused-imports/no-unused-vars
302:38  Warning: 'index' is defined but never used. Allowed unused args must match /^_/u.  @typescript-eslint/no-unused-vars

./app/[locale]/wallet/page.tsx
4:10  Warning: 'SchemaTypes' is defined but never used.  unused-imports/no-unused-imports
4:10  Warning: 'SchemaTypes' is defined but never used. Allowed unused vars must match /^_/u.  @typescript-eslint/no-unused-vars

./components/DocsSearchModal.tsx
2:66  Warning: 'Globe' is defined but never used.  unused-imports/no-unused-imports
2:66  Warning: 'Globe' is defined but never used. Allowed unused vars must match /^_/u.  @typescript-eslint/no-unused-vars
2:98  Warning: 'GitBranch' is defined but never used.  unused-imports/no-unused-imports
2:98  Warning: 'GitBranch' is defined but never used. Allowed unused vars must match /^_/u.  @typescript-eslint/no-unused-vars
348:35  Warning: 'i' is defined but never used. Allowed unused args must match /^_/u.  unused-imports/no-unused-vars
348:35  Warning: 'i' is defined but never used. Allowed unused args must match /^_/u.  @typescript-eslint/no-unused-vars

./components/GetErgCard.tsx
6:1  Warning: 'lucide-react' import is duplicated.  no-duplicate-imports

./components/SidebarMenu.tsx
9:65  Warning: Unexpected any. Specify a different type.  @typescript-eslint/no-explicit-any
17:46  Warning: Unexpected any. Specify a different type.  @typescript-eslint/no-explicit-any
21:28  Warning: 'e' is defined but never used. Allowed unused args must match /^_/u.  unused-imports/no-unused-vars
21:28  Warning: 'e' is defined but never used. Allowed unused args must match /^_/u.  @typescript-eslint/no-unused-vars
52:35  Warning: Unexpected any. Specify a different type.  @typescript-eslint/no-explicit-any
82:9  Warning: 'activeSection' is assigned a value but never used. Allowed unused vars must match /^_/u.  unused-imports/no-unused-vars
82:9  Warning: 'activeSection' is assigned a value but never used. Allowed unused vars must match /^_/u.  @typescript-eslint/no-unused-vars
87:36  Warning: Unexpected any. Specify a different type.  @typescript-eslint/no-explicit-any
102:45  Warning: Unexpected any. Specify a different type.  @typescript-eslint/no-explicit-any
117:46  Warning: Unexpected any. Specify a different type.  @typescript-eslint/no-explicit-any

./components/analytics/web-vitals-rum.tsx
10:40  Warning: Unexpected any. Specify a different type.  @typescript-eslint/no-explicit-any
52:11  Warning: Unexpected console statement.  no-console

./components/analytics/web-vitals-tracker.tsx
17:34  Warning: Unexpected any. Specify a different type.  @typescript-eslint/no-explicit-any
30:51  Warning: Unexpected any. Specify a different type.  @typescript-eslint/no-explicit-any
31:16  Warning: Unexpected any. Specify a different type.  @typescript-eslint/no-explicit-any
56:42  Warning: Unexpected any. Specify a different type.  @typescript-eslint/no-explicit-any
110:14  Warning: 'e' is defined but never used.  unused-imports/no-unused-vars
110:14  Warning: 'e' is defined but never used.  @typescript-eslint/no-unused-vars
148:16  Warning: 'e' is defined but never used.  unused-imports/no-unused-vars
148:16  Warning: 'e' is defined but never used.  @typescript-eslint/no-unused-vars

./components/animations/animated-nav.tsx
65:46  Warning: 'childIndex' is defined but never used. Allowed unused args must match /^_/u.  unused-imports/no-unused-vars
65:46  Warning: 'childIndex' is defined but never used. Allowed unused args must match /^_/u.  @typescript-eslint/no-unused-vars

./components/animations/hexagon-grid.tsx
108:30  Warning: 'index' is defined but never used. Allowed unused args must match /^_/u.  unused-imports/no-unused-vars
108:30  Warning: 'index' is defined but never used. Allowed unused args must match /^_/u.  @typescript-eslint/no-unused-vars

./components/animations/page-transition.tsx
5:1  Warning: 'react' import is duplicated.  no-duplicate-imports

./components/demo/ICUDemo.tsx
15:9  Warning: 'icu' is assigned a value but never used. Allowed unused vars must match /^_/u.  unused-imports/no-unused-vars
15:9  Warning: 'icu' is assigned a value but never used. Allowed unused vars must match /^_/u.  @typescript-eslint/no-unused-vars

./components/footer-newsletter.tsx
14:36  Warning: 'showOnHomepage' is assigned a value but never used. Allowed unused args must match /^_/u.  unused-imports/no-unused-vars
14:36  Warning: 'showOnHomepage' is assigned a value but never used. Allowed unused args must match /^_/u.  @typescript-eslint/no-unused-vars
20:9  Warning: 'pathname' is assigned a value but never used. Allowed unused vars must match /^_/u.  unused-imports/no-unused-vars
20:9  Warning: 'pathname' is assigned a value but never used. Allowed unused vars must match /^_/u.  @typescript-eslint/no-unused-vars

./components/guides/guides-filters.tsx
5:18  Warning: 'Filter' is defined but never used.  unused-imports/no-unused-imports
5:18  Warning: 'Filter' is defined but never used. Allowed unused vars must match /^_/u.  @typescript-eslint/no-unused-vars

./components/home/audience-paths-localized.tsx
29:9  Warning: 'locale' is assigned a value but never used. Allowed unused vars must match /^_/u.  unused-imports/no-unused-vars
29:9  Warning: 'locale' is assigned a value but never used. Allowed unused vars must match /^_/u.  @typescript-eslint/no-unused-vars

./components/home/audience-paths.tsx
5:50  Warning: 'ExternalLink' is defined but never used.  unused-imports/no-unused-imports
5:50  Warning: 'ExternalLink' is defined but never used. Allowed unused vars must match /^_/u.  @typescript-eslint/no-unused-vars

./components/home/blog-section-localized.tsx
9:9  Warning: 't' is assigned a value but never used. Allowed unused vars must match /^_/u.  unused-imports/no-unused-vars
9:9  Warning: 't' is assigned a value but never used. Allowed unused vars must match /^_/u.  @typescript-eslint/no-unused-vars
10:9  Warning: 'locale' is assigned a value but never used. Allowed unused vars must match /^_/u.  unused-imports/no-unused-vars
10:9  Warning: 'locale' is assigned a value but never used. Allowed unused vars must match /^_/u.  @typescript-eslint/no-unused-vars

./components/home/core-pillars-localized.tsx
9:9  Warning: 'locale' is assigned a value but never used. Allowed unused vars must match /^_/u.  unused-imports/no-unused-vars
9:9  Warning: 'locale' is assigned a value but never used. Allowed unused vars must match /^_/u.  @typescript-eslint/no-unused-vars

./components/home/cta-section.tsx
7:38  Warning: 'Users' is defined but never used.  unused-imports/no-unused-imports
7:38  Warning: 'Users' is defined but never used. Allowed unused vars must match /^_/u.  @typescript-eslint/no-unused-vars
16:9  Warning: 'animationConfig' is assigned a value but never used. Allowed unused vars must match /^_/u.  unused-imports/no-unused-vars
16:9  Warning: 'animationConfig' is assigned a value but never used. Allowed unused vars must match /^_/u.  @typescript-eslint/no-unused-vars

./components/home/differentiator-card.tsx
25:54  Warning: 'index' is defined but never used. Allowed unused args must match /^_/u.  unused-imports/no-unused-vars
25:54  Warning: 'index' is defined but never used. Allowed unused args must match /^_/u.  @typescript-eslint/no-unused-vars

./components/home/ecosystem-section.tsx
1:8  Warning: 'Image' is defined but never used.  unused-imports/no-unused-imports
1:8  Warning: 'Image' is defined but never used. Allowed unused vars must match /^_/u.  @typescript-eslint/no-unused-vars

./components/home/ecosystem-showcase-localized.tsx
17:9  Warning: 'locale' is assigned a value but never used. Allowed unused vars must match /^_/u.  unused-imports/no-unused-vars
17:9  Warning: 'locale' is assigned a value but never used. Allowed unused vars must match /^_/u.  @typescript-eslint/no-unused-vars

./components/home/feature-comparison-section.tsx
14:9  Warning: 'animationConfig' is assigned a value but never used. Allowed unused vars must match /^_/u.  unused-imports/no-unused-vars
14:9  Warning: 'animationConfig' is assigned a value but never used. Allowed unused vars must match /^_/u.  @typescript-eslint/no-unused-vars

./components/home/hero-section.tsx
58:6  Warning: React Hook useEffect has a missing dependency: 'HERO_MESSAGES'. Either include it or remove the dependency array.  react-hooks/exhaustive-deps
135:37  Warning: 'index' is defined but never used. Allowed unused args must match /^_/u.  unused-imports/no-unused-vars
135:37  Warning: 'index' is defined but never used. Allowed unused args must match /^_/u.  @typescript-eslint/no-unused-vars

./components/home/manifesto-localized.tsx
6:9  Warning: 'locale' is assigned a value but never used. Allowed unused vars must match /^_/u.  unused-imports/no-unused-vars
6:9  Warning: 'locale' is assigned a value but never used. Allowed unused vars must match /^_/u.  @typescript-eslint/no-unused-vars

./components/home/social-proof-section.tsx
14:9  Warning: 'animationConfig' is assigned a value but never used. Allowed unused vars must match /^_/u.  unused-imports/no-unused-vars
14:9  Warning: 'animationConfig' is assigned a value but never used. Allowed unused vars must match /^_/u.  @typescript-eslint/no-unused-vars

./components/home/testimonials-section.tsx
14:9  Warning: 'animationConfig' is assigned a value but never used. Allowed unused vars must match /^_/u.  unused-imports/no-unused-vars
14:9  Warning: 'animationConfig' is assigned a value but never used. Allowed unused vars must match /^_/u.  @typescript-eslint/no-unused-vars

./components/home/value-proposition-section.tsx
16:9  Warning: 'animationConfig' is assigned a value but never used. Allowed unused vars must match /^_/u.  unused-imports/no-unused-vars
16:9  Warning: 'animationConfig' is assigned a value but never used. Allowed unused vars must match /^_/u.  @typescript-eslint/no-unused-vars

./components/home/why-ergo-localized.tsx
9:9  Warning: 'locale' is assigned a value but never used. Allowed unused vars must match /^_/u.  unused-imports/no-unused-vars
9:9  Warning: 'locale' is assigned a value but never used. Allowed unused vars must match /^_/u.  @typescript-eslint/no-unused-vars

./components/language-switcher.tsx
13:9  Warning: 'nextIntlLocale' is assigned a value but never used. Allowed unused vars must match /^_/u.  unused-imports/no-unused-vars
13:9  Warning: 'nextIntlLocale' is assigned a value but never used. Allowed unused vars must match /^_/u.  @typescript-eslint/no-unused-vars

./components/main-nav.tsx
30:14  Warning: 'error' is defined but never used.  unused-imports/no-unused-vars
30:14  Warning: 'error' is defined but never used.  @typescript-eslint/no-unused-vars
78:14  Warning: 'error' is defined but never used.  unused-imports/no-unused-vars
78:14  Warning: 'error' is defined but never used.  @typescript-eslint/no-unused-vars

./components/mining/PoolCard.tsx
6:10  Warning: 'Badge' is defined but never used.  unused-imports/no-unused-imports
6:10  Warning: 'Badge' is defined but never used. Allowed unused vars must match /^_/u.  @typescript-eslint/no-unused-vars

./components/mobile-nav.tsx
38:14  Warning: 'error' is defined but never used.  unused-imports/no-unused-vars
38:14  Warning: 'error' is defined but never used.  @typescript-eslint/no-unused-vars

./components/performance/bundle-optimizer.tsx
3:1  Warning: 'react' import is duplicated.  no-duplicate-imports

./components/performance/cls-prevention.tsx
129:24  Warning: Unexpected any. Specify a different type.  @typescript-eslint/no-explicit-any
130:33  Warning: Unexpected any. Specify a different type.  @typescript-eslint/no-explicit-any

./components/performance/core-web-vitals-tracker.tsx
5:11  Warning: 'WebVitalsMetric' is defined but never used. Allowed unused vars must match /^_/u.  unused-imports/no-unused-vars
5:11  Warning: 'WebVitalsMetric' is defined but never used. Allowed unused vars must match /^_/u.  @typescript-eslint/no-unused-vars
22:9  Warning: Unexpected console statement.  no-console
37:9  Warning: Unexpected console statement.  no-console
50:9  Warning: Unexpected console statement.  no-console
67:9  Warning: Unexpected console statement.  no-console
80:9  Warning: Unexpected console statement.  no-console
97:16  Warning: Unexpected any. Specify a different type.  @typescript-eslint/no-explicit-any

./components/performance/lazy-loader.tsx
4:11  Warning: 'LazyLoaderProps' is defined but never used. Allowed unused vars must match /^_/u.  unused-imports/no-unused-vars
4:11  Warning: 'LazyLoaderProps' is defined but never used. Allowed unused vars must match /^_/u.  @typescript-eslint/no-unused-vars

./components/performance/optimize-imports.tsx
2:10  Warning: 'Suspense' is defined but never used.  unused-imports/no-unused-imports
2:10  Warning: 'Suspense' is defined but never used. Allowed unused vars must match /^_/u.  @typescript-eslint/no-unused-vars

./components/search/AlgoliaSearch.tsx
4:10  Warning: 'createAutocomplete' is defined but never used.  unused-imports/no-unused-imports
4:10  Warning: 'createAutocomplete' is defined but never used. Allowed unused vars must match /^_/u.  @typescript-eslint/no-unused-vars
7:45  Warning: 'ArrowDown' is defined but never used.  unused-imports/no-unused-imports
7:45  Warning: 'ArrowDown' is defined but never used. Allowed unused vars must match /^_/u.  @typescript-eslint/no-unused-vars
10:7  Warning: 'ALGOLIA_APP_ID' is assigned a value but never used. Allowed unused vars must match /^_/u.  unused-imports/no-unused-vars
10:7  Warning: 'ALGOLIA_APP_ID' is assigned a value but never used. Allowed unused vars must match /^_/u.  @typescript-eslint/no-unused-vars
11:7  Warning: 'ALGOLIA_SEARCH_API_KEY' is assigned a value but never used. Allowed unused vars must match /^_/u.  unused-imports/no-unused-vars
11:7  Warning: 'ALGOLIA_SEARCH_API_KEY' is assigned a value but never used. Allowed unused vars must match /^_/u.  @typescript-eslint/no-unused-vars
40:7  Warning: 'querySuggestionsPlugin' is assigned a value but never used. Allowed unused vars must match /^_/u.  unused-imports/no-unused-vars
40:7  Warning: 'querySuggestionsPlugin' is assigned a value but never used. Allowed unused vars must match /^_/u.  @typescript-eslint/no-unused-vars
42:30  Warning: Unexpected any. Specify a different type.  @typescript-eslint/no-explicit-any
65:7  Warning: 'algoliaInsightsPlugin' is assigned a value but never used. Allowed unused vars must match /^_/u.  unused-imports/no-unused-vars
65:7  Warning: 'algoliaInsightsPlugin' is assigned a value but never used. Allowed unused vars must match /^_/u.  @typescript-eslint/no-unused-vars
78:53  Warning: 'tag' is defined but never used. Allowed unused args must match /^_/u.  unused-imports/no-unused-vars
78:53  Warning: 'tag' is defined but never used. Allowed unused args must match /^_/u.  @typescript-eslint/no-unused-vars

./components/search/AlgoliaSearchReal.tsx
4:45  Warning: 'ArrowDown' is defined but never used.  unused-imports/no-unused-imports
4:45  Warning: 'ArrowDown' is defined but never used. Allowed unused vars must match /^_/u.  @typescript-eslint/no-unused-vars

./components/search/LocalSearch-localized.tsx
4:21  Warning: 'Tag' is defined but never used.  unused-imports/no-unused-imports
4:21  Warning: 'Tag' is defined but never used. Allowed unused vars must match /^_/u.  @typescript-eslint/no-unused-vars
4:36  Warning: 'ArrowUp' is defined but never used.  unused-imports/no-unused-imports
4:36  Warning: 'ArrowUp' is defined but never used. Allowed unused vars must match /^_/u.  @typescript-eslint/no-unused-vars
4:45  Warning: 'ArrowDown' is defined but never used.  unused-imports/no-unused-imports
4:45  Warning: 'ArrowDown' is defined but never used. Allowed unused vars must match /^_/u.  @typescript-eslint/no-unused-vars
4:56  Warning: 'Command' is defined but never used.  unused-imports/no-unused-imports
4:56  Warning: 'Command' is defined but never used. Allowed unused vars must match /^_/u.  @typescript-eslint/no-unused-vars
4:75  Warning: 'Trash2' is defined but never used.  unused-imports/no-unused-imports
4:75  Warning: 'Trash2' is defined but never used. Allowed unused vars must match /^_/u.  @typescript-eslint/no-unused-vars
4:83  Warning: 'ChevronDown' is defined but never used.  unused-imports/no-unused-imports
4:83  Warning: 'ChevronDown' is defined but never used. Allowed unused vars must match /^_/u.  @typescript-eslint/no-unused-vars
7:10  Warning: 'SearchPreview' is defined but never used.  unused-imports/no-unused-imports
7:10  Warning: 'SearchPreview' is defined but never used. Allowed unused vars must match /^_/u.  @typescript-eslint/no-unused-vars
8:10  Warning: 'useSearchHistory' is defined but never used.  unused-imports/no-unused-imports
8:10  Warning: 'useSearchHistory' is defined but never used. Allowed unused vars must match /^_/u.  @typescript-eslint/no-unused-vars
43:11  Warning: 'SearchResult' is defined but never used. Allowed unused vars must match /^_/u.  unused-imports/no-unused-vars
43:11  Warning: 'SearchResult' is defined but never used. Allowed unused vars must match /^_/u.  @typescript-eslint/no-unused-vars
199:12  Warning: 'processMenuSection' is defined but never used. Allowed unused vars must match /^_/u.  unused-imports/no-unused-vars
199:12  Warning: 'processMenuSection' is defined but never used. Allowed unused vars must match /^_/u.  @typescript-eslint/no-unused-vars
199:40  Warning: Unexpected any. Specify a different type.  @typescript-eslint/no-explicit-any
218:36  Warning: Unexpected any. Specify a different type.  @typescript-eslint/no-explicit-any
422:3  Warning: Unexpected console statement.  no-console
423:3  Warning: Unexpected console statement.  no-console
430:9  Warning: 'sectionMatch' is assigned a value but never used. Allowed unused vars must match /^_/u.  unused-imports/no-unused-vars
430:9  Warning: 'sectionMatch' is assigned a value but never used. Allowed unused vars must match /^_/u.  @typescript-eslint/no-unused-vars
532:10  Warning: 'createEnhancedSnippet' is defined but never used. Allowed unused vars must match /^_/u.  unused-imports/no-unused-vars
532:10  Warning: 'createEnhancedSnippet' is defined but never used. Allowed unused vars must match /^_/u.  @typescript-eslint/no-unused-vars
579:10  Warning: 'highlightText' is defined but never used. Allowed unused vars must match /^_/u.  unused-imports/no-unused-vars
579:10  Warning: 'highlightText' is defined but never used. Allowed unused vars must match /^_/u.  @typescript-eslint/no-unused-vars
598:9  Warning: 'locale' is assigned a value but never used. Allowed unused vars must match /^_/u.  unused-imports/no-unused-vars
598:9  Warning: 'locale' is assigned a value but never used. Allowed unused vars must match /^_/u.  @typescript-eslint/no-unused-vars
601:9  Warning: 'menuData' is assigned a value but never used. Allowed unused vars must match /^_/u.  unused-imports/no-unused-vars
601:9  Warning: 'menuData' is assigned a value but never used. Allowed unused vars must match /^_/u.  @typescript-eslint/no-unused-vars
708:7  Warning: Unexpected console statement.  no-console
709:17  Warning: Unexpected any. Specify a different type.  @typescript-eslint/no-explicit-any
749:9  Warning: Unexpected confirm.  no-alert
806:6  Warning: React Hook useCallback has missing dependencies: 'codeTerms', 'imageTerms', 'popularQueries', and 'relatedTopics'. Either include them or remove the dependency array.  react-hooks/exhaustive-deps
930:5  Warning: Unexpected console statement.  no-console
932:5  Warning: Unexpected console statement.  no-console
937:6  Warning: React Hook useCallback has a missing dependency: 'saveSearchHistory'. Either include it or remove the dependency array.  react-hooks/exhaustive-deps
1043:9  Warning: 'handleHistoryClick' is assigned a value but never used. Allowed unused vars must match /^_/u.  unused-imports/no-unused-vars
1043:9  Warning: 'handleHistoryClick' is assigned a value but never used. Allowed unused vars must match /^_/u.  @typescript-eslint/no-unused-vars
1055:9  Warning: 'handleTagClick' is assigned a value but never used. Allowed unused vars must match /^_/u.  unused-imports/no-unused-vars
1055:9  Warning: 'handleTagClick' is assigned a value but never used. Allowed unused vars must match /^_/u.  @typescript-eslint/no-unused-vars
1077:9  Warning: 'handleResultClick' is assigned a value but never used. Allowed unused vars must match /^_/u.  unused-imports/no-unused-vars
1077:9  Warning: 'handleResultClick' is assigned a value but never used. Allowed unused vars must match /^_/u.  @typescript-eslint/no-unused-vars
1082:9  Warning: 'allTags' is assigned a value but never used. Allowed unused vars must match /^_/u.  unused-imports/no-unused-vars
1082:9  Warning: 'allTags' is assigned a value but never used. Allowed unused vars must match /^_/u.  @typescript-eslint/no-unused-vars

./components/search/LocalSearch.tsx
4:21  Warning: 'Tag' is defined but never used.  unused-imports/no-unused-imports
4:21  Warning: 'Tag' is defined but never used. Allowed unused vars must match /^_/u.  @typescript-eslint/no-unused-vars
4:36  Warning: 'ArrowUp' is defined but never used.  unused-imports/no-unused-imports
4:36  Warning: 'ArrowUp' is defined but never used. Allowed unused vars must match /^_/u.  @typescript-eslint/no-unused-vars
4:45  Warning: 'ArrowDown' is defined but never used.  unused-imports/no-unused-imports
4:45  Warning: 'ArrowDown' is defined but never used. Allowed unused vars must match /^_/u.  @typescript-eslint/no-unused-vars
4:56  Warning: 'Command' is defined but never used.  unused-imports/no-unused-imports
4:56  Warning: 'Command' is defined but never used. Allowed unused vars must match /^_/u.  @typescript-eslint/no-unused-vars
4:75  Warning: 'Trash2' is defined but never used.  unused-imports/no-unused-imports
4:75  Warning: 'Trash2' is defined but never used. Allowed unused vars must match /^_/u.  @typescript-eslint/no-unused-vars
4:83  Warning: 'ChevronDown' is defined but never used.  unused-imports/no-unused-imports
4:83  Warning: 'ChevronDown' is defined but never used. Allowed unused vars must match /^_/u.  @typescript-eslint/no-unused-vars
7:10  Warning: 'SearchPreview' is defined but never used.  unused-imports/no-unused-imports
7:10  Warning: 'SearchPreview' is defined but never used. Allowed unused vars must match /^_/u.  @typescript-eslint/no-unused-vars
8:10  Warning: 'useSearchHistory' is defined but never used.  unused-imports/no-unused-imports
8:10  Warning: 'useSearchHistory' is defined but never used. Allowed unused vars must match /^_/u.  @typescript-eslint/no-unused-vars
43:11  Warning: 'SearchResult' is defined but never used. Allowed unused vars must match /^_/u.  unused-imports/no-unused-vars
43:11  Warning: 'SearchResult' is defined but never used. Allowed unused vars must match /^_/u.  @typescript-eslint/no-unused-vars
199:12  Warning: 'processMenuSection' is defined but never used. Allowed unused vars must match /^_/u.  unused-imports/no-unused-vars
199:12  Warning: 'processMenuSection' is defined but never used. Allowed unused vars must match /^_/u.  @typescript-eslint/no-unused-vars
199:40  Warning: Unexpected any. Specify a different type.  @typescript-eslint/no-explicit-any
218:36  Warning: Unexpected any. Specify a different type.  @typescript-eslint/no-explicit-any
422:3  Warning: Unexpected console statement.  no-console
423:3  Warning: Unexpected console statement.  no-console
430:9  Warning: 'sectionMatch' is assigned a value but never used. Allowed unused vars must match /^_/u.  unused-imports/no-unused-vars
430:9  Warning: 'sectionMatch' is assigned a value but never used. Allowed unused vars must match /^_/u.  @typescript-eslint/no-unused-vars
532:10  Warning: 'createEnhancedSnippet' is defined but never used. Allowed unused vars must match /^_/u.  unused-imports/no-unused-vars
532:10  Warning: 'createEnhancedSnippet' is defined but never used. Allowed unused vars must match /^_/u.  @typescript-eslint/no-unused-vars
579:10  Warning: 'highlightText' is defined but never used. Allowed unused vars must match /^_/u.  unused-imports/no-unused-vars
579:10  Warning: 'highlightText' is defined but never used. Allowed unused vars must match /^_/u.  @typescript-eslint/no-unused-vars
598:9  Warning: 'menuData' is assigned a value but never used. Allowed unused vars must match /^_/u.  unused-imports/no-unused-vars
598:9  Warning: 'menuData' is assigned a value but never used. Allowed unused vars must match /^_/u.  @typescript-eslint/no-unused-vars
705:7  Warning: Unexpected console statement.  no-console
706:17  Warning: Unexpected any. Specify a different type.  @typescript-eslint/no-explicit-any
746:9  Warning: Unexpected confirm.  no-alert
803:6  Warning: React Hook useCallback has missing dependencies: 'codeTerms', 'imageTerms', 'popularQueries', and 'relatedTopics'. Either include them or remove the dependency array.  react-hooks/exhaustive-deps
927:5  Warning: Unexpected console statement.  no-console
929:5  Warning: Unexpected console statement.  no-console
934:6  Warning: React Hook useCallback has a missing dependency: 'saveSearchHistory'. Either include it or remove the dependency array.  react-hooks/exhaustive-deps
1040:9  Warning: 'handleHistoryClick' is assigned a value but never used. Allowed unused vars must match /^_/u.  unused-imports/no-unused-vars
1040:9  Warning: 'handleHistoryClick' is assigned a value but never used. Allowed unused vars must match /^_/u.  @typescript-eslint/no-unused-vars
1052:9  Warning: 'handleTagClick' is assigned a value but never used. Allowed unused vars must match /^_/u.  unused-imports/no-unused-vars
1052:9  Warning: 'handleTagClick' is assigned a value but never used. Allowed unused vars must match /^_/u.  @typescript-eslint/no-unused-vars
1074:9  Warning: 'handleResultClick' is assigned a value but never used. Allowed unused vars must match /^_/u.  unused-imports/no-unused-vars
1074:9  Warning: 'handleResultClick' is assigned a value but never used. Allowed unused vars must match /^_/u.  @typescript-eslint/no-unused-vars
1079:9  Warning: 'allTags' is assigned a value but never used. Allowed unused vars must match /^_/u.  unused-imports/no-unused-vars
1079:9  Warning: 'allTags' is assigned a value but never used. Allowed unused vars must match /^_/u.  @typescript-eslint/no-unused-vars

./components/search/SearchPreview.tsx
87:9  Warning: 'copyCodeToClipboard' is assigned a value but never used. Allowed unused vars must match /^_/u.  unused-imports/no-unused-vars
87:9  Warning: 'copyCodeToClipboard' is assigned a value but never used. Allowed unused vars must match /^_/u.  @typescript-eslint/no-unused-vars

./components/seo/core-web-vitals-dashboard.tsx
47:56  Warning: Unexpected any. Specify a different type.  @typescript-eslint/no-explicit-any
56:31  Warning: Unexpected any. Specify a different type.  @typescript-eslint/no-explicit-any
67:38  Warning: Unexpected any. Specify a different type.  @typescript-eslint/no-explicit-any
79:31  Warning: Unexpected any. Specify a different type.  @typescript-eslint/no-explicit-any

./components/seo/erg-product-schema.tsx
16:3  Warning: 'priceChange24h' is assigned a value but never used. Allowed unused args must match /^_/u.  unused-imports/no-unused-vars
16:3  Warning: 'priceChange24h' is assigned a value but never used. Allowed unused args must match /^_/u.  @typescript-eslint/no-unused-vars

./components/seo/page-metadata.tsx
11:16  Warning: Unexpected any. Specify a different type.  @typescript-eslint/no-explicit-any
65:3  Warning: 'title' is defined but never used. Allowed unused args must match /^_/u.  unused-imports/no-unused-vars
65:3  Warning: 'title' is defined but never used. Allowed unused args must match /^_/u.  @typescript-eslint/no-unused-vars
66:3  Warning: 'description' is defined but never used. Allowed unused args must match /^_/u.  unused-imports/no-unused-vars
66:3  Warning: 'description' is defined but never used. Allowed unused args must match /^_/u.  @typescript-eslint/no-unused-vars
67:3  Warning: 'keywords' is defined but never used. Allowed unused args must match /^_/u.  unused-imports/no-unused-vars
67:3  Warning: 'keywords' is defined but never used. Allowed unused args must match /^_/u.  @typescript-eslint/no-unused-vars
68:3  Warning: 'image' is defined but never used. Allowed unused args must match /^_/u.  unused-imports/no-unused-vars
68:3  Warning: 'image' is defined but never used. Allowed unused args must match /^_/u.  @typescript-eslint/no-unused-vars
69:3  Warning: 'type' is defined but never used. Allowed unused args must match /^_/u.  unused-imports/no-unused-vars
69:3  Warning: 'type' is defined but never used. Allowed unused args must match /^_/u.  @typescript-eslint/no-unused-vars

./components/seo/performance-optimizer.tsx
9:22  Warning: Unexpected any. Specify a different type.  @typescript-eslint/no-explicit-any
139:56  Warning: Unexpected any. Specify a different type.  @typescript-eslint/no-explicit-any
163:31  Warning: Unexpected any. Specify a different type.  @typescript-eslint/no-explicit-any
183:23  Warning: Unexpected any. Specify a different type.  @typescript-eslint/no-explicit-any
187:38  Warning: Unexpected any. Specify a different type.  @typescript-eslint/no-explicit-any
237:41  Warning: Unexpected any. Specify a different type.  @typescript-eslint/no-explicit-any

./components/seo/schema-org.tsx
55:29  Warning: 'type' is defined but never used. Allowed unused args must match /^_/u.  unused-imports/no-unused-vars
55:29  Warning: 'type' is defined but never used. Allowed unused args must match /^_/u.  @typescript-eslint/no-unused-vars

./components/seo/speakable-schema.tsx
12:3  Warning: 'summary' is defined but never used. Allowed unused args must match /^_/u.  unused-imports/no-unused-vars
12:3  Warning: 'summary' is defined but never used. Allowed unused args must match /^_/u.  @typescript-eslint/no-unused-vars

./components/seo/structured-data.tsx
4:24  Warning: Unexpected any. Specify a different type.  @typescript-eslint/no-explicit-any

./components/ui/use-card.tsx
118:3  Warning: 'children' is defined but never used. Allowed unused args must match /^_/u.  unused-imports/no-unused-vars
118:3  Warning: 'children' is defined but never used. Allowed unused args must match /^_/u.  @typescript-eslint/no-unused-vars

./components/ui-kit/live-playground-localized.tsx
8:10  Warning: 'Tabs' is defined but never used.  unused-imports/no-unused-imports
8:10  Warning: 'Tabs' is defined but never used. Allowed unused vars must match /^_/u.  @typescript-eslint/no-unused-vars
8:16  Warning: 'TabsContent' is defined but never used.  unused-imports/no-unused-imports
8:16  Warning: 'TabsContent' is defined but never used. Allowed unused vars must match /^_/u.  @typescript-eslint/no-unused-vars
8:29  Warning: 'TabsList' is defined but never used.  unused-imports/no-unused-imports
8:29  Warning: 'TabsList' is defined but never used. Allowed unused vars must match /^_/u.  @typescript-eslint/no-unused-vars
8:39  Warning: 'TabsTrigger' is defined but never used.  unused-imports/no-unused-imports
8:39  Warning: 'TabsTrigger' is defined but never used. Allowed unused vars must match /^_/u.  @typescript-eslint/no-unused-vars
99:14  Warning: 'err' is defined but never used.  unused-imports/no-unused-vars
99:14  Warning: 'err' is defined but never used.  @typescript-eslint/no-unused-vars
145:43  Warning: Unexpected any. Specify a different type.  @typescript-eslint/no-explicit-any
156:48  Warning: Unexpected any. Specify a different type.  @typescript-eslint/no-explicit-any
259:54  Warning: Unexpected any. Specify a different type.  @typescript-eslint/no-explicit-any
261:5  Warning: Unexpected console statement.  no-console

./components/ui-kit/live-playground.tsx
8:10  Warning: 'Tabs' is defined but never used.  unused-imports/no-unused-imports
8:10  Warning: 'Tabs' is defined but never used. Allowed unused vars must match /^_/u.  @typescript-eslint/no-unused-vars
8:16  Warning: 'TabsContent' is defined but never used.  unused-imports/no-unused-imports
8:16  Warning: 'TabsContent' is defined but never used. Allowed unused vars must match /^_/u.  @typescript-eslint/no-unused-vars
8:29  Warning: 'TabsList' is defined but never used.  unused-imports/no-unused-imports
8:29  Warning: 'TabsList' is defined but never used. Allowed unused vars must match /^_/u.  @typescript-eslint/no-unused-vars
8:39  Warning: 'TabsTrigger' is defined but never used.  unused-imports/no-unused-imports
8:39  Warning: 'TabsTrigger' is defined but never used. Allowed unused vars must match /^_/u.  @typescript-eslint/no-unused-vars
97:14  Warning: 'err' is defined but never used.  unused-imports/no-unused-vars
97:14  Warning: 'err' is defined but never used.  @typescript-eslint/no-unused-vars
143:43  Warning: Unexpected any. Specify a different type.  @typescript-eslint/no-explicit-any
153:48  Warning: Unexpected any. Specify a different type.  @typescript-eslint/no-explicit-any
249:54  Warning: Unexpected any. Specify a different type.  @typescript-eslint/no-explicit-any
251:5  Warning: Unexpected console statement.  no-console

./components/ui-kit/patterns.tsx
96:3  Warning: 'isInitialized' is assigned a value but never used. Allowed unused args must match /^_/u.  unused-imports/no-unused-vars
96:3  Warning: 'isInitialized' is assigned a value but never used. Allowed unused args must match /^_/u.  @typescript-eslint/no-unused-vars
160:3  Warning: 'isInitialized' is assigned a value but never used. Allowed unused args must match /^_/u.  unused-imports/no-unused-vars
160:3  Warning: 'isInitialized' is assigned a value but never used. Allowed unused args must match /^_/u.  @typescript-eslint/no-unused-vars

./components/ui-kit/signature-effects.tsx
203:25  Warning: 'i' is defined but never used. Allowed unused args must match /^_/u.  unused-imports/no-unused-vars
203:25  Warning: 'i' is defined but never used. Allowed unused args must match /^_/u.  @typescript-eslint/no-unused-vars
529:6  Warning: React Hook useEffect has a missing dependency: 'manifestos'. Either include it or remove the dependency array.  react-hooks/exhaustive-deps

./components/use-cases/use-case-card.tsx
4:8  Warning: 'Image' is defined but never used.  unused-imports/no-unused-imports
4:8  Warning: 'Image' is defined but never used. Allowed unused vars must match /^_/u.  @typescript-eslint/no-unused-vars

./lib/ai-internal-linking.ts
46:31  Warning: Unexpected any. Specify a different type.  @typescript-eslint/no-explicit-any
290:57  Warning: 'args' is defined but never used. Allowed unused args must match /^_/u.  unused-imports/no-unused-vars
290:57  Warning: 'args' is defined but never used. Allowed unused args must match /^_/u.  @typescript-eslint/no-unused-vars

./lib/algolia-config.ts
155:44  Warning: Unexpected any. Specify a different type.  @typescript-eslint/no-explicit-any
155:52  Warning: Unexpected any. Specify a different type.  @typescript-eslint/no-explicit-any
156:16  Warning: Unexpected any. Specify a different type.  @typescript-eslint/no-explicit-any
158:34  Warning: Unexpected any. Specify a different type.  @typescript-eslint/no-explicit-any
176:37  Warning: Unexpected any. Specify a different type.  @typescript-eslint/no-explicit-any

./lib/architecture-monitor.ts
6:10  Warning: 'URL_CONFIG' is defined but never used.  unused-imports/no-unused-imports
6:10  Warning: 'URL_CONFIG' is defined but never used. Allowed unused vars must match /^_/u.  @typescript-eslint/no-unused-vars
6:22  Warning: 'URL_PATTERNS' is defined but never used.  unused-imports/no-unused-imports
6:22  Warning: 'URL_PATTERNS' is defined but never used. Allowed unused vars must match /^_/u.  @typescript-eslint/no-unused-vars
6:36  Warning: 'URL_REDIRECTS' is defined but never used.  unused-imports/no-unused-imports
6:36  Warning: 'URL_REDIRECTS' is defined but never used. Allowed unused vars must match /^_/u.  @typescript-eslint/no-unused-vars
299:1  Warning: Assign object to a variable before exporting as module default  import/no-anonymous-default-export

./lib/cdn-config.ts
107:1  Warning: Assign object to a variable before exporting as module default  import/no-anonymous-default-export

./lib/design-tokens.ts
188:41  Warning: Unexpected any. Specify a different type.  @typescript-eslint/no-explicit-any
189:39  Warning: Unexpected any. Specify a different type.  @typescript-eslint/no-explicit-any

./lib/docs-search-index.ts
32:10  Warning: 'extractContentFromMarkdown' is defined but never used. Allowed unused vars must match /^_/u.  unused-imports/no-unused-vars
32:10  Warning: 'extractContentFromMarkdown' is defined but never used. Allowed unused vars must match /^_/u.  @typescript-eslint/no-unused-vars
154:24  Warning: Unexpected any. Specify a different type.  @typescript-eslint/no-explicit-any
169:15  Warning: 'fullText' is assigned a value but never used. Allowed unused vars must match /^_/u.  unused-imports/no-unused-vars
169:15  Warning: 'fullText' is assigned a value but never used. Allowed unused vars must match /^_/u.  @typescript-eslint/no-unused-vars

./lib/entity-knowledge-graph.ts
176:21  Warning: Unexpected any. Specify a different type.  @typescript-eslint/no-explicit-any
316:32  Warning: Unexpected any. Specify a different type.  @typescript-eslint/no-explicit-any
338:79  Warning: Unexpected any. Specify a different type.  @typescript-eslint/no-explicit-any
392:1  Warning: Assign object to a variable before exporting as module default  import/no-anonymous-default-export

./lib/featured-snippets-optimizer.ts
4:11  Warning: 'SnippetOptimization' is defined but never used. Allowed unused vars must match /^_/u.  unused-imports/no-unused-vars
4:11  Warning: 'SnippetOptimization' is defined but never used. Allowed unused vars must match /^_/u.  @typescript-eslint/no-unused-vars
7:15  Warning: Unexpected any. Specify a different type.  @typescript-eslint/no-explicit-any
163:12  Warning: Unexpected any. Specify a different type.  @typescript-eslint/no-explicit-any
254:17  Warning: Unexpected any. Specify a different type.  @typescript-eslint/no-explicit-any
324:22  Warning: 'index' is defined but never used. Allowed unused args must match /^_/u.  unused-imports/no-unused-vars
324:22  Warning: 'index' is defined but never used. Allowed unused args must match /^_/u.  @typescript-eslint/no-unused-vars
437:1  Warning: Assign object to a variable before exporting as module default  import/no-anonymous-default-export

./lib/i18n-seo.ts
75:57  Warning: 'currentLocale' is defined but never used. Allowed unused args must match /^_/u.  unused-imports/no-unused-vars
75:57  Warning: 'currentLocale' is defined but never used. Allowed unused args must match /^_/u.  @typescript-eslint/no-unused-vars

./lib/icu-helpers.ts
41:9  Warning: 'rules' is assigned a value but never used. Allowed unused vars must match /^_/u.  unused-imports/no-unused-vars
41:9  Warning: 'rules' is assigned a value but never used. Allowed unused vars must match /^_/u.  @typescript-eslint/no-unused-vars

./lib/logger.ts
9:18  Warning: Unexpected any. Specify a different type.  @typescript-eslint/no-explicit-any
11:7  Warning: Unexpected console statement.  no-console
15:20  Warning: Unexpected any. Specify a different type.  @typescript-eslint/no-explicit-any
21:19  Warning: Unexpected any. Specify a different type.  @typescript-eslint/no-explicit-any
27:20  Warning: Unexpected any. Specify a different type.  @typescript-eslint/no-explicit-any
29:7  Warning: Unexpected console statement.  no-console
33:19  Warning: Unexpected any. Specify a different type.  @typescript-eslint/no-explicit-any
43:7  Warning: Unexpected console statement.  no-console
48:47  Warning: Unexpected any. Specify a different type.  @typescript-eslint/no-explicit-any
50:7  Warning: Unexpected console statement.  no-console

./lib/messages.ts
23:43  Warning: Unexpected any. Specify a different type.  @typescript-eslint/no-explicit-any

./lib/newsletter-analytics.ts
109:7  Warning: Unexpected console statement.  no-console
147:22  Warning: Unexpected any. Specify a different type.  @typescript-eslint/no-explicit-any

./lib/pagination-seo.ts
76:70  Warning: Unexpected any. Specify a different type.  @typescript-eslint/no-explicit-any
125:1  Warning: Assign object to a variable before exporting as module default  import/no-anonymous-default-export

./lib/rate-limiter.ts
92:20  Warning: 'remaining' is assigned a value but never used. Allowed unused vars must match /^_/u.  unused-imports/no-unused-vars
92:20  Warning: 'remaining' is assigned a value but never used. Allowed unused vars must match /^_/u.  @typescript-eslint/no-unused-vars

./lib/schema-factory.ts
58:54  Warning: Unexpected any. Specify a different type.  @typescript-eslint/no-explicit-any
59:20  Warning: Unexpected any. Specify a different type.  @typescript-eslint/no-explicit-any
306:51  Warning: Unexpected any. Specify a different type.  @typescript-eslint/no-explicit-any
321:45  Warning: Unexpected any. Specify a different type.  @typescript-eslint/no-explicit-any
327:56  Warning: Unexpected any. Specify a different type.  @typescript-eslint/no-explicit-any
364:52  Warning: Unexpected any. Specify a different type.  @typescript-eslint/no-explicit-any

./lib/schema-ultimate.ts
494:64  Warning: Unexpected any. Specify a different type.  @typescript-eslint/no-explicit-any

./lib/seo-monitoring.ts
61:22  Warning: Unexpected any. Specify a different type.  @typescript-eslint/no-explicit-any
62:20  Warning: Unexpected any. Specify a different type.  @typescript-eslint/no-explicit-any
83:36  Warning: Unexpected any. Specify a different type.  @typescript-eslint/no-explicit-any
89:20  Warning: Unexpected any. Specify a different type.  @typescript-eslint/no-explicit-any
90:18  Warning: Unexpected any. Specify a different type.  @typescript-eslint/no-explicit-any
106:35  Warning: Unexpected any. Specify a different type.  @typescript-eslint/no-explicit-any
109:22  Warning: Unexpected any. Specify a different type.  @typescript-eslint/no-explicit-any
110:20  Warning: Unexpected any. Specify a different type.  @typescript-eslint/no-explicit-any
125:20  Warning: Unexpected any. Specify a different type.  @typescript-eslint/no-explicit-any
126:18  Warning: Unexpected any. Specify a different type.  @typescript-eslint/no-explicit-any
137:20  Warning: Unexpected any. Specify a different type.  @typescript-eslint/no-explicit-any
138:18  Warning: Unexpected any. Specify a different type.  @typescript-eslint/no-explicit-any
150:20  Warning: Unexpected any. Specify a different type.  @typescript-eslint/no-explicit-any
151:18  Warning: Unexpected any. Specify a different type.  @typescript-eslint/no-explicit-any
163:20  Warning: Unexpected any. Specify a different type.  @typescript-eslint/no-explicit-any
164:18  Warning: Unexpected any. Specify a different type.  @typescript-eslint/no-explicit-any
175:20  Warning: Unexpected any. Specify a different type.  @typescript-eslint/no-explicit-any
176:18  Warning: Unexpected any. Specify a different type.  @typescript-eslint/no-explicit-any
260:39  Warning: 'url' is defined but never used. Allowed unused args must match /^_/u.  unused-imports/no-unused-vars
260:39  Warning: 'url' is defined but never used. Allowed unused args must match /^_/u.  @typescript-eslint/no-unused-vars

./lib/seo-utils.ts
100:21  Warning: Unexpected any. Specify a different type.  @typescript-eslint/no-explicit-any
222:1  Warning: Assign object to a variable before exporting as module default  import/no-anonymous-default-export

./lib/server-timing.ts
79:42  Warning: Unexpected any. Specify a different type.  @typescript-eslint/no-explicit-any
86:42  Warning: Unexpected any. Specify a different type.  @typescript-eslint/no-explicit-any
91:42  Warning: Unexpected any. Specify a different type.  @typescript-eslint/no-explicit-any

./lib/theme-system.ts
161:6  Warning: React Hook React.useEffect has a missing dependency: 'setTheme'. Either include it or remove the dependency array.  react-hooks/exhaustive-deps

./lib/url-architecture-v2.ts
250:19  Warning: Unexpected any. Specify a different type.  @typescript-eslint/no-explicit-any

./lib/url-manager.ts
294:5  Warning: Unexpected console statement.  no-console
306:1  Warning: Assign object to a variable before exporting as module default  import/no-anonymous-default-export

./lib/url-normalizer-middleware.ts
9:9  Warning: 'fullPath' is assigned a value but never used. Allowed unused vars must match /^_/u.  unused-imports/no-unused-vars
9:9  Warning: 'fullPath' is assigned a value but never used. Allowed unused vars must match /^_/u.  @typescript-eslint/no-unused-vars

info  - Need to disable some ESLint rules? Learn more here: https://nextjs.org/docs/app/api-reference/config/eslint#disabling-rules
